data: T lin=0.060 ang=0.000 hcw=0.000 hce=0.0 gyr=-0.00015 gyz=0.000 Lpwm=17 Rpwm=17 Lrpm=0 Rrpm=0 Ltrpm=4.2 Rtrpm=4.2 Lpi=0.00 Rpi=0....
---
data: T lin=0.060 ang=0.000 hcw=0.000 hce=0.0 gyr=-0.00032 gyz=0.000 Lpwm=17 Rpwm=17 Lrpm=0 Rrpm=0 Ltrpm=4.2 Rtrpm=4.2 Lpi=0.00 Rpi=0....
---
data: T lin=0.060 ang=0.000 hcw=0.000 hce=0.0 gyr=-0.00043 gyz=0.000 Lpwm=17 Rpwm=17 Lrpm=0 Rrpm=0 Ltrpm=4.2 Rtrpm=4.2 Lpi=0.00 Rpi=0....
---
data: T lin=0.060 ang=0.000 hcw=0.000 hce=0.0 gyr=-0.00233 gyz=0.000 Lpwm=17 Rpwm=17 Lrpm=0 Rrpm=0 Ltrpm=4.2 Rtrpm=4.2 Lpi=0.00 Rpi=0....
---
data: T lin=0.060 ang=0.000 hcw=0.000 hce=0.0 gyr=-0.00715 gyz=0.000 Lpwm=17 Rpwm=17 Lrpm=0 Rrpm=0 Ltrpm=4.2 Rtrpm=4.2 Lpi=0.00 Rpi=0....
---
data: T lin=0.060 ang=0.000 hcw=0.008 hce=0.0 gyr=-0.05165 gyz=-0.025 Lpwm=17 Rpwm=17 Lrpm=0 Rrpm=0 Ltrpm=4.5 Rtrpm=4.0 Lpi=0.00 Rpi=0...
---
data: T lin=0.060 ang=0.000 hcw=0.013 hce=0.0 gyr=-0.04721 gyz=-0.043 Lpwm=17 Rpwm=17 Lrpm=0 Rrpm=0 Ltrpm=4.6 Rtrpm=3.9 Lpi=0.00 Rpi=0...
---
data: T lin=0.060 ang=0.000 hcw=0.009 hce=0.0 gyr=-0.01088 gyz=-0.029 Lpwm=17 Rpwm=17 Lrpm=0 Rrpm=0 Ltrpm=4.5 Rtrpm=4.0 Lpi=0.00 Rpi=0...
---
data: T lin=0.060 ang=0.000 hcw=0.003 hce=0.0 gyr=0.00089 gyz=-0.009 Lpwm=17 Rpwm=16 Lrpm=0 Rrpm=6 Ltrpm=4.3 Rtrpm=4.2 Lpi=0.00 Rpi=-1...
---
data: T lin=0.060 ang=0.000 hcw=0.000 hce=0.0 gyr=0.01064 gyz=0.000 Lpwm=10 Rpwm=0 Lrpm=8 Rrpm=8 Ltrpm=4.2 Rtrpm=4.2 Lpi=-2.08 Rpi=-1....
---
data: T lin=0.060 ang=0.000 hcw=-0.002 hce=0.0 gyr=-0.01076 gyz=0.007 Lpwm=0 Rpwm=0 Lrpm=9 Rrpm=8 Ltrpm=4.2 Rtrpm=4.3 Lpi=-2.42 Rpi=-2...
---
data: T lin=0.060 ang=0.000 hcw=-0.003 hce=0.0 gyr=0.02471 gyz=0.010 Lpwm=0 Rpwm=0 Lrpm=9 Rrpm=8 Ltrpm=4.2 Rtrpm=4.3 Lpi=-2.62 Rpi=-2....
---
data: T lin=0.060 ang=0.000 hcw=-0.006 hce=0.0 gyr=0.02181 gyz=0.021 Lpwm=10 Rpwm=10 Lrpm=8 Rrpm=8 Ltrpm=4.1 Rtrpm=4.4 Lpi=-2.28 Rpi=-...
---
data: T lin=0.060 ang=0.000 hcw=-0.004 hce=0.0 gyr=0.00403 gyz=0.013 Lpwm=0 Rpwm=10 Lrpm=8 Rrpm=7 Ltrpm=4.1 Rtrpm=4.4 Lpi=-2.00 Rpi=-1...
---
data: T lin=0.060 ang=0.000 hcw=-0.003 hce=0.0 gyr=0.02256 gyz=0.010 Lpwm=0 Rpwm=10 Lrpm=7 Rrpm=7 Ltrpm=4.2 Rtrpm=4.3 Lpi=-1.58 Rpi=-1...
---
data: T lin=0.060 ang=0.000 hcw=-0.006 hce=0.0 gyr=0.03352 gyz=0.019 Lpwm=0 Rpwm=0 Lrpm=6 Rrpm=6 Ltrpm=4.1 Rtrpm=4.4 Lpi=-1.35 Rpi=-1....
---
data: T lin=0.060 ang=0.000 hcw=-0.002 hce=0.0 gyr=-0.02085 gyz=0.006 Lpwm=10 Rpwm=10 Lrpm=6 Rrpm=6 Ltrpm=4.2 Rtrpm=4.3 Lpi=-1.12 Rpi=...
---
data: T lin=0.060 ang=0.000 hcw=-0.001 hce=0.0 gyr=0.01676 gyz=0.004 Lpwm=10 Rpwm=0 Lrpm=6 Rrpm=6 Ltrpm=4.2 Rtrpm=4.3 Lpi=-1.01 Rpi=-1...
---
data: T lin=0.060 ang=0.000 hcw=0.000 hce=0.0 gyr=-0.02903 gyz=0.000 Lpwm=10 Rpwm=0 Lrpm=6 Rrpm=6 Ltrpm=4.2 Rtrpm=4.2 Lpi=-0.91 Rpi=-1...
---
data: T lin=0.060 ang=0.000 hcw=0.000 hce=0.0 gyr=0.00400 gyz=0.000 Lpwm=10 Rpwm=10 Lrpm=5 Rrpm=0 Ltrpm=4.2 Rtrpm=4.2 Lpi=-0.87 Rpi=0....
---
data: T lin=0.000 ang=0.000 Lpwm=0 Rpwm=0 Lrpm=0 Rrpm=0 Ld=F Rd=F LmA=0.00 RmA=0.00
---
