data: T lin=0.060 ang=0.000 hcw=0.000 hce=0.0 gyr=0.00018 gyz=0.000 Lpwm=17 Rpwm=17 Lrpm=0 Rrpm=0 Ltrpm=4.2 Rtrpm=4.2 Lpi=0.00 Rpi=0.0...
---
data: T lin=0.060 ang=0.000 hcw=0.000 hce=0.0 gyr=-0.00013 gyz=0.000 Lpwm=17 Rpwm=17 Lrpm=0 Rrpm=0 Ltrpm=4.2 Rtrpm=4.2 Lpi=0.00 Rpi=0....
---
data: T lin=0.060 ang=0.000 hcw=0.000 hce=0.0 gyr=0.00023 gyz=0.000 Lpwm=17 Rpwm=17 Lrpm=0 Rrpm=0 Ltrpm=4.2 Rtrpm=4.2 Lpi=0.00 Rpi=0.0...
---
data: T lin=0.060 ang=0.000 hcw=0.000 hce=0.0 gyr=-0.00054 gyz=0.000 Lpwm=17 Rpwm=17 Lrpm=0 Rrpm=0 Ltrpm=4.2 Rtrpm=4.2 Lpi=0.00 Rpi=0....
---
data: T lin=0.060 ang=0.000 hcw=0.000 hce=0.0 gyr=-0.00507 gyz=0.000 Lpwm=17 Rpwm=17 Lrpm=0 Rrpm=0 Ltrpm=4.2 Rtrpm=4.2 Lpi=0.00 Rpi=0....
---
data: T lin=0.060 ang=0.000 hcw=0.000 hce=0.0 gyr=-0.03890 gyz=-0.023 Lpwm=17 Rpwm=17 Lrpm=0 Rrpm=0 Ltrpm=4.2 Rtrpm=4.2 Lpi=0.00 Rpi=0...
---
data: T lin=0.060 ang=0.000 hcw=0.000 hce=0.0 gyr=-0.04807 gyz=-0.037 Lpwm=17 Rpwm=17 Lrpm=0 Rrpm=0 Ltrpm=4.2 Rtrpm=4.2 Lpi=0.00 Rpi=0...
---
data: T lin=0.060 ang=0.000 hcw=0.000 hce=0.0 gyr=-0.07461 gyz=-0.056 Lpwm=17 Rpwm=17 Lrpm=0 Rrpm=0 Ltrpm=4.2 Rtrpm=4.2 Lpi=0.00 Rpi=0...
---
data: T lin=0.060 ang=0.000 hcw=0.000 hce=0.0 gyr=-0.10767 gyz=-0.081 Lpwm=17 Rpwm=16 Lrpm=0 Rrpm=6 Ltrpm=4.2 Rtrpm=4.2 Lpi=0.00 Rpi=-...
---
data: T lin=0.060 ang=0.000 hcw=0.000 hce=0.0 gyr=-0.12374 gyz=-0.106 Lpwm=10 Rpwm=10 Lrpm=4 Rrpm=6 Ltrpm=4.2 Rtrpm=4.2 Lpi=-0.19 Rpi=...
---
data: T lin=0.060 ang=0.000 hcw=0.000 hce=0.0 gyr=-0.14882 gyz=-0.128 Lpwm=10 Rpwm=0 Lrpm=4 Rrpm=7 Ltrpm=4.2 Rtrpm=4.2 Lpi=-0.19 Rpi=-...
---
data: T lin=0.060 ang=0.000 hcw=0.000 hce=0.0 gyr=-0.12719 gyz=-0.128 Lpwm=10 Rpwm=0 Lrpm=5 Rrpm=8 Ltrpm=4.2 Rtrpm=4.2 Lpi=-0.54 Rpi=-...
---
data: T lin=0.060 ang=0.000 hcw=0.000 hce=0.0 gyr=-0.10581 gyz=-0.114 Lpwm=10 Rpwm=0 Lrpm=5 Rrpm=8 Ltrpm=4.2 Rtrpm=4.2 Lpi=-0.77 Rpi=-...
---
data: T lin=0.060 ang=0.000 hcw=0.000 hce=0.0 gyr=-0.05163 gyz=-0.085 Lpwm=0 Rpwm=10 Lrpm=6 Rrpm=8 Ltrpm=4.2 Rtrpm=4.2 Lpi=-0.92 Rpi=-...
---
data: T lin=0.060 ang=0.000 hcw=0.000 hce=0.0 gyr=-0.06796 gyz=-0.071 Lpwm=0 Rpwm=10 Lrpm=6 Rrpm=7 Ltrpm=4.2 Rtrpm=4.2 Lpi=-1.02 Rpi=-...
---
data: T lin=0.060 ang=0.000 hcw=0.000 hce=0.0 gyr=-0.05189 gyz=-0.065 Lpwm=0 Rpwm=10 Lrpm=5 Rrpm=7 Ltrpm=4.2 Rtrpm=4.2 Lpi=-0.46 Rpi=-...
---
data: T lin=0.060 ang=0.000 hcw=0.000 hce=0.0 gyr=-0.02651 gyz=-0.043 Lpwm=0 Rpwm=10 Lrpm=4 Rrpm=6 Ltrpm=4.2 Rtrpm=4.2 Lpi=-0.10 Rpi=-...
---
data: T lin=0.060 ang=0.000 hcw=0.000 hce=0.0 gyr=-0.00721 gyz=-0.026 Lpwm=0 Rpwm=10 Lrpm=3 Rrpm=5 Ltrpm=4.2 Rtrpm=4.2 Lpi=0.13 Rpi=-0...
---
data: T lin=0.060 ang=0.000 hcw=0.000 hce=0.0 gyr=-0.00320 gyz=-0.015 Lpwm=10 Rpwm=10 Lrpm=3 Rrpm=4 Ltrpm=4.2 Rtrpm=4.2 Lpi=0.29 Rpi=-...
---
data: T lin=0.060 ang=0.000 hcw=0.000 hce=0.0 gyr=0.00013 gyz=0.000 Lpwm=10 Rpwm=10 Lrpm=3 Rrpm=4 Ltrpm=4.2 Rtrpm=4.2 Lpi=0.39 Rpi=-0....
---
data: T lin=0.000 ang=0.000 Lpwm=0 Rpwm=0 Lrpm=0 Rrpm=0 Ld=F Rd=F LmA=0.00 RmA=0.00
---
