data: T lin=0.060 ang=0.000 hcw=0.000 hce=0.0 gyr=-0.00049 gyz=0.000 Lpwm=17 Rpwm=17 Lrpm=0 Rrpm=0 Ltrpm=4.2 Rtrpm=4.2 Lpi=0.00 Rpi=0....
---
data: T lin=0.060 ang=0.000 hcw=0.000 hce=0.0 gyr=-0.00035 gyz=0.000 Lpwm=17 Rpwm=17 Lrpm=0 Rrpm=0 Ltrpm=4.2 Rtrpm=4.2 Lpi=0.00 Rpi=0....
---
data: T lin=0.060 ang=0.000 hcw=0.000 hce=0.0 gyr=0.00040 gyz=0.000 Lpwm=17 Rpwm=17 Lrpm=0 Rrpm=0 Ltrpm=4.2 Rtrpm=4.2 Lpi=0.00 Rpi=0.0...
---
data: T lin=0.060 ang=0.000 hcw=0.000 hce=0.0 gyr=0.00066 gyz=0.000 Lpwm=17 Rpwm=17 Lrpm=0 Rrpm=0 Ltrpm=4.2 Rtrpm=4.2 Lpi=0.00 Rpi=0.0...
---
data: T lin=0.060 ang=0.000 hcw=0.000 hce=0.0 gyr=0.00083 gyz=0.000 Lpwm=17 Rpwm=17 Lrpm=0 Rrpm=0 Ltrpm=4.2 Rtrpm=4.2 Lpi=0.00 Rpi=0.0...
---
data: T lin=0.060 ang=0.000 hcw=0.000 hce=0.0 gyr=-0.01275 gyz=-0.005 Lpwm=17 Rpwm=17 Lrpm=0 Rrpm=0 Ltrpm=4.2 Rtrpm=4.2 Lpi=0.00 Rpi=0...
---
data: T lin=0.060 ang=0.000 hcw=0.000 hce=0.0 gyr=-0.02042 gyz=-0.013 Lpwm=0 Rpwm=0 Lrpm=0 Rrpm=0 Ltrpm=4.2 Rtrpm=4.2 Lpi=0.00 Rpi=0.0...
---
data: T lin=0.060 ang=0.000 hcw=0.000 hce=0.0 gyr=-0.08123 gyz=-0.047 Lpwm=0 Rpwm=0 Lrpm=0 Rrpm=0 Ltrpm=4.2 Rtrpm=4.2 Lpi=0.00 Rpi=0.0...
---
data: T lin=0.000 ang=0.000 Lpwm=0 Rpwm=0 Lrpm=0 Rrpm=0 Ld=F Rd=F LmA=0.00 RmA=0.00
---
data: T lin=0.000 ang=0.000 Lpwm=0 Rpwm=0 Lrpm=0 Rrpm=0 Ld=F Rd=F LmA=0.00 RmA=0.00
---
