data: T lin=0.060 ang=0.000 hcw=0.000 hce=0.0 gyr=0.00006 gyz=0.000 Lpwm=17 Rpwm=17 Lrpm=0 Rrpm=0 Ltrpm=4.2 Rtrpm=4.2 Lpi=0.00 Rpi=0.0...
---
data: T lin=0.060 ang=0.000 hcw=0.000 hce=0.0 gyr=0.00034 gyz=0.000 Lpwm=17 Rpwm=17 Lrpm=0 Rrpm=0 Ltrpm=4.2 Rtrpm=4.2 Lpi=0.00 Rpi=0.0...
---
data: T lin=0.060 ang=0.000 hcw=0.000 hce=0.0 gyr=-0.00128 gyz=0.000 Lpwm=17 Rpwm=17 Lrpm=0 Rrpm=0 Ltrpm=4.2 Rtrpm=4.2 Lpi=0.00 Rpi=0....
---
data: T lin=0.060 ang=0.000 hcw=0.000 hce=0.0 gyr=-0.00106 gyz=0.000 Lpwm=17 Rpwm=17 Lrpm=0 Rrpm=0 Ltrpm=4.2 Rtrpm=4.2 Lpi=0.00 Rpi=0....
---
data: T lin=0.060 ang=0.000 hcw=0.000 hce=0.0 gyr=-0.00302 gyz=0.000 Lpwm=17 Rpwm=17 Lrpm=0 Rrpm=0 Ltrpm=4.2 Rtrpm=4.2 Lpi=0.00 Rpi=0....
---
data: T lin=0.060 ang=0.000 hcw=0.000 hce=0.0 gyr=-0.03695 gyz=-0.018 Lpwm=17 Rpwm=17 Lrpm=0 Rrpm=0 Ltrpm=4.2 Rtrpm=4.2 Lpi=0.00 Rpi=0...
---
data: T lin=0.060 ang=0.000 hcw=0.000 hce=0.0 gyr=-0.06650 gyz=-0.044 Lpwm=17 Rpwm=17 Lrpm=0 Rrpm=0 Ltrpm=4.2 Rtrpm=4.2 Lpi=0.00 Rpi=0...
---
data: T lin=0.060 ang=0.000 hcw=0.000 hce=0.0 gyr=-0.08803 gyz=-0.070 Lpwm=17 Rpwm=17 Lrpm=0 Rrpm=0 Ltrpm=4.2 Rtrpm=4.2 Lpi=0.00 Rpi=0...
---
data: T lin=0.000 ang=0.000 Lpwm=0 Rpwm=0 Lrpm=0 Rrpm=0 Ld=F Rd=F LmA=0.00 RmA=0.00
---
data: T lin=0.000 ang=0.000 Lpwm=0 Rpwm=0 Lrpm=0 Rrpm=0 Ld=F Rd=F LmA=0.00 RmA=0.00
---
