data: T lin=0.100 ang=0.000 hcw=0.000 hce=0.0 gyr=-0.00095 gyz=0.000 Lpwm=0 Rpwm=0 Lrpm=0 Rrpm=0 Ltrpm=7.1 Rtrpm=7.1 Lpi=0.00 Rpi=0.00...
---
data: T lin=0.100 ang=0.000 hcw=0.000 hce=0.0 gyr=-0.00127 gyz=0.000 Lpwm=10 Rpwm=10 Lrpm=0 Rrpm=0 Ltrpm=7.1 Rtrpm=7.1 Lpi=0.00 Rpi=0....
---
data: T lin=0.100 ang=0.000 hcw=0.000 hce=0.0 gyr=0.00042 gyz=0.000 Lpwm=0 Rpwm=0 Lrpm=11 Rrpm=11 Ltrpm=7.1 Rtrpm=7.1 Lpi=-3.07 Rpi=-3...
---
data: T lin=0.100 ang=0.000 hcw=0.000 hce=0.0 gyr=-0.00094 gyz=0.000 Lpwm=0 Rpwm=0 Lrpm=12 Rrpm=12 Ltrpm=7.1 Rtrpm=7.1 Lpi=-4.09 Rpi=-...
---
data: T lin=0.100 ang=0.000 hcw=0.000 hce=0.0 gyr=0.00040 gyz=0.000 Lpwm=10 Rpwm=10 Lrpm=12 Rrpm=12 Ltrpm=7.1 Rtrpm=7.1 Lpi=-3.70 Rpi=...
---
data: T lin=0.100 ang=0.000 hcw=0.000 hce=0.0 gyr=0.00039 gyz=0.000 Lpwm=10 Rpwm=10 Lrpm=11 Rrpm=13 Ltrpm=7.1 Rtrpm=7.1 Lpi=-3.44 Rpi=...
---
data: T lin=0.100 ang=0.000 hcw=0.000 hce=0.0 gyr=-0.00131 gyz=0.000 Lpwm=0 Rpwm=10 Lrpm=11 Rrpm=13 Ltrpm=7.1 Rtrpm=7.1 Lpi=-3.23 Rpi=...
---
data: T lin=0.100 ang=0.000 hcw=0.000 hce=0.0 gyr=-0.00314 gyz=0.000 Lpwm=10 Rpwm=10 Lrpm=11 Rrpm=12 Ltrpm=7.1 Rtrpm=7.1 Lpi=-3.10 Rpi...
---
data: T lin=0.100 ang=0.000 hcw=0.000 hce=0.0 gyr=0.00108 gyz=0.000 Lpwm=10 Rpwm=0 Lrpm=12 Rrpm=12 Ltrpm=7.1 Rtrpm=7.1 Lpi=-4.02 Rpi=-...
---
data: T lin=0.100 ang=0.000 hcw=0.000 hce=0.0 gyr=0.00154 gyz=0.000 Lpwm=0 Rpwm=0 Lrpm=13 Rrpm=13 Ltrpm=7.1 Rtrpm=7.1 Lpi=-4.62 Rpi=-4...
---
data: T lin=0.100 ang=0.000 hcw=0.000 hce=0.0 gyr=0.00056 gyz=0.000 Lpwm=0 Rpwm=0 Lrpm=12 Rrpm=13 Ltrpm=7.1 Rtrpm=7.1 Lpi=-4.34 Rpi=-4...
---
data: T lin=0.100 ang=0.000 hcw=0.000 hce=0.0 gyr=-0.00068 gyz=0.000 Lpwm=0 Rpwm=0 Lrpm=12 Rrpm=12 Ltrpm=7.1 Rtrpm=7.1 Lpi=-4.28 Rpi=-...
---
data: T lin=0.100 ang=0.000 hcw=0.000 hce=0.0 gyr=0.00008 gyz=0.000 Lpwm=10 Rpwm=10 Lrpm=11 Rrpm=12 Ltrpm=7.1 Rtrpm=7.1 Lpi=-3.64 Rpi=...
---
data: T lin=0.100 ang=0.000 hcw=0.000 hce=0.0 gyr=-0.00085 gyz=0.000 Lpwm=0 Rpwm=0 Lrpm=11 Rrpm=13 Ltrpm=7.1 Rtrpm=7.1 Lpi=-3.34 Rpi=-...
---
data: T lin=0.100 ang=0.000 hcw=0.000 hce=0.0 gyr=-0.00097 gyz=0.000 Lpwm=10 Rpwm=0 Lrpm=11 Rrpm=13 Ltrpm=7.1 Rtrpm=7.1 Lpi=-3.66 Rpi=...
---
data: T lin=0.100 ang=0.000 hcw=0.000 hce=0.0 gyr=0.00049 gyz=0.000 Lpwm=10 Rpwm=0 Lrpm=13 Rrpm=13 Ltrpm=7.1 Rtrpm=7.1 Lpi=-4.55 Rpi=-...
---
data: T lin=0.100 ang=0.000 hcw=0.000 hce=0.0 gyr=-0.00078 gyz=0.000 Lpwm=10 Rpwm=0 Lrpm=12 Rrpm=13 Ltrpm=7.1 Rtrpm=7.1 Lpi=-4.17 Rpi=...
---
data: T lin=0.100 ang=0.000 hcw=0.000 hce=0.0 gyr=0.00129 gyz=0.000 Lpwm=10 Rpwm=0 Lrpm=12 Rrpm=13 Ltrpm=7.1 Rtrpm=7.1 Lpi=-4.17 Rpi=-...
---
data: T lin=0.100 ang=0.000 hcw=0.000 hce=0.0 gyr=0.00290 gyz=0.000 Lpwm=0 Rpwm=10 Lrpm=11 Rrpm=12 Ltrpm=7.1 Rtrpm=7.1 Lpi=-3.26 Rpi=-...
---
data: T lin=0.100 ang=0.000 hcw=0.000 hce=0.0 gyr=-0.00027 gyz=0.000 Lpwm=10 Rpwm=10 Lrpm=12 Rrpm=11 Ltrpm=7.1 Rtrpm=7.1 Lpi=-3.95 Rpi...
---
data: T lin=0.100 ang=0.000 hcw=0.000 hce=0.0 gyr=-0.00072 gyz=0.000 Lpwm=10 Rpwm=10 Lrpm=12 Rrpm=12 Ltrpm=7.1 Rtrpm=7.1 Lpi=-3.86 Rpi...
---
data: T lin=0.100 ang=0.000 hcw=0.000 hce=0.0 gyr=-0.00196 gyz=0.000 Lpwm=10 Rpwm=0 Lrpm=12 Rrpm=12 Ltrpm=7.1 Rtrpm=7.1 Lpi=-4.11 Rpi=...
---
data: T lin=0.100 ang=0.000 hcw=0.000 hce=0.0 gyr=0.00018 gyz=0.000 Lpwm=0 Rpwm=0 Lrpm=12 Rrpm=12 Ltrpm=7.1 Rtrpm=7.1 Lpi=-4.28 Rpi=-4...
---
data: T lin=0.100 ang=0.000 hcw=0.000 hce=0.0 gyr=0.00114 gyz=0.000 Lpwm=0 Rpwm=0 Lrpm=13 Rrpm=13 Ltrpm=7.1 Rtrpm=7.1 Lpi=-4.68 Rpi=-4...
---
data: T lin=0.100 ang=0.000 hcw=0.000 hce=0.0 gyr=-0.00062 gyz=0.000 Lpwm=0 Rpwm=10 Lrpm=13 Rrpm=12 Ltrpm=7.1 Rtrpm=7.1 Lpi=-4.95 Rpi=...
---
data: T lin=0.100 ang=0.000 hcw=0.000 hce=0.0 gyr=-0.00094 gyz=0.000 Lpwm=0 Rpwm=10 Lrpm=12 Rrpm=12 Ltrpm=7.1 Rtrpm=7.1 Lpi=-4.24 Rpi=...
---
data: T lin=0.100 ang=0.000 hcw=0.000 hce=0.0 gyr=-0.00250 gyz=0.000 Lpwm=10 Rpwm=10 Lrpm=11 Rrpm=13 Ltrpm=7.1 Rtrpm=7.1 Lpi=-3.37 Rpi...
---
data: T lin=0.100 ang=0.000 hcw=0.000 hce=0.0 gyr=0.00017 gyz=0.000 Lpwm=10 Rpwm=10 Lrpm=10 Rrpm=12 Ltrpm=7.1 Rtrpm=7.1 Lpi=-2.91 Rpi=...
---
data: T lin=0.000 ang=0.000 Lpwm=0 Rpwm=0 Lrpm=0 Rrpm=0 Ld=F Rd=F LmA=0.00 RmA=0.00
---
