data: T lin=0.100 ang=0.000 hcw=0.000 hce=0.0 gyr=0.00051 gyz=0.000 Lpwm=10 Rpwm=10 Lrpm=0 Rrpm=0 Ltrpm=7.1 Rtrpm=7.1 Lpi=0.00 Rpi=0.0...
---
data: T lin=0.100 ang=0.000 hcw=0.000 hce=0.0 gyr=0.00054 gyz=0.000 Lpwm=10 Rpwm=10 Lrpm=0 Rrpm=0 Ltrpm=7.1 Rtrpm=7.1 Lpi=0.00 Rpi=0.0...
---
data: T lin=0.100 ang=0.000 hcw=0.000 hce=0.0 gyr=-0.00011 gyz=0.000 Lpwm=10 Rpwm=10 Lrpm=0 Rrpm=0 Ltrpm=7.1 Rtrpm=7.1 Lpi=0.00 Rpi=0....
---
data: T lin=0.100 ang=0.000 hcw=0.000 hce=0.0 gyr=0.00028 gyz=0.000 Lpwm=10 Rpwm=10 Lrpm=0 Rrpm=0 Ltrpm=7.1 Rtrpm=7.1 Lpi=0.00 Rpi=0.0...
---
data: T lin=0.100 ang=0.000 hcw=0.000 hce=0.0 gyr=0.00089 gyz=0.000 Lpwm=10 Rpwm=10 Lrpm=0 Rrpm=0 Ltrpm=7.1 Rtrpm=7.1 Lpi=0.00 Rpi=0.0...
---
data: T lin=0.100 ang=0.000 hcw=0.000 hce=0.0 gyr=-0.00058 gyz=0.000 Lpwm=10 Rpwm=10 Lrpm=0 Rrpm=0 Ltrpm=7.1 Rtrpm=7.1 Lpi=0.00 Rpi=0....
---
data: T lin=0.100 ang=0.000 hcw=0.000 hce=0.0 gyr=-0.00023 gyz=0.000 Lpwm=0 Rpwm=0 Lrpm=18 Rrpm=17 Ltrpm=7.1 Rtrpm=7.1 Lpi=-2.74 Rpi=-...
---
data: T lin=0.100 ang=0.000 hcw=0.000 hce=0.0 gyr=0.00000 gyz=0.000 Lpwm=10 Rpwm=10 Lrpm=17 Rrpm=16 Ltrpm=7.1 Rtrpm=7.1 Lpi=-2.70 Rpi=...
---
data: T lin=0.100 ang=0.000 hcw=0.000 hce=0.0 gyr=-0.00001 gyz=0.000 Lpwm=10 Rpwm=10 Lrpm=16 Rrpm=16 Ltrpm=7.1 Rtrpm=7.1 Lpi=-2.33 Rpi...
---
data: T lin=0.100 ang=0.000 hcw=0.000 hce=0.0 gyr=-0.00026 gyz=0.000 Lpwm=10 Rpwm=10 Lrpm=15 Rrpm=15 Ltrpm=7.1 Rtrpm=7.1 Lpi=-2.06 Rpi...
---
data: T lin=0.100 ang=0.000 hcw=0.000 hce=0.0 gyr=0.00009 gyz=0.000 Lpwm=0 Rpwm=0 Lrpm=14 Rrpm=15 Ltrpm=7.1 Rtrpm=7.1 Lpi=-1.91 Rpi=-2...
---
data: T lin=0.100 ang=0.000 hcw=0.000 hce=0.0 gyr=0.00042 gyz=0.000 Lpwm=10 Rpwm=10 Lrpm=15 Rrpm=16 Ltrpm=7.1 Rtrpm=7.1 Lpi=-2.18 Rpi=...
---
data: T lin=0.100 ang=0.000 hcw=0.000 hce=0.0 gyr=-0.00074 gyz=0.000 Lpwm=10 Rpwm=10 Lrpm=14 Rrpm=15 Ltrpm=7.1 Rtrpm=7.1 Lpi=-1.89 Rpi...
---
data: T lin=0.100 ang=0.000 hcw=0.000 hce=0.0 gyr=-0.00020 gyz=0.000 Lpwm=10 Rpwm=10 Lrpm=15 Rrpm=16 Ltrpm=7.1 Rtrpm=7.1 Lpi=-2.15 Rpi...
---
data: T lin=0.100 ang=0.000 hcw=0.000 hce=0.0 gyr=0.00064 gyz=0.000 Lpwm=10 Rpwm=10 Lrpm=16 Rrpm=15 Ltrpm=7.1 Rtrpm=7.1 Lpi=-2.31 Rpi=...
---
data: T lin=0.100 ang=0.000 hcw=0.000 hce=0.0 gyr=0.00049 gyz=0.000 Lpwm=10 Rpwm=10 Lrpm=16 Rrpm=15 Ltrpm=7.1 Rtrpm=7.1 Lpi=-2.24 Rpi=...
---
data: T lin=0.100 ang=0.000 hcw=0.000 hce=0.0 gyr=-0.00117 gyz=0.000 Lpwm=10 Rpwm=10 Lrpm=14 Rrpm=15 Ltrpm=7.1 Rtrpm=7.1 Lpi=-1.85 Rpi...
---
data: T lin=0.100 ang=0.000 hcw=0.000 hce=0.0 gyr=-0.00059 gyz=0.000 Lpwm=0 Rpwm=0 Lrpm=14 Rrpm=15 Ltrpm=7.1 Rtrpm=7.1 Lpi=-1.91 Rpi=-...
---
data: T lin=0.100 ang=0.000 hcw=0.000 hce=0.0 gyr=0.00002 gyz=0.000 Lpwm=10 Rpwm=10 Lrpm=15 Rrpm=15 Ltrpm=7.1 Rtrpm=7.1 Lpi=-2.00 Rpi=...
---
data: T lin=0.100 ang=0.000 hcw=0.000 hce=0.0 gyr=-0.00027 gyz=0.000 Lpwm=10 Rpwm=10 Lrpm=13 Rrpm=15 Ltrpm=7.1 Rtrpm=7.1 Lpi=-1.71 Rpi...
---
data: T lin=0.100 ang=0.000 hcw=0.000 hce=0.0 gyr=-0.00122 gyz=0.000 Lpwm=0 Rpwm=10 Lrpm=14 Rrpm=16 Ltrpm=7.1 Rtrpm=7.1 Lpi=-1.89 Rpi=...
---
data: T lin=0.100 ang=0.000 hcw=0.000 hce=0.0 gyr=-0.00225 gyz=0.000 Lpwm=10 Rpwm=10 Lrpm=15 Rrpm=16 Ltrpm=7.1 Rtrpm=7.1 Lpi=-2.10 Rpi...
---
data: T lin=0.100 ang=0.000 hcw=0.000 hce=0.0 gyr=0.00117 gyz=0.000 Lpwm=10 Rpwm=0 Lrpm=14 Rrpm=15 Ltrpm=7.1 Rtrpm=7.1 Lpi=-1.81 Rpi=-...
---
data: T lin=0.100 ang=0.000 hcw=0.000 hce=0.0 gyr=0.00256 gyz=0.000 Lpwm=10 Rpwm=10 Lrpm=14 Rrpm=15 Ltrpm=7.1 Rtrpm=7.1 Lpi=-1.90 Rpi=...
---
data: T lin=0.100 ang=0.000 hcw=0.000 hce=0.0 gyr=0.00035 gyz=0.000 Lpwm=10 Rpwm=0 Lrpm=15 Rrpm=15 Ltrpm=7.1 Rtrpm=7.1 Lpi=-2.07 Rpi=-...
---
data: T lin=0.100 ang=0.000 hcw=0.000 hce=0.0 gyr=-0.00044 gyz=0.000 Lpwm=0 Rpwm=10 Lrpm=14 Rrpm=16 Ltrpm=7.1 Rtrpm=7.1 Lpi=-1.80 Rpi=...
---
data: T lin=0.100 ang=0.000 hcw=0.000 hce=0.0 gyr=-0.00135 gyz=0.000 Lpwm=10 Rpwm=10 Lrpm=14 Rrpm=15 Ltrpm=7.1 Rtrpm=7.1 Lpi=-1.88 Rpi...
---
data: T lin=0.100 ang=0.000 hcw=0.000 hce=0.0 gyr=-0.00102 gyz=0.000 Lpwm=10 Rpwm=10 Lrpm=14 Rrpm=16 Ltrpm=7.1 Rtrpm=7.1 Lpi=-1.80 Rpi...
---
data: T lin=0.000 ang=0.000 Lpwm=0 Rpwm=0 Lrpm=0 Rrpm=0 Ld=F Rd=F LmA=0.00 RmA=0.00
---
