data: T lin=0.100 ang=0.000 hcw=0.000 hce=0.0 gyr=-0.00067 gyz=0.000 Lpwm=10 Rpwm=10 Lrpm=0 Rrpm=0 Ltrpm=7.1 Rtrpm=7.1 Lpi=0.00 Rpi=0....
---
data: T lin=0.100 ang=0.000 hcw=0.000 hce=0.0 gyr=-0.00047 gyz=0.000 Lpwm=10 Rpwm=10 Lrpm=0 Rrpm=0 Ltrpm=7.1 Rtrpm=7.1 Lpi=0.00 Rpi=0....
---
data: T lin=0.100 ang=0.000 hcw=0.000 hce=0.0 gyr=-0.00049 gyz=0.000 Lpwm=10 Rpwm=10 Lrpm=0 Rrpm=0 Ltrpm=7.1 Rtrpm=7.1 Lpi=0.00 Rpi=0....
---
data: T lin=0.100 ang=0.000 hcw=0.000 hce=0.0 gyr=-0.00070 gyz=0.000 Lpwm=10 Rpwm=10 Lrpm=0 Rrpm=0 Ltrpm=7.1 Rtrpm=7.1 Lpi=0.00 Rpi=0....
---
data: T lin=0.100 ang=0.000 hcw=0.000 hce=0.0 gyr=-0.00020 gyz=0.000 Lpwm=10 Rpwm=10 Lrpm=0 Rrpm=0 Ltrpm=7.1 Rtrpm=7.1 Lpi=0.00 Rpi=0....
---
data: T lin=0.100 ang=0.000 hcw=0.000 hce=0.0 gyr=-0.00049 gyz=0.000 Lpwm=10 Rpwm=10 Lrpm=0 Rrpm=0 Ltrpm=7.1 Rtrpm=7.1 Lpi=0.00 Rpi=0....
---
data: T lin=0.100 ang=0.000 hcw=0.000 hce=0.0 gyr=-0.00017 gyz=0.000 Lpwm=0 Rpwm=0 Lrpm=15 Rrpm=17 Ltrpm=7.1 Rtrpm=7.1 Lpi=-6.67 Rpi=-...
---
data: T lin=0.100 ang=0.000 hcw=0.000 hce=0.0 gyr=0.00017 gyz=0.000 Lpwm=0 Rpwm=0 Lrpm=16 Rrpm=17 Ltrpm=7.1 Rtrpm=7.1 Lpi=-7.20 Rpi=-8...
---
data: T lin=0.100 ang=0.000 hcw=0.000 hce=0.0 gyr=-0.00134 gyz=0.000 Lpwm=10 Rpwm=0 Lrpm=17 Rrpm=18 Ltrpm=7.1 Rtrpm=7.1 Lpi=-7.55 Rpi=...
---
data: T lin=0.100 ang=0.000 hcw=0.000 hce=0.0 gyr=0.00018 gyz=0.000 Lpwm=0 Rpwm=10 Lrpm=13 Rrpm=18 Ltrpm=7.1 Rtrpm=7.1 Lpi=-4.76 Rpi=-...
---
data: T lin=0.100 ang=0.000 hcw=0.000 hce=0.0 gyr=0.00090 gyz=0.000 Lpwm=10 Rpwm=0 Lrpm=11 Rrpm=13 Ltrpm=7.1 Rtrpm=7.1 Lpi=-2.95 Rpi=-...
---
data: T lin=0.100 ang=0.000 hcw=0.000 hce=0.0 gyr=-0.00045 gyz=0.000 Lpwm=10 Rpwm=10 Lrpm=9 Rrpm=10 Ltrpm=7.1 Rtrpm=7.1 Lpi=-1.88 Rpi=...
---
data: T lin=0.100 ang=0.000 hcw=0.000 hce=0.0 gyr=-0.00058 gyz=0.000 Lpwm=10 Rpwm=10 Lrpm=9 Rrpm=8 Ltrpm=7.1 Rtrpm=7.1 Lpi=-2.18 Rpi=-...
---
data: T lin=0.100 ang=0.000 hcw=0.000 hce=0.0 gyr=-0.00006 gyz=0.000 Lpwm=0 Rpwm=10 Lrpm=11 Rrpm=8 Ltrpm=7.1 Rtrpm=7.1 Lpi=-3.66 Rpi=-...
---
data: T lin=0.100 ang=0.000 hcw=0.000 hce=0.0 gyr=0.00078 gyz=0.000 Lpwm=0 Rpwm=10 Lrpm=13 Rrpm=11 Ltrpm=7.1 Rtrpm=7.1 Lpi=-5.13 Rpi=-...
---
data: T lin=0.100 ang=0.000 hcw=0.000 hce=0.0 gyr=-0.00024 gyz=0.000 Lpwm=0 Rpwm=10 Lrpm=12 Rrpm=13 Ltrpm=7.1 Rtrpm=7.1 Lpi=-4.27 Rpi=...
---
data: T lin=0.100 ang=0.000 hcw=0.000 hce=0.0 gyr=-0.00455 gyz=0.000 Lpwm=10 Rpwm=10 Lrpm=12 Rrpm=15 Ltrpm=7.1 Rtrpm=7.1 Lpi=-3.71 Rpi...
---
data: T lin=0.100 ang=0.000 hcw=0.000 hce=0.0 gyr=-0.00132 gyz=0.000 Lpwm=10 Rpwm=0 Lrpm=10 Rrpm=14 Ltrpm=7.1 Rtrpm=7.1 Lpi=-2.62 Rpi=...
---
data: T lin=0.100 ang=0.000 hcw=0.000 hce=0.0 gyr=0.00101 gyz=0.000 Lpwm=0 Rpwm=0 Lrpm=11 Rrpm=12 Ltrpm=7.1 Rtrpm=7.1 Lpi=-2.99 Rpi=-4...
---
data: T lin=0.100 ang=0.000 hcw=0.000 hce=0.0 gyr=0.00171 gyz=0.000 Lpwm=10 Rpwm=10 Lrpm=11 Rrpm=11 Ltrpm=7.1 Rtrpm=7.1 Lpi=-3.47 Rpi=...
---
data: T lin=0.100 ang=0.000 hcw=0.000 hce=0.0 gyr=0.00196 gyz=0.000 Lpwm=10 Rpwm=10 Lrpm=11 Rrpm=9 Ltrpm=7.1 Rtrpm=7.1 Lpi=-3.39 Rpi=-...
---
data: T lin=0.100 ang=0.000 hcw=0.000 hce=0.0 gyr=-0.00092 gyz=0.000 Lpwm=0 Rpwm=10 Lrpm=11 Rrpm=11 Ltrpm=7.1 Rtrpm=7.1 Lpi=-3.46 Rpi=...
---
data: T lin=0.100 ang=0.000 hcw=0.000 hce=0.0 gyr=-0.00204 gyz=0.000 Lpwm=10 Rpwm=10 Lrpm=12 Rrpm=12 Ltrpm=7.1 Rtrpm=7.1 Lpi=-4.04 Rpi...
---
data: T lin=0.100 ang=0.000 hcw=0.000 hce=0.0 gyr=-0.00093 gyz=0.000 Lpwm=10 Rpwm=10 Lrpm=12 Rrpm=14 Ltrpm=7.1 Rtrpm=7.1 Lpi=-3.98 Rpi...
---
data: T lin=0.100 ang=0.000 hcw=0.000 hce=0.0 gyr=-0.00013 gyz=0.000 Lpwm=10 Rpwm=10 Lrpm=12 Rrpm=14 Ltrpm=7.1 Rtrpm=7.1 Lpi=-3.86 Rpi...
---
data: T lin=0.100 ang=0.000 hcw=0.000 hce=0.0 gyr=-0.00057 gyz=0.000 Lpwm=0 Rpwm=10 Lrpm=12 Rrpm=13 Ltrpm=7.1 Rtrpm=7.1 Lpi=-3.79 Rpi=...
---
data: T lin=0.100 ang=0.000 hcw=0.000 hce=0.0 gyr=-0.00290 gyz=0.000 Lpwm=10 Rpwm=10 Lrpm=11 Rrpm=12 Ltrpm=7.1 Rtrpm=7.1 Lpi=-3.22 Rpi...
---
data: T lin=0.100 ang=0.000 hcw=0.000 hce=0.0 gyr=0.00148 gyz=0.000 Lpwm=10 Rpwm=0 Lrpm=11 Rrpm=11 Ltrpm=7.1 Rtrpm=7.1 Lpi=-3.32 Rpi=-...
---
data: T lin=0.000 ang=0.000 Lpwm=0 Rpwm=0 Lrpm=0 Rrpm=0 Ld=F Rd=F LmA=0.00 RmA=0.00
---
