data: T lin=0.100 ang=0.000 hcw=0.000 hce=0.0 gyr=-0.00036 gyz=0.000 Lpwm=0 Rpwm=0 Lrpm=0 Rrpm=0 Ltrpm=7.1 Rtrpm=7.1 Lpi=0.00 Rpi=0.00...
---
data: T lin=0.100 ang=0.000 hcw=0.000 hce=0.0 gyr=-0.00012 gyz=0.000 Lpwm=10 Rpwm=10 Lrpm=0 Rrpm=0 Ltrpm=7.1 Rtrpm=7.1 Lpi=0.00 Rpi=0....
---
data: T lin=0.100 ang=0.000 hcw=0.000 hce=0.0 gyr=0.00079 gyz=0.000 Lpwm=10 Rpwm=10 Lrpm=0 Rrpm=0 Ltrpm=7.1 Rtrpm=7.1 Lpi=0.00 Rpi=0.0...
---
data: T lin=0.100 ang=0.000 hcw=0.000 hce=0.0 gyr=-0.00117 gyz=0.000 Lpwm=0 Rpwm=0 Lrpm=16 Rrpm=17 Ltrpm=7.1 Rtrpm=7.1 Lpi=-10.00 Rpi=...
---
data: T lin=0.100 ang=0.000 hcw=0.000 hce=0.0 gyr=-0.00012 gyz=0.000 Lpwm=0 Rpwm=0 Lrpm=16 Rrpm=17 Ltrpm=7.1 Rtrpm=7.1 Lpi=-10.00 Rpi=...
---
data: T lin=0.100 ang=0.000 hcw=0.000 hce=0.0 gyr=-0.00031 gyz=0.000 Lpwm=0 Rpwm=0 Lrpm=17 Rrpm=17 Ltrpm=7.1 Rtrpm=7.1 Lpi=-10.00 Rpi=...
---
data: T lin=0.100 ang=0.000 hcw=0.000 hce=0.0 gyr=-0.00028 gyz=0.000 Lpwm=0 Rpwm=0 Lrpm=17 Rrpm=17 Ltrpm=7.1 Rtrpm=7.1 Lpi=-10.00 Rpi=...
---
data: T lin=0.100 ang=0.000 hcw=0.000 hce=0.0 gyr=0.00012 gyz=0.000 Lpwm=10 Rpwm=10 Lrpm=0 Rrpm=0 Ltrpm=7.1 Rtrpm=7.1 Lpi=0.00 Rpi=0.0...
---
data: T lin=0.100 ang=0.000 hcw=0.000 hce=0.0 gyr=-0.00006 gyz=0.000 Lpwm=10 Rpwm=16 Lrpm=0 Rrpm=2 Ltrpm=7.1 Rtrpm=7.1 Lpi=0.00 Rpi=6....
---
data: T lin=0.100 ang=0.000 hcw=0.000 hce=0.0 gyr=-0.00120 gyz=0.000 Lpwm=0 Rpwm=0 Lrpm=13 Rrpm=7 Ltrpm=7.1 Rtrpm=7.1 Lpi=-10.00 Rpi=-...
---
data: T lin=0.100 ang=0.000 hcw=0.000 hce=0.0 gyr=0.00070 gyz=0.000 Lpwm=0 Rpwm=0 Lrpm=14 Rrpm=16 Ltrpm=7.1 Rtrpm=7.1 Lpi=-10.00 Rpi=-...
---
data: T lin=0.100 ang=0.000 hcw=0.000 hce=0.0 gyr=0.00166 gyz=0.000 Lpwm=0 Rpwm=0 Lrpm=15 Rrpm=18 Ltrpm=7.1 Rtrpm=7.1 Lpi=-10.00 Rpi=-...
---
data: T lin=0.100 ang=0.000 hcw=0.000 hce=0.0 gyr=0.00092 gyz=0.000 Lpwm=0 Rpwm=0 Lrpm=16 Rrpm=16 Ltrpm=7.1 Rtrpm=7.1 Lpi=-10.00 Rpi=-...
---
data: T lin=0.100 ang=0.000 hcw=0.000 hce=0.0 gyr=-0.00041 gyz=0.000 Lpwm=10 Rpwm=0 Lrpm=0 Rrpm=14 Ltrpm=7.1 Rtrpm=7.1 Lpi=0.00 Rpi=-1...
---
data: T lin=0.100 ang=0.000 hcw=0.000 hce=0.0 gyr=0.00047 gyz=0.000 Lpwm=16 Rpwm=0 Lrpm=3 Rrpm=12 Ltrpm=7.1 Rtrpm=7.1 Lpi=5.94 Rpi=-8....
---
data: T lin=0.100 ang=0.000 hcw=0.000 hce=0.0 gyr=0.00053 gyz=0.000 Lpwm=0 Rpwm=0 Lrpm=8 Rrpm=11 Ltrpm=7.1 Rtrpm=7.1 Lpi=-1.59 Rpi=-6....
---
data: T lin=0.100 ang=0.000 hcw=0.000 hce=0.0 gyr=0.00023 gyz=0.000 Lpwm=0 Rpwm=10 Lrpm=16 Rrpm=10 Ltrpm=7.1 Rtrpm=7.1 Lpi=-10.00 Rpi=...
---
data: T lin=0.100 ang=0.000 hcw=0.000 hce=0.0 gyr=-0.00111 gyz=0.000 Lpwm=0 Rpwm=10 Lrpm=18 Rrpm=9 Ltrpm=7.1 Rtrpm=7.1 Lpi=-10.00 Rpi=...
---
data: T lin=0.100 ang=0.000 hcw=0.000 hce=0.0 gyr=-0.00173 gyz=0.000 Lpwm=0 Rpwm=10 Lrpm=17 Rrpm=0 Ltrpm=7.1 Rtrpm=7.1 Lpi=-10.00 Rpi=...
---
data: T lin=0.100 ang=0.000 hcw=0.000 hce=0.0 gyr=0.00058 gyz=0.000 Lpwm=0 Rpwm=0 Lrpm=16 Rrpm=17 Ltrpm=7.1 Rtrpm=7.1 Lpi=-10.00 Rpi=-...
---
data: T lin=0.100 ang=0.000 hcw=0.000 hce=0.0 gyr=0.00094 gyz=0.000 Lpwm=0 Rpwm=0 Lrpm=16 Rrpm=17 Ltrpm=7.1 Rtrpm=7.1 Lpi=-10.00 Rpi=-...
---
data: T lin=0.100 ang=0.000 hcw=0.000 hce=0.0 gyr=0.00064 gyz=0.000 Lpwm=10 Rpwm=0 Lrpm=0 Rrpm=18 Ltrpm=7.1 Rtrpm=7.1 Lpi=0.00 Rpi=-10...
---
data: T lin=0.100 ang=0.000 hcw=0.000 hce=0.0 gyr=0.00070 gyz=0.000 Lpwm=10 Rpwm=0 Lrpm=0 Rrpm=18 Ltrpm=7.1 Rtrpm=7.1 Lpi=0.00 Rpi=-10...
---
data: T lin=0.100 ang=0.000 hcw=0.000 hce=0.0 gyr=0.00077 gyz=0.000 Lpwm=16 Rpwm=10 Lrpm=2 Rrpm=0 Ltrpm=7.1 Rtrpm=7.1 Lpi=6.00 Rpi=0.0...
---
data: T lin=0.100 ang=0.000 hcw=0.000 hce=0.0 gyr=0.00090 gyz=0.000 Lpwm=0 Rpwm=16 Lrpm=9 Rrpm=3 Ltrpm=7.1 Rtrpm=7.1 Lpi=-3.51 Rpi=6.0...
---
data: T lin=0.100 ang=0.000 hcw=0.000 hce=0.0 gyr=-0.00094 gyz=0.000 Lpwm=0 Rpwm=0 Lrpm=15 Rrpm=8 Ltrpm=7.1 Rtrpm=7.1 Lpi=-10.00 Rpi=-...
---
data: T lin=0.100 ang=0.000 hcw=0.000 hce=0.0 gyr=0.00086 gyz=0.000 Lpwm=0 Rpwm=0 Lrpm=18 Rrpm=23 Ltrpm=7.1 Rtrpm=7.1 Lpi=-10.00 Rpi=-...
---
data: T lin=0.100 ang=0.000 hcw=0.000 hce=0.0 gyr=0.00090 gyz=0.000 Lpwm=0 Rpwm=0 Lrpm=15 Rrpm=24 Ltrpm=7.1 Rtrpm=7.1 Lpi=-10.00 Rpi=-...
---
data: T lin=0.000 ang=0.000 Lpwm=0 Rpwm=0 Lrpm=0 Rrpm=0 Ld=F Rd=F LmA=0.00 RmA=0.00
---
