data: T lin=0.100 ang=0.000 hcw=0.000 hce=0.0 gyr=0.00010 gyz=0.000 Lpwm=0 Rpwm=0 Lrpm=0 Rrpm=0 Ltrpm=7.1 Rtrpm=7.1 Lpi=0.00 Rpi=0.00 ...
---
data: T lin=0.100 ang=0.000 hcw=0.000 hce=0.0 gyr=-0.00068 gyz=0.000 Lpwm=10 Rpwm=10 Lrpm=0 Rrpm=0 Ltrpm=7.1 Rtrpm=7.1 Lpi=0.00 Rpi=0....
---
data: T lin=0.100 ang=0.000 hcw=0.000 hce=0.0 gyr=0.00004 gyz=0.000 Lpwm=10 Rpwm=10 Lrpm=0 Rrpm=0 Ltrpm=7.1 Rtrpm=7.1 Lpi=0.00 Rpi=0.0...
---
data: T lin=0.100 ang=0.000 hcw=0.000 hce=0.0 gyr=-0.00004 gyz=0.000 Lpwm=0 Rpwm=0 Lrpm=11 Rrpm=16 Ltrpm=7.1 Rtrpm=7.1 Lpi=-2.17 Rpi=-...
---
data: T lin=0.100 ang=0.000 hcw=0.000 hce=0.0 gyr=-0.00093 gyz=0.000 Lpwm=10 Rpwm=0 Lrpm=13 Rrpm=17 Ltrpm=7.1 Rtrpm=7.1 Lpi=-3.00 Rpi=...
---
data: T lin=0.100 ang=0.000 hcw=0.000 hce=0.0 gyr=-0.00009 gyz=0.000 Lpwm=10 Rpwm=10 Lrpm=12 Rrpm=15 Ltrpm=7.1 Rtrpm=7.1 Lpi=-2.69 Rpi...
---
data: T lin=0.100 ang=0.000 hcw=0.000 hce=0.0 gyr=-0.00164 gyz=0.000 Lpwm=10 Rpwm=0 Lrpm=12 Rrpm=13 Ltrpm=7.1 Rtrpm=7.1 Lpi=-2.53 Rpi=...
---
data: T lin=0.100 ang=0.000 hcw=0.000 hce=0.0 gyr=0.00047 gyz=0.000 Lpwm=10 Rpwm=10 Lrpm=12 Rrpm=11 Ltrpm=7.1 Rtrpm=7.1 Lpi=-2.75 Rpi=...
---
data: T lin=0.100 ang=0.000 hcw=0.000 hce=0.0 gyr=0.00121 gyz=0.000 Lpwm=10 Rpwm=0 Lrpm=12 Rrpm=11 Ltrpm=7.1 Rtrpm=7.1 Lpi=-2.51 Rpi=-...
---
data: T lin=0.100 ang=0.000 hcw=0.000 hce=0.0 gyr=0.00017 gyz=0.000 Lpwm=10 Rpwm=10 Lrpm=12 Rrpm=13 Ltrpm=7.1 Rtrpm=7.1 Lpi=-2.92 Rpi=...
---
data: T lin=0.100 ang=0.000 hcw=0.000 hce=0.0 gyr=0.00037 gyz=0.000 Lpwm=0 Rpwm=10 Lrpm=13 Rrpm=13 Ltrpm=7.1 Rtrpm=7.1 Lpi=-3.18 Rpi=-...
---
data: T lin=0.100 ang=0.000 hcw=0.000 hce=0.0 gyr=-0.00265 gyz=0.000 Lpwm=10 Rpwm=0 Lrpm=12 Rrpm=13 Ltrpm=7.1 Rtrpm=7.1 Lpi=-2.70 Rpi=...
---
data: T lin=0.100 ang=0.000 hcw=0.000 hce=0.0 gyr=0.00011 gyz=0.000 Lpwm=0 Rpwm=10 Lrpm=11 Rrpm=13 Ltrpm=7.1 Rtrpm=7.1 Lpi=-2.36 Rpi=-...
---
data: T lin=0.100 ang=0.000 hcw=0.000 hce=0.0 gyr=-0.00133 gyz=0.000 Lpwm=10 Rpwm=0 Lrpm=12 Rrpm=12 Ltrpm=7.1 Rtrpm=7.1 Lpi=-2.60 Rpi=...
---
data: T lin=0.100 ang=0.000 hcw=0.000 hce=0.0 gyr=-0.00035 gyz=0.000 Lpwm=0 Rpwm=10 Lrpm=11 Rrpm=13 Ltrpm=7.1 Rtrpm=7.1 Lpi=-2.39 Rpi=...
---
data: T lin=0.100 ang=0.000 hcw=0.000 hce=0.0 gyr=-0.00149 gyz=0.000 Lpwm=10 Rpwm=10 Lrpm=12 Rrpm=13 Ltrpm=7.1 Rtrpm=7.1 Lpi=-2.80 Rpi...
---
data: T lin=0.100 ang=0.000 hcw=0.000 hce=0.0 gyr=-0.00148 gyz=0.000 Lpwm=0 Rpwm=0 Lrpm=12 Rrpm=13 Ltrpm=7.1 Rtrpm=7.1 Lpi=-2.61 Rpi=-...
---
data: T lin=0.100 ang=0.000 hcw=0.000 hce=0.0 gyr=-0.00047 gyz=0.000 Lpwm=10 Rpwm=10 Lrpm=13 Rrpm=13 Ltrpm=7.1 Rtrpm=7.1 Lpi=-3.09 Rpi...
---
data: T lin=0.100 ang=0.000 hcw=0.000 hce=0.0 gyr=0.00110 gyz=0.000 Lpwm=10 Rpwm=10 Lrpm=12 Rrpm=12 Ltrpm=7.1 Rtrpm=7.1 Lpi=-2.79 Rpi=...
---
data: T lin=0.100 ang=0.000 hcw=0.000 hce=0.0 gyr=-0.00092 gyz=0.000 Lpwm=10 Rpwm=10 Lrpm=12 Rrpm=12 Ltrpm=7.1 Rtrpm=7.1 Lpi=-2.91 Rpi...
---
data: T lin=0.100 ang=0.000 hcw=0.000 hce=0.0 gyr=-0.00048 gyz=0.000 Lpwm=10 Rpwm=10 Lrpm=12 Rrpm=13 Ltrpm=7.1 Rtrpm=7.1 Lpi=-2.81 Rpi...
---
data: T lin=0.100 ang=0.000 hcw=0.000 hce=0.0 gyr=-0.00160 gyz=0.000 Lpwm=0 Rpwm=0 Lrpm=13 Rrpm=13 Ltrpm=7.1 Rtrpm=7.1 Lpi=-3.16 Rpi=-...
---
data: T lin=0.100 ang=0.000 hcw=0.000 hce=0.0 gyr=-0.00104 gyz=0.000 Lpwm=10 Rpwm=10 Lrpm=13 Rrpm=13 Ltrpm=7.1 Rtrpm=7.1 Lpi=-3.13 Rpi...
---
data: T lin=0.100 ang=0.000 hcw=0.000 hce=0.0 gyr=0.00005 gyz=0.000 Lpwm=10 Rpwm=10 Lrpm=12 Rrpm=13 Ltrpm=7.1 Rtrpm=7.1 Lpi=-2.76 Rpi=...
---
data: T lin=0.100 ang=0.000 hcw=0.000 hce=0.0 gyr=-0.00051 gyz=0.000 Lpwm=10 Rpwm=0 Lrpm=12 Rrpm=13 Ltrpm=7.1 Rtrpm=7.1 Lpi=-2.72 Rpi=...
---
data: T lin=0.100 ang=0.000 hcw=0.000 hce=0.0 gyr=0.00068 gyz=0.000 Lpwm=0 Rpwm=10 Lrpm=12 Rrpm=13 Ltrpm=7.1 Rtrpm=7.1 Lpi=-2.92 Rpi=-...
---
data: T lin=0.100 ang=0.000 hcw=0.000 hce=0.0 gyr=-0.00173 gyz=0.000 Lpwm=10 Rpwm=10 Lrpm=13 Rrpm=12 Ltrpm=7.1 Rtrpm=7.1 Lpi=-3.19 Rpi...
---
data: T lin=0.100 ang=0.000 hcw=0.000 hce=0.0 gyr=-0.00106 gyz=0.000 Lpwm=10 Rpwm=10 Lrpm=12 Rrpm=13 Ltrpm=7.1 Rtrpm=7.1 Lpi=-2.95 Rpi...
---
data: T lin=0.000 ang=0.000 Lpwm=0 Rpwm=0 Lrpm=0 Rrpm=0 Ld=F Rd=F LmA=0.00 RmA=0.00
---
