data: T lin=0.100 ang=0.000 hcw=0.000 hce=0.0 gyr=-0.00005 gyz=0.000 Lpwm=10 Rpwm=10 Lrpm=0 Rrpm=0 Ltrpm=7.1 Rtrpm=7.1 Lpi=0.00 Rpi=0....
---
data: T lin=0.100 ang=0.000 hcw=0.000 hce=0.0 gyr=-0.00002 gyz=0.000 Lpwm=10 Rpwm=10 Lrpm=0 Rrpm=0 Ltrpm=7.1 Rtrpm=7.1 Lpi=0.00 Rpi=0....
---
data: T lin=0.100 ang=0.000 hcw=0.000 hce=0.0 gyr=-0.00057 gyz=0.000 Lpwm=10 Rpwm=10 Lrpm=0 Rrpm=0 Ltrpm=7.1 Rtrpm=7.1 Lpi=0.00 Rpi=0....
---
data: T lin=0.100 ang=0.000 hcw=0.000 hce=0.0 gyr=-0.00011 gyz=0.000 Lpwm=10 Rpwm=10 Lrpm=0 Rrpm=0 Ltrpm=7.1 Rtrpm=7.1 Lpi=0.00 Rpi=0....
---
data: T lin=0.100 ang=0.000 hcw=0.000 hce=0.0 gyr=0.00014 gyz=0.000 Lpwm=10 Rpwm=10 Lrpm=0 Rrpm=0 Ltrpm=7.1 Rtrpm=7.1 Lpi=0.00 Rpi=0.0...
---
data: T lin=0.100 ang=0.000 hcw=0.000 hce=0.0 gyr=-0.00014 gyz=0.000 Lpwm=10 Rpwm=10 Lrpm=0 Rrpm=0 Ltrpm=7.1 Rtrpm=7.1 Lpi=0.00 Rpi=0....
---
data: T lin=0.100 ang=0.000 hcw=0.000 hce=0.0 gyr=0.00001 gyz=0.000 Lpwm=0 Rpwm=0 Lrpm=15 Rrpm=19 Ltrpm=7.1 Rtrpm=7.1 Lpi=-8.80 Rpi=-1...
---
data: T lin=0.100 ang=0.000 hcw=0.000 hce=0.0 gyr=-0.00068 gyz=0.000 Lpwm=0 Rpwm=0 Lrpm=16 Rrpm=19 Ltrpm=7.1 Rtrpm=7.1 Lpi=-9.33 Rpi=-...
---
data: T lin=0.100 ang=0.000 hcw=0.000 hce=0.0 gyr=-0.00022 gyz=0.000 Lpwm=0 Rpwm=0 Lrpm=16 Rrpm=17 Ltrpm=7.1 Rtrpm=7.1 Lpi=-9.68 Rpi=-...
---
data: T lin=0.100 ang=0.000 hcw=0.000 hce=0.0 gyr=-0.00027 gyz=0.000 Lpwm=0 Rpwm=0 Lrpm=16 Rrpm=16 Ltrpm=7.1 Rtrpm=7.1 Lpi=-9.90 Rpi=-...
---
data: T lin=0.100 ang=0.000 hcw=0.000 hce=0.0 gyr=-0.00060 gyz=0.000 Lpwm=10 Rpwm=0 Lrpm=0 Rrpm=15 Ltrpm=7.1 Rtrpm=7.1 Lpi=0.00 Rpi=-8...
---
data: T lin=0.100 ang=0.000 hcw=0.000 hce=0.0 gyr=0.00019 gyz=0.000 Lpwm=10 Rpwm=10 Lrpm=0 Rrpm=0 Ltrpm=7.1 Rtrpm=7.1 Lpi=0.00 Rpi=0.0...
---
data: T lin=0.100 ang=0.000 hcw=0.000 hce=0.0 gyr=-0.00010 gyz=0.000 Lpwm=14 Rpwm=10 Lrpm=2 Rrpm=0 Ltrpm=7.1 Rtrpm=7.1 Lpi=4.16 Rpi=0....
---
data: T lin=0.100 ang=0.000 hcw=0.000 hce=0.0 gyr=0.00147 gyz=0.000 Lpwm=0 Rpwm=15 Lrpm=8 Rrpm=2 Ltrpm=7.1 Rtrpm=7.1 Lpi=-1.81 Rpi=4.5...
---
data: T lin=0.100 ang=0.000 hcw=0.000 hce=0.0 gyr=-0.00043 gyz=0.000 Lpwm=0 Rpwm=0 Lrpm=14 Rrpm=8 Ltrpm=7.1 Rtrpm=7.1 Lpi=-7.89 Rpi=-1...
---
data: T lin=0.100 ang=0.000 hcw=0.000 hce=0.0 gyr=-0.00085 gyz=0.000 Lpwm=0 Rpwm=0 Lrpm=17 Rrpm=16 Ltrpm=7.1 Rtrpm=7.1 Lpi=-10.00 Rpi=...
---
data: T lin=0.100 ang=0.000 hcw=0.000 hce=0.0 gyr=0.00053 gyz=0.000 Lpwm=0 Rpwm=0 Lrpm=16 Rrpm=17 Ltrpm=7.1 Rtrpm=7.1 Lpi=-9.08 Rpi=-1...
---
data: T lin=0.100 ang=0.000 hcw=0.000 hce=0.0 gyr=-0.00016 gyz=0.000 Lpwm=0 Rpwm=0 Lrpm=15 Rrpm=15 Ltrpm=7.1 Rtrpm=7.1 Lpi=-8.43 Rpi=-...
---
data: T lin=0.100 ang=0.000 hcw=0.000 hce=0.0 gyr=-0.00060 gyz=0.000 Lpwm=0 Rpwm=0 Lrpm=15 Rrpm=14 Ltrpm=7.1 Rtrpm=7.1 Lpi=-8.01 Rpi=-...
---
data: T lin=0.100 ang=0.000 hcw=0.000 hce=0.0 gyr=0.00143 gyz=0.000 Lpwm=10 Rpwm=10 Lrpm=0 Rrpm=13 Ltrpm=7.1 Rtrpm=7.1 Lpi=0.00 Rpi=-6...
---
data: T lin=0.100 ang=0.000 hcw=0.000 hce=0.0 gyr=-0.00011 gyz=0.000 Lpwm=10 Rpwm=10 Lrpm=0 Rrpm=13 Ltrpm=7.1 Rtrpm=7.1 Lpi=0.00 Rpi=-...
---
data: T lin=0.100 ang=0.000 hcw=0.000 hce=0.0 gyr=-0.00148 gyz=0.000 Lpwm=0 Rpwm=10 Lrpm=16 Rrpm=9 Ltrpm=7.1 Rtrpm=7.1 Lpi=-9.04 Rpi=-...
---
data: T lin=0.100 ang=0.000 hcw=0.000 hce=0.0 gyr=-0.00089 gyz=0.000 Lpwm=0 Rpwm=10 Lrpm=16 Rrpm=7 Ltrpm=7.1 Rtrpm=7.1 Lpi=-9.59 Rpi=-...
---
data: T lin=0.100 ang=0.000 hcw=0.000 hce=0.0 gyr=0.00063 gyz=0.000 Lpwm=0 Rpwm=10 Lrpm=15 Rrpm=7 Ltrpm=7.1 Rtrpm=7.1 Lpi=-8.37 Rpi=-0...
---
data: T lin=0.100 ang=0.000 hcw=0.000 hce=0.0 gyr=0.00013 gyz=0.000 Lpwm=0 Rpwm=10 Lrpm=14 Rrpm=9 Ltrpm=7.1 Rtrpm=7.1 Lpi=-7.57 Rpi=-2...
---
data: T lin=0.100 ang=0.000 hcw=0.000 hce=0.0 gyr=0.00140 gyz=0.000 Lpwm=10 Rpwm=0 Lrpm=14 Rrpm=11 Ltrpm=7.1 Rtrpm=7.1 Lpi=-7.05 Rpi=-...
---
data: T lin=0.100 ang=0.000 hcw=0.000 hce=0.0 gyr=0.00295 gyz=0.000 Lpwm=10 Rpwm=0 Lrpm=0 Rrpm=13 Ltrpm=7.1 Rtrpm=7.1 Lpi=0.00 Rpi=-6....
---
data: T lin=0.100 ang=0.000 hcw=0.000 hce=0.0 gyr=-0.00002 gyz=0.000 Lpwm=14 Rpwm=10 Lrpm=3 Rrpm=14 Ltrpm=7.1 Rtrpm=7.1 Lpi=3.93 Rpi=-...
---
data: T lin=0.000 ang=0.000 Lpwm=0 Rpwm=0 Lrpm=0 Rrpm=0 Ld=F Rd=F LmA=0.00 RmA=0.00
---
