data: T lin=0.150 ang=0.000 hcw=0.000 hce=0.0 gyr=0.00078 gyz=0.000 Lpwm=15 Rpwm=15 Lrpm=0 Rrpm=0 Ltrpm=10.6 Rtrpm=10.6 Lpi=0.00 Rpi=0...
---
data: T lin=0.150 ang=0.000 hcw=0.000 hce=0.0 gyr=0.00019 gyz=0.000 Lpwm=15 Rpwm=15 Lrpm=0 Rrpm=0 Ltrpm=10.6 Rtrpm=10.6 Lpi=0.00 Rpi=0...
---
data: T lin=0.150 ang=0.000 hcw=0.000 hce=0.0 gyr=-0.00177 gyz=0.000 Lpwm=15 Rpwm=15 Lrpm=0 Rrpm=0 Ltrpm=10.6 Rtrpm=10.6 Lpi=0.00 Rpi=...
---
data: T lin=0.150 ang=0.000 hcw=0.000 hce=0.0 gyr=-0.00140 gyz=0.000 Lpwm=15 Rpwm=15 Lrpm=0 Rrpm=0 Ltrpm=10.6 Rtrpm=10.6 Lpi=0.00 Rpi=...
---
data: T lin=0.150 ang=0.000 hcw=0.000 hce=0.0 gyr=-0.00045 gyz=0.000 Lpwm=15 Rpwm=15 Lrpm=0 Rrpm=0 Ltrpm=10.6 Rtrpm=10.6 Lpi=0.00 Rpi=...
---
data: T lin=0.150 ang=0.000 hcw=0.000 hce=0.0 gyr=0.00119 gyz=0.000 Lpwm=11 Rpwm=11 Lrpm=26 Rrpm=26 Ltrpm=10.6 Rtrpm=10.6 Lpi=-3.88 Rp...
---
data: T lin=0.150 ang=0.000 hcw=0.000 hce=0.0 gyr=0.00084 gyz=0.000 Lpwm=11 Rpwm=11 Lrpm=26 Rrpm=26 Ltrpm=10.6 Rtrpm=10.6 Lpi=-3.88 Rp...
---
data: T lin=0.150 ang=0.000 hcw=0.000 hce=0.0 gyr=-0.00156 gyz=0.000 Lpwm=14 Rpwm=11 Lrpm=13 Rrpm=26 Ltrpm=10.6 Rtrpm=10.6 Lpi=-0.65 R...
---
data: T lin=0.150 ang=0.000 hcw=0.000 hce=0.0 gyr=0.00427 gyz=0.000 Lpwm=11 Rpwm=11 Lrpm=26 Rrpm=26 Ltrpm=10.6 Rtrpm=10.6 Lpi=-3.95 Rp...
---
data: T lin=0.150 ang=0.000 hcw=0.000 hce=0.0 gyr=-0.00143 gyz=0.000 Lpwm=10 Rpwm=11 Lrpm=39 Rrpm=26 Ltrpm=10.6 Rtrpm=10.6 Lpi=-6.00 R...
---
data: T lin=0.150 ang=0.000 hcw=0.000 hce=0.0 gyr=0.00105 gyz=0.000 Lpwm=14 Rpwm=14 Lrpm=13 Rrpm=13 Ltrpm=10.6 Rtrpm=10.6 Lpi=-0.68 Rp...
---
data: T lin=0.150 ang=0.000 hcw=0.000 hce=0.0 gyr=-0.00121 gyz=0.000 Lpwm=11 Rpwm=10 Lrpm=25 Rrpm=38 Ltrpm=10.6 Rtrpm=10.6 Lpi=-3.70 R...
---
data: T lin=0.150 ang=0.000 hcw=0.000 hce=0.0 gyr=0.00088 gyz=0.000 Lpwm=11 Rpwm=11 Lrpm=25 Rrpm=25 Ltrpm=10.6 Rtrpm=10.6 Lpi=-3.70 Rp...
---
data: T lin=0.150 ang=0.000 hcw=0.000 hce=0.0 gyr=-0.00053 gyz=0.000 Lpwm=11 Rpwm=11 Lrpm=25 Rrpm=25 Ltrpm=10.6 Rtrpm=10.6 Lpi=-3.76 R...
---
data: T lin=0.150 ang=0.000 hcw=0.000 hce=0.0 gyr=0.00141 gyz=0.000 Lpwm=14 Rpwm=14 Lrpm=13 Rrpm=13 Ltrpm=10.6 Rtrpm=10.6 Lpi=-0.65 Rp...
---
data: T lin=0.150 ang=0.000 hcw=0.000 hce=0.0 gyr=0.00041 gyz=0.000 Lpwm=11 Rpwm=11 Lrpm=25 Rrpm=25 Ltrpm=10.6 Rtrpm=10.6 Lpi=-3.82 Rp...
---
data: T lin=0.150 ang=0.000 hcw=0.000 hce=0.0 gyr=0.00053 gyz=0.000 Lpwm=11 Rpwm=11 Lrpm=26 Rrpm=26 Ltrpm=10.6 Rtrpm=10.6 Lpi=-3.95 Rp...
---
data: T lin=0.150 ang=0.000 hcw=0.000 hce=0.0 gyr=-0.00088 gyz=0.000 Lpwm=11 Rpwm=11 Lrpm=26 Rrpm=26 Ltrpm=10.6 Rtrpm=10.6 Lpi=-3.95 R...
---
data: T lin=0.150 ang=0.000 hcw=0.000 hce=0.0 gyr=-0.00014 gyz=0.000 Lpwm=14 Rpwm=11 Lrpm=13 Rrpm=26 Ltrpm=10.6 Rtrpm=10.6 Lpi=-0.65 R...
---
data: T lin=0.150 ang=0.000 hcw=0.000 hce=0.0 gyr=0.00008 gyz=0.000 Lpwm=11 Rpwm=14 Lrpm=26 Rrpm=13 Ltrpm=10.6 Rtrpm=10.6 Lpi=-3.88 Rp...
---
data: T lin=0.150 ang=0.000 hcw=0.000 hce=0.0 gyr=0.00079 gyz=0.000 Lpwm=11 Rpwm=11 Lrpm=26 Rrpm=26 Ltrpm=10.6 Rtrpm=10.6 Lpi=-4.01 Rp...
---
data: T lin=0.150 ang=0.000 hcw=0.000 hce=0.0 gyr=0.00016 gyz=0.000 Lpwm=11 Rpwm=11 Lrpm=26 Rrpm=26 Ltrpm=10.6 Rtrpm=10.6 Lpi=-4.01 Rp...
---
data: T lin=0.150 ang=0.000 hcw=0.000 hce=0.0 gyr=-0.00035 gyz=0.000 Lpwm=14 Rpwm=11 Lrpm=13 Rrpm=26 Ltrpm=10.6 Rtrpm=10.6 Lpi=-0.68 R...
---
data: T lin=0.150 ang=0.000 hcw=0.000 hce=0.0 gyr=0.00019 gyz=0.000 Lpwm=11 Rpwm=11 Lrpm=26 Rrpm=26 Ltrpm=10.6 Rtrpm=10.6 Lpi=-4.01 Rp...
---
data: T lin=0.150 ang=0.000 hcw=0.000 hce=0.0 gyr=0.00026 gyz=0.000 Lpwm=11 Rpwm=14 Lrpm=26 Rrpm=13 Ltrpm=10.6 Rtrpm=10.6 Lpi=-3.95 Rp...
---
data: T lin=0.150 ang=0.000 hcw=0.000 hce=0.0 gyr=-0.00037 gyz=0.000 Lpwm=11 Rpwm=11 Lrpm=26 Rrpm=26 Ltrpm=10.6 Rtrpm=10.6 Lpi=-4.01 R...
---
data: T lin=0.150 ang=0.000 hcw=0.000 hce=0.0 gyr=0.00073 gyz=0.000 Lpwm=14 Rpwm=11 Lrpm=13 Rrpm=26 Ltrpm=10.6 Rtrpm=10.6 Lpi=-0.68 Rp...
---
data: T lin=0.150 ang=0.000 hcw=0.000 hce=0.0 gyr=-0.00120 gyz=0.000 Lpwm=11 Rpwm=11 Lrpm=26 Rrpm=26 Ltrpm=10.6 Rtrpm=10.6 Lpi=-3.95 R...
---
data: T lin=0.000 ang=0.000 Lpwm=0 Rpwm=0 Lrpm=0 Rrpm=0 Ld=F Rd=F LmA=0.00 RmA=0.00
---
