data: T lin=0.150 ang=0.000 hcw=0.000 hce=0.0 gyr=-0.00055 gyz=0.000 Lpwm=15 Rpwm=15 Lrpm=0 Rrpm=0 Ltrpm=10.6 Rtrpm=10.6 Lpi=0.00 Rpi=...
---
data: T lin=0.150 ang=0.000 hcw=0.000 hce=0.0 gyr=-0.00035 gyz=0.000 Lpwm=15 Rpwm=15 Lrpm=0 Rrpm=0 Ltrpm=10.6 Rtrpm=10.6 Lpi=0.00 Rpi=...
---
data: T lin=0.150 ang=0.000 hcw=0.000 hce=0.0 gyr=-0.00260 gyz=0.000 Lpwm=15 Rpwm=15 Lrpm=0 Rrpm=0 Ltrpm=10.6 Rtrpm=10.6 Lpi=0.00 Rpi=...
---
data: T lin=0.150 ang=0.000 hcw=0.000 hce=0.0 gyr=-0.00245 gyz=0.000 Lpwm=15 Rpwm=15 Lrpm=0 Rrpm=0 Ltrpm=10.6 Rtrpm=10.6 Lpi=0.00 Rpi=...
---
data: T lin=0.150 ang=0.000 hcw=0.000 hce=0.0 gyr=-0.00188 gyz=0.000 Lpwm=15 Rpwm=15 Lrpm=0 Rrpm=0 Ltrpm=10.6 Rtrpm=10.6 Lpi=0.00 Rpi=...
---
data: T lin=0.150 ang=0.000 hcw=0.000 hce=0.0 gyr=-0.00057 gyz=0.000 Lpwm=15 Rpwm=15 Lrpm=26 Rrpm=26 Ltrpm=10.6 Rtrpm=10.6 Lpi=0.00 Rp...
---
data: T lin=0.150 ang=0.000 hcw=0.000 hce=0.0 gyr=-0.00278 gyz=0.000 Lpwm=15 Rpwm=15 Lrpm=26 Rrpm=26 Ltrpm=10.6 Rtrpm=10.6 Lpi=0.00 Rp...
---
data: T lin=0.150 ang=0.000 hcw=0.000 hce=0.0 gyr=-0.00008 gyz=0.000 Lpwm=15 Rpwm=15 Lrpm=39 Rrpm=39 Ltrpm=10.6 Rtrpm=10.6 Lpi=0.00 Rp...
---
data: T lin=0.150 ang=0.000 hcw=0.000 hce=0.0 gyr=0.00065 gyz=0.000 Lpwm=15 Rpwm=15 Lrpm=26 Rrpm=26 Ltrpm=10.6 Rtrpm=10.6 Lpi=0.00 Rpi...
---
data: T lin=0.150 ang=0.000 hcw=0.000 hce=0.0 gyr=-0.00059 gyz=0.000 Lpwm=15 Rpwm=15 Lrpm=39 Rrpm=39 Ltrpm=10.6 Rtrpm=10.6 Lpi=0.00 Rp...
---
data: T lin=0.150 ang=0.000 hcw=0.000 hce=0.0 gyr=-0.00016 gyz=0.000 Lpwm=21 Rpwm=10 Lrpm=26 Rrpm=40 Ltrpm=10.6 Rtrpm=10.6 Lpi=0.00 Rp...
---
data: T lin=0.150 ang=0.000 hcw=0.000 hce=0.0 gyr=-0.00125 gyz=0.000 Lpwm=10 Rpwm=21 Lrpm=39 Rrpm=26 Ltrpm=10.6 Rtrpm=10.6 Lpi=0.00 Rp...
---
data: T lin=0.150 ang=0.000 hcw=0.000 hce=0.0 gyr=0.00060 gyz=0.000 Lpwm=10 Rpwm=21 Lrpm=40 Rrpm=26 Ltrpm=10.6 Rtrpm=10.6 Lpi=0.00 Rpi...
---
data: T lin=0.150 ang=0.000 hcw=0.000 hce=0.0 gyr=-0.00154 gyz=0.000 Lpwm=21 Rpwm=10 Lrpm=39 Rrpm=52 Ltrpm=10.6 Rtrpm=10.6 Lpi=0.00 Rp...
---
data: T lin=0.150 ang=0.000 hcw=0.000 hce=0.0 gyr=0.00155 gyz=0.000 Lpwm=21 Rpwm=10 Lrpm=26 Rrpm=39 Ltrpm=10.6 Rtrpm=10.6 Lpi=0.00 Rpi...
---
data: T lin=0.150 ang=0.000 hcw=0.000 hce=0.0 gyr=0.00168 gyz=0.000 Lpwm=10 Rpwm=21 Lrpm=52 Rrpm=39 Ltrpm=10.6 Rtrpm=10.6 Lpi=0.00 Rpi...
---
data: T lin=0.150 ang=0.000 hcw=0.000 hce=0.0 gyr=-0.00030 gyz=0.000 Lpwm=15 Rpwm=15 Lrpm=38 Rrpm=38 Ltrpm=10.6 Rtrpm=10.6 Lpi=0.00 Rp...
---
data: T lin=0.150 ang=0.000 hcw=0.000 hce=0.0 gyr=-0.00050 gyz=0.000 Lpwm=15 Rpwm=15 Lrpm=38 Rrpm=38 Ltrpm=10.6 Rtrpm=10.6 Lpi=0.00 Rp...
---
data: T lin=0.150 ang=0.000 hcw=0.000 hce=0.0 gyr=-0.00141 gyz=0.000 Lpwm=15 Rpwm=15 Lrpm=40 Rrpm=40 Ltrpm=10.6 Rtrpm=10.6 Lpi=0.00 Rp...
---
data: T lin=0.150 ang=0.000 hcw=0.000 hce=0.0 gyr=-0.00054 gyz=0.000 Lpwm=21 Rpwm=10 Lrpm=25 Rrpm=38 Ltrpm=10.6 Rtrpm=10.6 Lpi=0.00 Rp...
---
data: T lin=0.150 ang=0.000 hcw=0.000 hce=0.0 gyr=-0.00087 gyz=0.000 Lpwm=10 Rpwm=21 Lrpm=39 Rrpm=26 Ltrpm=10.6 Rtrpm=10.6 Lpi=0.00 Rp...
---
data: T lin=0.150 ang=0.000 hcw=0.000 hce=0.0 gyr=0.00178 gyz=0.000 Lpwm=15 Rpwm=15 Lrpm=40 Rrpm=40 Ltrpm=10.6 Rtrpm=10.6 Lpi=0.00 Rpi...
---
data: T lin=0.150 ang=0.000 hcw=0.000 hce=0.0 gyr=-0.00060 gyz=0.000 Lpwm=15 Rpwm=15 Lrpm=39 Rrpm=39 Ltrpm=10.6 Rtrpm=10.6 Lpi=0.00 Rp...
---
data: T lin=0.150 ang=0.000 hcw=0.000 hce=0.0 gyr=-0.00038 gyz=0.000 Lpwm=21 Rpwm=10 Lrpm=26 Rrpm=40 Ltrpm=10.6 Rtrpm=10.6 Lpi=0.00 Rp...
---
data: T lin=0.150 ang=0.000 hcw=0.000 hce=0.0 gyr=-0.00015 gyz=0.000 Lpwm=10 Rpwm=21 Lrpm=40 Rrpm=26 Ltrpm=10.6 Rtrpm=10.6 Lpi=0.00 Rp...
---
data: T lin=0.150 ang=0.000 hcw=0.000 hce=0.0 gyr=0.00112 gyz=0.000 Lpwm=10 Rpwm=21 Lrpm=52 Rrpm=39 Ltrpm=10.6 Rtrpm=10.6 Lpi=0.00 Rpi...
---
data: T lin=0.150 ang=0.000 hcw=0.000 hce=0.0 gyr=-0.00152 gyz=0.000 Lpwm=21 Rpwm=10 Lrpm=26 Rrpm=39 Ltrpm=10.6 Rtrpm=10.6 Lpi=0.00 Rp...
---
data: T lin=0.150 ang=0.000 hcw=0.000 hce=0.0 gyr=0.00036 gyz=0.000 Lpwm=21 Rpwm=10 Lrpm=39 Rrpm=52 Ltrpm=10.6 Rtrpm=10.6 Lpi=0.00 Rpi...
---
data: T lin=0.150 ang=0.000 hcw=0.000 hce=0.0 gyr=0.00237 gyz=0.000 Lpwm=10 Rpwm=21 Lrpm=39 Rrpm=26 Ltrpm=10.6 Rtrpm=10.6 Lpi=0.00 Rpi...
---
data: T lin=0.150 ang=0.000 hcw=0.000 hce=0.0 gyr=-0.00070 gyz=0.000 Lpwm=15 Rpwm=15 Lrpm=39 Rrpm=39 Ltrpm=10.6 Rtrpm=10.6 Lpi=0.00 Rp...
---
data: T lin=0.150 ang=0.000 hcw=0.000 hce=0.0 gyr=-0.00051 gyz=0.000 Lpwm=15 Rpwm=15 Lrpm=39 Rrpm=39 Ltrpm=10.6 Rtrpm=10.6 Lpi=0.00 Rp...
---
data: T lin=0.150 ang=0.000 hcw=0.000 hce=0.0 gyr=-0.00186 gyz=0.000 Lpwm=15 Rpwm=15 Lrpm=39 Rrpm=39 Ltrpm=10.6 Rtrpm=10.6 Lpi=0.00 Rp...
---
data: T lin=0.150 ang=0.000 hcw=0.000 hce=0.0 gyr=0.00130 gyz=0.000 Lpwm=21 Rpwm=10 Lrpm=26 Rrpm=39 Ltrpm=10.6 Rtrpm=10.6 Lpi=0.00 Rpi...
---
data: T lin=0.150 ang=0.000 hcw=0.000 hce=0.0 gyr=0.00014 gyz=0.000 Lpwm=10 Rpwm=21 Lrpm=40 Rrpm=26 Ltrpm=10.6 Rtrpm=10.6 Lpi=0.00 Rpi...
---
data: T lin=0.150 ang=0.000 hcw=0.000 hce=0.0 gyr=0.00157 gyz=0.000 Lpwm=15 Rpwm=15 Lrpm=40 Rrpm=40 Ltrpm=10.6 Rtrpm=10.6 Lpi=0.00 Rpi...
---
data: T lin=0.150 ang=0.000 hcw=0.000 hce=0.0 gyr=-0.00067 gyz=0.000 Lpwm=15 Rpwm=15 Lrpm=40 Rrpm=40 Ltrpm=10.6 Rtrpm=10.6 Lpi=0.00 Rp...
---
data: T lin=0.150 ang=0.000 hcw=0.000 hce=0.0 gyr=-0.00081 gyz=0.000 Lpwm=21 Rpwm=10 Lrpm=26 Rrpm=39 Ltrpm=10.6 Rtrpm=10.6 Lpi=0.00 Rp...
---
data: T lin=0.150 ang=0.000 hcw=0.000 hce=0.0 gyr=-0.00054 gyz=0.000 Lpwm=10 Rpwm=21 Lrpm=39 Rrpm=26 Ltrpm=10.6 Rtrpm=10.6 Lpi=0.00 Rp...
---
data: T lin=0.000 ang=0.000 Lpwm=0 Rpwm=0 Lrpm=0 Rrpm=0 Ld=F Rd=F LmA=0.00 RmA=0.00
---
