data: T lin=0.150 ang=0.000 hcw=0.000 hce=0.0 gyr=-0.00038 gyz=0.000 Lpwm=15 Rpwm=15 Lrpm=0 Rrpm=0 Ltrpm=10.6 Rtrpm=10.6 Lpi=0.00 Rpi=...
---
data: T lin=0.150 ang=0.000 hcw=0.000 hce=0.0 gyr=-0.00181 gyz=0.000 Lpwm=15 Rpwm=15 Lrpm=0 Rrpm=0 Ltrpm=10.6 Rtrpm=10.6 Lpi=0.00 Rpi=...
---
data: T lin=0.150 ang=0.000 hcw=0.000 hce=0.0 gyr=0.00036 gyz=0.000 Lpwm=15 Rpwm=13 Lrpm=13 Rrpm=26 Ltrpm=10.6 Rtrpm=10.6 Lpi=-0.39 Rp...
---
data: T lin=0.150 ang=0.000 hcw=0.000 hce=0.0 gyr=0.00121 gyz=0.000 Lpwm=11 Rpwm=13 Lrpm=40 Rrpm=26 Ltrpm=10.6 Rtrpm=10.6 Lpi=-4.41 Rp...
---
data: T lin=0.150 ang=0.000 hcw=0.000 hce=0.0 gyr=-0.00141 gyz=0.000 Lpwm=13 Rpwm=11 Lrpm=26 Rrpm=40 Ltrpm=10.6 Rtrpm=10.6 Lpi=-2.41 R...
---
data: T lin=0.150 ang=0.000 hcw=0.000 hce=0.0 gyr=0.00195 gyz=0.000 Lpwm=13 Rpwm=13 Lrpm=26 Rrpm=26 Ltrpm=10.6 Rtrpm=10.6 Lpi=-2.37 Rp...
---
data: T lin=0.150 ang=0.000 hcw=0.000 hce=0.0 gyr=-0.00138 gyz=0.000 Lpwm=13 Rpwm=13 Lrpm=26 Rrpm=26 Ltrpm=10.6 Rtrpm=10.6 Lpi=-2.33 R...
---
data: T lin=0.150 ang=0.000 hcw=0.000 hce=0.0 gyr=0.00150 gyz=0.000 Lpwm=13 Rpwm=13 Lrpm=26 Rrpm=26 Ltrpm=10.6 Rtrpm=10.6 Lpi=-2.33 Rp...
---
data: T lin=0.150 ang=0.000 hcw=0.000 hce=0.0 gyr=-0.00115 gyz=0.000 Lpwm=13 Rpwm=13 Lrpm=25 Rrpm=25 Ltrpm=10.6 Rtrpm=10.6 Lpi=-2.25 R...
---
data: T lin=0.150 ang=0.000 hcw=0.000 hce=0.0 gyr=0.00080 gyz=0.000 Lpwm=11 Rpwm=11 Lrpm=38 Rrpm=38 Ltrpm=10.6 Rtrpm=10.6 Lpi=-4.12 Rp...
---
data: T lin=0.150 ang=0.000 hcw=0.000 hce=0.0 gyr=-0.00011 gyz=0.000 Lpwm=13 Rpwm=13 Lrpm=25 Rrpm=25 Ltrpm=10.6 Rtrpm=10.6 Lpi=-2.29 R...
---
data: T lin=0.150 ang=0.000 hcw=0.000 hce=0.0 gyr=0.00071 gyz=0.000 Lpwm=15 Rpwm=13 Lrpm=13 Rrpm=26 Ltrpm=10.6 Rtrpm=10.6 Lpi=-0.39 Rp...
---
data: T lin=0.150 ang=0.000 hcw=0.000 hce=0.0 gyr=0.00019 gyz=0.000 Lpwm=11 Rpwm=13 Lrpm=39 Rrpm=26 Ltrpm=10.6 Rtrpm=10.6 Lpi=-4.29 Rp...
---
data: T lin=0.150 ang=0.000 hcw=0.000 hce=0.0 gyr=-0.00094 gyz=0.000 Lpwm=13 Rpwm=13 Lrpm=26 Rrpm=26 Ltrpm=10.6 Rtrpm=10.6 Lpi=-2.33 R...
---
data: T lin=0.150 ang=0.000 hcw=0.000 hce=0.0 gyr=0.00010 gyz=0.000 Lpwm=13 Rpwm=13 Lrpm=25 Rrpm=25 Ltrpm=10.6 Rtrpm=10.6 Lpi=-2.25 Rp...
---
data: T lin=0.150 ang=0.000 hcw=0.000 hce=0.0 gyr=-0.00100 gyz=0.000 Lpwm=13 Rpwm=13 Lrpm=26 Rrpm=26 Ltrpm=10.6 Rtrpm=10.6 Lpi=-2.41 R...
---
data: T lin=0.150 ang=0.000 hcw=0.000 hce=0.0 gyr=-0.00039 gyz=0.000 Lpwm=13 Rpwm=13 Lrpm=26 Rrpm=26 Ltrpm=10.6 Rtrpm=10.6 Lpi=-2.41 R...
---
data: T lin=0.150 ang=0.000 hcw=0.000 hce=0.0 gyr=-0.00014 gyz=0.000 Lpwm=13 Rpwm=13 Lrpm=25 Rrpm=25 Ltrpm=10.6 Rtrpm=10.6 Lpi=-2.22 R...
---
data: T lin=0.150 ang=0.000 hcw=0.000 hce=0.0 gyr=-0.00003 gyz=0.000 Lpwm=13 Rpwm=11 Lrpm=26 Rrpm=39 Ltrpm=10.6 Rtrpm=10.6 Lpi=-2.37 R...
---
data: T lin=0.150 ang=0.000 hcw=0.000 hce=0.0 gyr=-0.00005 gyz=0.000 Lpwm=13 Rpwm=13 Lrpm=26 Rrpm=26 Ltrpm=10.6 Rtrpm=10.6 Lpi=-2.33 R...
---
data: T lin=0.150 ang=0.000 hcw=0.000 hce=0.0 gyr=-0.00010 gyz=0.000 Lpwm=13 Rpwm=13 Lrpm=26 Rrpm=26 Ltrpm=10.6 Rtrpm=10.6 Lpi=-2.37 R...
---
data: T lin=0.150 ang=0.000 hcw=0.000 hce=0.0 gyr=0.00072 gyz=0.000 Lpwm=13 Rpwm=13 Lrpm=26 Rrpm=26 Ltrpm=10.6 Rtrpm=10.6 Lpi=-2.41 Rp...
---
data: T lin=0.150 ang=0.000 hcw=0.000 hce=0.0 gyr=-0.00052 gyz=0.000 Lpwm=13 Rpwm=13 Lrpm=26 Rrpm=26 Ltrpm=10.6 Rtrpm=10.6 Lpi=-2.37 R...
---
data: T lin=0.150 ang=0.000 hcw=0.000 hce=0.0 gyr=0.00066 gyz=0.000 Lpwm=11 Rpwm=13 Lrpm=39 Rrpm=26 Ltrpm=10.6 Rtrpm=10.6 Lpi=-4.35 Rp...
---
data: T lin=0.150 ang=0.000 hcw=0.000 hce=0.0 gyr=-0.00072 gyz=0.000 Lpwm=13 Rpwm=13 Lrpm=26 Rrpm=26 Ltrpm=10.6 Rtrpm=10.6 Lpi=-2.37 R...
---
data: T lin=0.150 ang=0.000 hcw=0.000 hce=0.0 gyr=-0.00011 gyz=0.000 Lpwm=15 Rpwm=11 Lrpm=13 Rrpm=39 Ltrpm=10.6 Rtrpm=10.6 Lpi=-0.37 R...
---
data: T lin=0.150 ang=0.000 hcw=0.000 hce=0.0 gyr=0.00005 gyz=0.000 Lpwm=11 Rpwm=13 Lrpm=38 Rrpm=25 Ltrpm=10.6 Rtrpm=10.6 Lpi=-4.23 Rp...
---
data: T lin=0.150 ang=0.000 hcw=0.000 hce=0.0 gyr=-0.00001 gyz=0.000 Lpwm=13 Rpwm=13 Lrpm=25 Rrpm=25 Ltrpm=10.6 Rtrpm=10.6 Lpi=-2.25 R...
---
data: T lin=0.150 ang=0.000 hcw=0.000 hce=0.0 gyr=-0.00021 gyz=0.000 Lpwm=13 Rpwm=13 Lrpm=26 Rrpm=26 Ltrpm=10.6 Rtrpm=10.6 Lpi=-2.41 R...
---
data: T lin=0.150 ang=0.000 hcw=0.000 hce=0.0 gyr=-0.00019 gyz=0.000 Lpwm=13 Rpwm=13 Lrpm=26 Rrpm=26 Ltrpm=10.6 Rtrpm=10.6 Lpi=-2.41 R...
---
data: T lin=0.150 ang=0.000 hcw=0.000 hce=0.0 gyr=-0.00088 gyz=0.000 Lpwm=13 Rpwm=13 Lrpm=26 Rrpm=26 Ltrpm=10.6 Rtrpm=10.6 Lpi=-2.41 R...
---
data: T lin=0.150 ang=0.000 hcw=0.000 hce=0.0 gyr=0.00075 gyz=0.000 Lpwm=13 Rpwm=11 Lrpm=26 Rrpm=40 Ltrpm=10.6 Rtrpm=10.6 Lpi=-2.41 Rp...
---
data: T lin=0.150 ang=0.000 hcw=0.000 hce=0.0 gyr=-0.00023 gyz=0.000 Lpwm=13 Rpwm=13 Lrpm=26 Rrpm=26 Ltrpm=10.6 Rtrpm=10.6 Lpi=-2.37 R...
---
data: T lin=0.150 ang=0.000 hcw=0.000 hce=0.0 gyr=-0.00068 gyz=0.000 Lpwm=13 Rpwm=13 Lrpm=25 Rrpm=25 Ltrpm=10.6 Rtrpm=10.6 Lpi=-2.18 R...
---
data: T lin=0.150 ang=0.000 hcw=0.000 hce=0.0 gyr=0.00047 gyz=0.000 Lpwm=11 Rpwm=13 Lrpm=38 Rrpm=25 Ltrpm=10.6 Rtrpm=10.6 Lpi=-4.12 Rp...
---
data: T lin=0.150 ang=0.000 hcw=0.000 hce=0.0 gyr=-0.00035 gyz=0.000 Lpwm=15 Rpwm=13 Lrpm=13 Rrpm=26 Ltrpm=10.6 Rtrpm=10.6 Lpi=-0.41 R...
---
data: T lin=0.150 ang=0.000 hcw=0.000 hce=0.0 gyr=0.00048 gyz=0.000 Lpwm=13 Rpwm=13 Lrpm=26 Rrpm=26 Ltrpm=10.6 Rtrpm=10.6 Lpi=-2.41 Rp...
---
data: T lin=0.150 ang=0.000 hcw=0.000 hce=0.0 gyr=0.00033 gyz=0.000 Lpwm=11 Rpwm=13 Lrpm=40 Rrpm=26 Ltrpm=10.6 Rtrpm=10.6 Lpi=-4.41 Rp...
---
data: T lin=0.000 ang=0.000 Lpwm=0 Rpwm=0 Lrpm=0 Rrpm=0 Ld=F Rd=F LmA=0.00 RmA=0.00
---
