data: T lin=0.150 ang=0.000 hcw=0.000 hce=0.0 gyr=0.00000 gyz=0.000 Lpwm=15 Rpwm=15 Lrpm=0 Rrpm=0 Ltrpm=10.6 Rtrpm=10.6 Lpi=0.00 Rpi=0...
---
data: T lin=0.150 ang=0.000 hcw=0.000 hce=0.0 gyr=-0.00085 gyz=0.000 Lpwm=14 Rpwm=14 Lrpm=13 Rrpm=13 Ltrpm=10.6 Rtrpm=10.6 Lpi=-1.48 R...
---
data: T lin=0.150 ang=0.000 hcw=0.000 hce=0.0 gyr=-0.00020 gyz=0.000 Lpwm=0 Rpwm=0 Lrpm=25 Rrpm=25 Ltrpm=10.6 Rtrpm=10.6 Lpi=-6.00 Rpi...
---
data: T lin=0.150 ang=0.000 hcw=0.000 hce=0.0 gyr=-0.00027 gyz=0.000 Lpwm=10 Rpwm=10 Lrpm=26 Rrpm=26 Ltrpm=10.6 Rtrpm=10.6 Lpi=-6.00 R...
---
data: T lin=0.150 ang=0.000 hcw=0.000 hce=0.0 gyr=-0.00142 gyz=0.000 Lpwm=14 Rpwm=10 Lrpm=13 Rrpm=26 Ltrpm=10.6 Rtrpm=10.6 Lpi=-1.48 R...
---
data: T lin=0.150 ang=0.000 hcw=0.000 hce=0.0 gyr=0.00267 gyz=0.000 Lpwm=0 Rpwm=14 Lrpm=26 Rrpm=13 Ltrpm=10.6 Rtrpm=10.6 Lpi=-6.00 Rpi...
---
data: T lin=0.150 ang=0.000 hcw=0.000 hce=0.0 gyr=-0.00065 gyz=0.000 Lpwm=14 Rpwm=0 Lrpm=12 Rrpm=24 Ltrpm=10.6 Rtrpm=10.6 Lpi=-1.04 Rp...
---
data: T lin=0.150 ang=0.000 hcw=0.000 hce=0.0 gyr=0.00051 gyz=0.000 Lpwm=14 Rpwm=10 Lrpm=12 Rrpm=24 Ltrpm=10.6 Rtrpm=10.6 Lpi=-1.04 Rp...
---
data: T lin=0.150 ang=0.000 hcw=0.000 hce=0.0 gyr=-0.00100 gyz=0.000 Lpwm=10 Rpwm=10 Lrpm=22 Rrpm=22 Ltrpm=10.6 Rtrpm=10.6 Lpi=-6.00 R...
---
data: T lin=0.150 ang=0.000 hcw=0.000 hce=0.0 gyr=-0.00056 gyz=0.000 Lpwm=10 Rpwm=14 Lrpm=25 Rrpm=12 Ltrpm=10.6 Rtrpm=10.6 Lpi=-6.00 R...
---
data: T lin=0.150 ang=0.000 hcw=0.000 hce=0.0 gyr=0.00044 gyz=0.000 Lpwm=10 Rpwm=10 Lrpm=25 Rrpm=25 Ltrpm=10.6 Rtrpm=10.6 Lpi=-6.00 Rp...
---
data: T lin=0.150 ang=0.000 hcw=0.000 hce=0.0 gyr=0.00092 gyz=0.000 Lpwm=13 Rpwm=0 Lrpm=13 Rrpm=26 Ltrpm=10.6 Rtrpm=10.6 Lpi=-1.63 Rpi...
---
data: T lin=0.150 ang=0.000 hcw=0.000 hce=0.0 gyr=-0.00031 gyz=0.000 Lpwm=10 Rpwm=10 Lrpm=26 Rrpm=26 Ltrpm=10.6 Rtrpm=10.6 Lpi=-6.00 R...
---
data: T lin=0.150 ang=0.000 hcw=0.000 hce=0.0 gyr=-0.00135 gyz=0.000 Lpwm=14 Rpwm=14 Lrpm=13 Rrpm=13 Ltrpm=10.6 Rtrpm=10.6 Lpi=-1.48 R...
---
data: T lin=0.150 ang=0.000 hcw=0.000 hce=0.0 gyr=-0.00047 gyz=0.000 Lpwm=10 Rpwm=13 Lrpm=26 Rrpm=13 Ltrpm=10.6 Rtrpm=10.6 Lpi=-6.00 R...
---
data: T lin=0.150 ang=0.000 hcw=0.000 hce=0.0 gyr=0.00254 gyz=0.000 Lpwm=0 Rpwm=10 Lrpm=26 Rrpm=26 Ltrpm=10.6 Rtrpm=10.6 Lpi=-6.00 Rpi...
---
data: T lin=0.150 ang=0.000 hcw=0.000 hce=0.0 gyr=-0.00235 gyz=0.000 Lpwm=14 Rpwm=10 Lrpm=13 Rrpm=39 Ltrpm=10.6 Rtrpm=10.6 Lpi=-1.48 R...
---
data: T lin=0.150 ang=0.000 hcw=0.000 hce=0.0 gyr=0.00137 gyz=0.000 Lpwm=10 Rpwm=14 Lrpm=24 Rrpm=12 Ltrpm=10.6 Rtrpm=10.6 Lpi=-6.00 Rp...
---
data: T lin=0.150 ang=0.000 hcw=0.000 hce=0.0 gyr=0.00010 gyz=0.000 Lpwm=10 Rpwm=10 Lrpm=25 Rrpm=25 Ltrpm=10.6 Rtrpm=10.6 Lpi=-6.00 Rp...
---
data: T lin=0.150 ang=0.000 hcw=0.000 hce=0.0 gyr=0.00054 gyz=0.000 Lpwm=13 Rpwm=10 Lrpm=13 Rrpm=26 Ltrpm=10.6 Rtrpm=10.6 Lpi=-1.55 Rp...
---
data: T lin=0.150 ang=0.000 hcw=0.000 hce=0.0 gyr=-0.00082 gyz=0.000 Lpwm=10 Rpwm=14 Lrpm=26 Rrpm=13 Ltrpm=10.6 Rtrpm=10.6 Lpi=-6.00 R...
---
data: T lin=0.150 ang=0.000 hcw=0.000 hce=0.0 gyr=-0.00014 gyz=0.000 Lpwm=14 Rpwm=10 Lrpm=13 Rrpm=26 Ltrpm=10.6 Rtrpm=10.6 Lpi=-1.48 R...
---
data: T lin=0.150 ang=0.000 hcw=0.000 hce=0.0 gyr=-0.00070 gyz=0.000 Lpwm=0 Rpwm=10 Lrpm=25 Rrpm=25 Ltrpm=10.6 Rtrpm=10.6 Lpi=-6.00 Rp...
---
data: T lin=0.150 ang=0.000 hcw=0.000 hce=0.0 gyr=0.00014 gyz=0.000 Lpwm=10 Rpwm=10 Lrpm=26 Rrpm=26 Ltrpm=10.6 Rtrpm=10.6 Lpi=-6.00 Rp...
---
data: T lin=0.150 ang=0.000 hcw=0.000 hce=0.0 gyr=-0.00022 gyz=0.000 Lpwm=13 Rpwm=13 Lrpm=13 Rrpm=13 Ltrpm=10.6 Rtrpm=10.6 Lpi=-1.55 R...
---
data: T lin=0.150 ang=0.000 hcw=0.000 hce=0.0 gyr=0.00013 gyz=0.000 Lpwm=10 Rpwm=10 Lrpm=26 Rrpm=26 Ltrpm=10.6 Rtrpm=10.6 Lpi=-6.00 Rp...
---
data: T lin=0.150 ang=0.000 hcw=0.000 hce=0.0 gyr=0.00030 gyz=0.000 Lpwm=10 Rpwm=10 Lrpm=26 Rrpm=26 Ltrpm=10.6 Rtrpm=10.6 Lpi=-6.00 Rp...
---
data: T lin=0.150 ang=0.000 hcw=0.000 hce=0.0 gyr=-0.00103 gyz=0.000 Lpwm=13 Rpwm=13 Lrpm=13 Rrpm=13 Ltrpm=10.6 Rtrpm=10.6 Lpi=-1.63 R...
---
data: T lin=0.000 ang=0.000 Lpwm=0 Rpwm=0 Lrpm=0 Rrpm=0 Ld=F Rd=F LmA=0.00 RmA=0.00
---
