data: T lin=0.150 ang=0.000 hcw=0.000 hce=0.0 gyr=0.00048 gyz=0.000 Lpwm=15 Rpwm=15 Lrpm=0 Rrpm=0 Ltrpm=10.6 Rtrpm=10.6 Lpi=0.00 Rpi=0...
---
data: T lin=0.150 ang=0.000 hcw=0.000 hce=0.0 gyr=-0.00099 gyz=0.000 Lpwm=15 Rpwm=14 Lrpm=0 Rrpm=11 Ltrpm=10.6 Rtrpm=10.6 Lpi=0.00 Rpi...
---
data: T lin=0.150 ang=0.000 hcw=0.000 hce=0.0 gyr=0.00023 gyz=0.000 Lpwm=10 Rpwm=10 Lrpm=26 Rrpm=26 Ltrpm=10.6 Rtrpm=10.6 Lpi=-6.00 Rp...
---
data: T lin=0.150 ang=0.000 hcw=0.000 hce=0.0 gyr=0.00060 gyz=0.000 Lpwm=10 Rpwm=10 Lrpm=39 Rrpm=26 Ltrpm=10.6 Rtrpm=10.6 Lpi=-6.00 Rp...
---
data: T lin=0.150 ang=0.000 hcw=0.000 hce=0.0 gyr=-0.00220 gyz=0.000 Lpwm=14 Rpwm=10 Lrpm=13 Rrpm=26 Ltrpm=10.6 Rtrpm=10.6 Lpi=-1.09 R...
---
data: T lin=0.150 ang=0.000 hcw=0.000 hce=0.0 gyr=0.00417 gyz=0.000 Lpwm=10 Rpwm=14 Lrpm=25 Rrpm=12 Ltrpm=10.6 Rtrpm=10.6 Lpi=-6.00 Rp...
---
data: T lin=0.150 ang=0.000 hcw=0.000 hce=0.0 gyr=-0.00026 gyz=0.000 Lpwm=10 Rpwm=0 Lrpm=25 Rrpm=25 Ltrpm=10.6 Rtrpm=10.6 Lpi=-5.91 Rp...
---
data: T lin=0.150 ang=0.000 hcw=0.000 hce=0.0 gyr=0.00166 gyz=0.000 Lpwm=14 Rpwm=10 Lrpm=13 Rrpm=26 Ltrpm=10.6 Rtrpm=10.6 Lpi=-0.98 Rp...
---
data: T lin=0.150 ang=0.000 hcw=0.000 hce=0.0 gyr=-0.00178 gyz=0.000 Lpwm=0 Rpwm=14 Lrpm=25 Rrpm=12 Ltrpm=10.6 Rtrpm=10.6 Lpi=-6.00 Rp...
---
data: T lin=0.150 ang=0.000 hcw=0.000 hce=0.0 gyr=-0.00016 gyz=0.000 Lpwm=10 Rpwm=10 Lrpm=26 Rrpm=26 Ltrpm=10.6 Rtrpm=10.6 Lpi=-6.00 R...
---
data: T lin=0.150 ang=0.000 hcw=0.000 hce=0.0 gyr=-0.00175 gyz=0.000 Lpwm=14 Rpwm=10 Lrpm=13 Rrpm=26 Ltrpm=10.6 Rtrpm=10.6 Lpi=-1.09 R...
---
data: T lin=0.150 ang=0.000 hcw=0.000 hce=0.0 gyr=0.00115 gyz=0.000 Lpwm=14 Rpwm=14 Lrpm=12 Rrpm=12 Ltrpm=10.6 Rtrpm=10.6 Lpi=-0.93 Rp...
---
data: T lin=0.150 ang=0.000 hcw=0.000 hce=0.0 gyr=0.00020 gyz=0.000 Lpwm=0 Rpwm=0 Lrpm=39 Rrpm=26 Ltrpm=10.6 Rtrpm=10.6 Lpi=-6.00 Rpi=...
---
data: T lin=0.150 ang=0.000 hcw=0.000 hce=0.0 gyr=-0.00154 gyz=0.000 Lpwm=10 Rpwm=10 Lrpm=24 Rrpm=24 Ltrpm=10.6 Rtrpm=10.6 Lpi=-5.63 R...
---
data: T lin=0.150 ang=0.000 hcw=0.000 hce=0.0 gyr=0.00125 gyz=0.000 Lpwm=10 Rpwm=10 Lrpm=24 Rrpm=24 Ltrpm=10.6 Rtrpm=10.6 Lpi=-5.63 Rp...
---
data: T lin=0.150 ang=0.000 hcw=0.000 hce=0.0 gyr=-0.00119 gyz=0.000 Lpwm=15 Rpwm=15 Lrpm=11 Rrpm=11 Ltrpm=10.6 Rtrpm=10.6 Lpi=-0.28 R...
---
data: T lin=0.150 ang=0.000 hcw=0.000 hce=0.0 gyr=0.00124 gyz=0.000 Lpwm=10 Rpwm=10 Lrpm=25 Rrpm=25 Ltrpm=10.6 Rtrpm=10.6 Lpi=-6.00 Rp...
---
data: T lin=0.150 ang=0.000 hcw=0.000 hce=0.0 gyr=-0.00025 gyz=0.000 Lpwm=10 Rpwm=10 Lrpm=26 Rrpm=26 Ltrpm=10.6 Rtrpm=10.6 Lpi=-6.00 R...
---
data: T lin=0.150 ang=0.000 hcw=0.000 hce=0.0 gyr=-0.00082 gyz=0.000 Lpwm=14 Rpwm=10 Lrpm=13 Rrpm=26 Ltrpm=10.6 Rtrpm=10.6 Lpi=-1.04 R...
---
data: T lin=0.150 ang=0.000 hcw=0.000 hce=0.0 gyr=0.00175 gyz=0.000 Lpwm=10 Rpwm=14 Lrpm=26 Rrpm=13 Ltrpm=10.6 Rtrpm=10.6 Lpi=-6.00 Rp...
---
data: T lin=0.150 ang=0.000 hcw=0.000 hce=0.0 gyr=-0.00196 gyz=0.000 Lpwm=10 Rpwm=10 Lrpm=26 Rrpm=26 Ltrpm=10.6 Rtrpm=10.6 Lpi=-6.00 R...
---
data: T lin=0.150 ang=0.000 hcw=0.000 hce=0.0 gyr=0.00057 gyz=0.000 Lpwm=14 Rpwm=10 Lrpm=13 Rrpm=26 Ltrpm=10.6 Rtrpm=10.6 Lpi=-1.09 Rp...
---
data: T lin=0.150 ang=0.000 hcw=0.000 hce=0.0 gyr=0.00063 gyz=0.000 Lpwm=10 Rpwm=14 Lrpm=26 Rrpm=13 Ltrpm=10.6 Rtrpm=10.6 Lpi=-6.00 Rp...
---
data: T lin=0.150 ang=0.000 hcw=0.000 hce=0.0 gyr=0.00106 gyz=0.000 Lpwm=10 Rpwm=10 Lrpm=26 Rrpm=26 Ltrpm=10.6 Rtrpm=10.6 Lpi=-6.00 Rp...
---
data: T lin=0.150 ang=0.000 hcw=0.000 hce=0.0 gyr=-0.00114 gyz=0.000 Lpwm=14 Rpwm=10 Lrpm=12 Rrpm=25 Ltrpm=10.6 Rtrpm=10.6 Lpi=-0.93 R...
---
data: T lin=0.150 ang=0.000 hcw=0.000 hce=0.0 gyr=0.00004 gyz=0.000 Lpwm=10 Rpwm=10 Lrpm=24 Rrpm=24 Ltrpm=10.6 Rtrpm=10.6 Lpi=-5.72 Rp...
---
data: T lin=0.150 ang=0.000 hcw=0.000 hce=0.0 gyr=0.00025 gyz=0.000 Lpwm=10 Rpwm=14 Lrpm=26 Rrpm=13 Ltrpm=10.6 Rtrpm=10.6 Lpi=-6.00 Rp...
---
data: T lin=0.150 ang=0.000 hcw=0.000 hce=0.0 gyr=-0.00073 gyz=0.000 Lpwm=10 Rpwm=10 Lrpm=26 Rrpm=26 Ltrpm=10.6 Rtrpm=10.6 Lpi=-6.00 R...
---
data: T lin=0.000 ang=0.000 Lpwm=0 Rpwm=0 Lrpm=0 Rrpm=0 Ld=F Rd=F LmA=0.00 RmA=0.00
---
