[0.128s] DEBUG:colcon:Command line arguments: ['/usr/bin/colcon', 'build', '--packages-select', 'arduino_bridge_ros2']
[0.128s] DEBUG:colcon:Parsed command line arguments: Namespace(log_base=None, log_level=None, verb_name='build', build_base='build', install_base='install', merge_install=False, symlink_install=False, test_result_base=None, continue_on_error=False, executor='parallel', parallel_workers=4, event_handlers=None, ignore_user_meta=False, metas=['./colcon.meta'], base_paths=['.'], packages_ignore=None, packages_ignore_regex=None, paths=None, packages_up_to=None, packages_up_to_regex=None, packages_above=None, packages_above_and_dependencies=None, packages_above_depth=None, packages_select_by_dep=None, packages_skip_by_dep=None, packages_skip_up_to=None, packages_select_build_failed=False, packages_skip_build_finished=False, packages_select_test_failures=False, packages_skip_test_passed=False, packages_select=['arduino_bridge_ros2'], packages_skip=None, packages_select_regex=None, packages_skip_regex=None, packages_start=None, packages_end=None, allow_overriding=[], cmake_args=None, cmake_target=None, cmake_target_skip_unavailable=False, cmake_clean_cache=False, cmake_clean_first=False, cmake_force_configure=False, ament_cmake_args=None, catkin_cmake_args=None, catkin_skip_building_tests=False, verb_parser=<colcon_defaults.argument_parser.defaults.DefaultArgumentsDecorator object at 0xffffb4b28650>, verb_extension=<colcon_core.verb.build.BuildVerb object at 0xffffb4e3a270>, main=<bound method BuildVerb.main of <colcon_core.verb.build.BuildVerb object at 0xffffb4e3a270>>)
[0.184s] Level 1:colcon.colcon_core.package_discovery:discover_packages(colcon_meta) check parameters
[0.185s] Level 1:colcon.colcon_core.package_discovery:discover_packages(recursive) check parameters
[0.185s] Level 1:colcon.colcon_core.package_discovery:discover_packages(ignore) check parameters
[0.185s] Level 1:colcon.colcon_core.package_discovery:discover_packages(path) check parameters
[0.185s] Level 1:colcon.colcon_core.package_discovery:discover_packages(colcon_meta) discover
[0.185s] Level 1:colcon.colcon_core.package_discovery:discover_packages(recursive) discover
[0.185s] INFO:colcon.colcon_core.package_discovery:Crawling recursively for packages in '/home/josemsotov/robot_ws'
[0.185s] Level 1:colcon.colcon_core.package_identification:_identify(.) by extensions ['ignore', 'ignore_ament_install']
[0.185s] Level 1:colcon.colcon_core.package_identification:_identify(.) by extension 'ignore'
[0.185s] Level 1:colcon.colcon_core.package_identification:_identify(.) by extension 'ignore_ament_install'
[0.185s] Level 1:colcon.colcon_core.package_identification:_identify(.) by extensions ['colcon_pkg']
[0.185s] Level 1:colcon.colcon_core.package_identification:_identify(.) by extension 'colcon_pkg'
[0.185s] Level 1:colcon.colcon_core.package_identification:_identify(.) by extensions ['colcon_meta']
[0.185s] Level 1:colcon.colcon_core.package_identification:_identify(.) by extension 'colcon_meta'
[0.185s] Level 1:colcon.colcon_core.package_identification:_identify(.) by extensions ['ros']
[0.185s] Level 1:colcon.colcon_core.package_identification:_identify(.) by extension 'ros'
[0.221s] Level 1:colcon.colcon_core.package_identification:_identify(.) by extensions ['cmake', 'python']
[0.221s] Level 1:colcon.colcon_core.package_identification:_identify(.) by extension 'cmake'
[0.222s] Level 1:colcon.colcon_core.package_identification:_identify(.) by extension 'python'
[0.222s] Level 1:colcon.colcon_core.package_identification:_identify(.) by extensions ['python_setup_py']
[0.222s] Level 1:colcon.colcon_core.package_identification:_identify(.) by extension 'python_setup_py'
[0.222s] Level 1:colcon.colcon_core.package_identification:_identify(build) by extensions ['ignore', 'ignore_ament_install']
[0.222s] Level 1:colcon.colcon_core.package_identification:_identify(build) by extension 'ignore'
[0.222s] Level 1:colcon.colcon_core.package_identification:_identify(build) ignored
[0.222s] Level 1:colcon.colcon_core.package_identification:_identify(install) by extensions ['ignore', 'ignore_ament_install']
[0.222s] Level 1:colcon.colcon_core.package_identification:_identify(install) by extension 'ignore'
[0.222s] Level 1:colcon.colcon_core.package_identification:_identify(install) ignored
[0.222s] Level 1:colcon.colcon_core.package_identification:_identify(log) by extensions ['ignore', 'ignore_ament_install']
[0.223s] Level 1:colcon.colcon_core.package_identification:_identify(log) by extension 'ignore'
[0.223s] Level 1:colcon.colcon_core.package_identification:_identify(log) ignored
[0.223s] Level 1:colcon.colcon_core.package_identification:_identify(src) by extensions ['ignore', 'ignore_ament_install']
[0.223s] Level 1:colcon.colcon_core.package_identification:_identify(src) by extension 'ignore'
[0.223s] Level 1:colcon.colcon_core.package_identification:_identify(src) by extension 'ignore_ament_install'
[0.223s] Level 1:colcon.colcon_core.package_identification:_identify(src) by extensions ['colcon_pkg']
[0.223s] Level 1:colcon.colcon_core.package_identification:_identify(src) by extension 'colcon_pkg'
[0.223s] Level 1:colcon.colcon_core.package_identification:_identify(src) by extensions ['colcon_meta']
[0.223s] Level 1:colcon.colcon_core.package_identification:_identify(src) by extension 'colcon_meta'
[0.223s] Level 1:colcon.colcon_core.package_identification:_identify(src) by extensions ['ros']
[0.223s] Level 1:colcon.colcon_core.package_identification:_identify(src) by extension 'ros'
[0.223s] Level 1:colcon.colcon_core.package_identification:_identify(src) by extensions ['cmake', 'python']
[0.223s] Level 1:colcon.colcon_core.package_identification:_identify(src) by extension 'cmake'
[0.223s] Level 1:colcon.colcon_core.package_identification:_identify(src) by extension 'python'
[0.223s] Level 1:colcon.colcon_core.package_identification:_identify(src) by extensions ['python_setup_py']
[0.223s] Level 1:colcon.colcon_core.package_identification:_identify(src) by extension 'python_setup_py'
[0.223s] Level 1:colcon.colcon_core.package_identification:_identify(src/arduino_bridge) by extensions ['ignore', 'ignore_ament_install']
[0.223s] Level 1:colcon.colcon_core.package_identification:_identify(src/arduino_bridge) by extension 'ignore'
[0.224s] Level 1:colcon.colcon_core.package_identification:_identify(src/arduino_bridge) by extension 'ignore_ament_install'
[0.224s] Level 1:colcon.colcon_core.package_identification:_identify(src/arduino_bridge) by extensions ['colcon_pkg']
[0.224s] Level 1:colcon.colcon_core.package_identification:_identify(src/arduino_bridge) by extension 'colcon_pkg'
[0.224s] Level 1:colcon.colcon_core.package_identification:_identify(src/arduino_bridge) by extensions ['colcon_meta']
[0.224s] Level 1:colcon.colcon_core.package_identification:_identify(src/arduino_bridge) by extension 'colcon_meta'
[0.224s] Level 1:colcon.colcon_core.package_identification:_identify(src/arduino_bridge) by extensions ['ros']
[0.224s] Level 1:colcon.colcon_core.package_identification:_identify(src/arduino_bridge) by extension 'ros'
[0.224s] Level 1:colcon.colcon_core.package_identification:_identify(src/arduino_bridge) by extensions ['cmake', 'python']
[0.224s] Level 1:colcon.colcon_core.package_identification:_identify(src/arduino_bridge) by extension 'cmake'
[0.224s] Level 1:colcon.colcon_core.package_identification:_identify(src/arduino_bridge) by extension 'python'
[0.224s] Level 1:colcon.colcon_core.package_identification:_identify(src/arduino_bridge) by extensions ['python_setup_py']
[0.224s] Level 1:colcon.colcon_core.package_identification:_identify(src/arduino_bridge) by extension 'python_setup_py'
[0.224s] Level 1:colcon.colcon_core.package_identification:_identify(src/arduino_bridge/MOTOR-INTERFACE-V-13) by extensions ['ignore', 'ignore_ament_install']
[0.224s] Level 1:colcon.colcon_core.package_identification:_identify(src/arduino_bridge/MOTOR-INTERFACE-V-13) by extension 'ignore'
[0.224s] Level 1:colcon.colcon_core.package_identification:_identify(src/arduino_bridge/MOTOR-INTERFACE-V-13) by extension 'ignore_ament_install'
[0.224s] Level 1:colcon.colcon_core.package_identification:_identify(src/arduino_bridge/MOTOR-INTERFACE-V-13) by extensions ['colcon_pkg']
[0.224s] Level 1:colcon.colcon_core.package_identification:_identify(src/arduino_bridge/MOTOR-INTERFACE-V-13) by extension 'colcon_pkg'
[0.224s] Level 1:colcon.colcon_core.package_identification:_identify(src/arduino_bridge/MOTOR-INTERFACE-V-13) by extensions ['colcon_meta']
[0.224s] Level 1:colcon.colcon_core.package_identification:_identify(src/arduino_bridge/MOTOR-INTERFACE-V-13) by extension 'colcon_meta'
[0.224s] Level 1:colcon.colcon_core.package_identification:_identify(src/arduino_bridge/MOTOR-INTERFACE-V-13) by extensions ['ros']
[0.224s] Level 1:colcon.colcon_core.package_identification:_identify(src/arduino_bridge/MOTOR-INTERFACE-V-13) by extension 'ros'
[0.225s] Level 1:colcon.colcon_core.package_identification:_identify(src/arduino_bridge/MOTOR-INTERFACE-V-13) by extensions ['cmake', 'python']
[0.225s] Level 1:colcon.colcon_core.package_identification:_identify(src/arduino_bridge/MOTOR-INTERFACE-V-13) by extension 'cmake'
[0.225s] Level 1:colcon.colcon_core.package_identification:_identify(src/arduino_bridge/MOTOR-INTERFACE-V-13) by extension 'python'
[0.225s] Level 1:colcon.colcon_core.package_identification:_identify(src/arduino_bridge/MOTOR-INTERFACE-V-13) by extensions ['python_setup_py']
[0.225s] Level 1:colcon.colcon_core.package_identification:_identify(src/arduino_bridge/MOTOR-INTERFACE-V-13) by extension 'python_setup_py'
[0.225s] Level 1:colcon.colcon_core.package_identification:_identify(src/arduino_bridge/TEST_HALL_PULSOS) by extensions ['ignore', 'ignore_ament_install']
[0.225s] Level 1:colcon.colcon_core.package_identification:_identify(src/arduino_bridge/TEST_HALL_PULSOS) by extension 'ignore'
[0.225s] Level 1:colcon.colcon_core.package_identification:_identify(src/arduino_bridge/TEST_HALL_PULSOS) by extension 'ignore_ament_install'
[0.225s] Level 1:colcon.colcon_core.package_identification:_identify(src/arduino_bridge/TEST_HALL_PULSOS) by extensions ['colcon_pkg']
[0.225s] Level 1:colcon.colcon_core.package_identification:_identify(src/arduino_bridge/TEST_HALL_PULSOS) by extension 'colcon_pkg'
[0.225s] Level 1:colcon.colcon_core.package_identification:_identify(src/arduino_bridge/TEST_HALL_PULSOS) by extensions ['colcon_meta']
[0.225s] Level 1:colcon.colcon_core.package_identification:_identify(src/arduino_bridge/TEST_HALL_PULSOS) by extension 'colcon_meta'
[0.225s] Level 1:colcon.colcon_core.package_identification:_identify(src/arduino_bridge/TEST_HALL_PULSOS) by extensions ['ros']
[0.225s] Level 1:colcon.colcon_core.package_identification:_identify(src/arduino_bridge/TEST_HALL_PULSOS) by extension 'ros'
[0.225s] Level 1:colcon.colcon_core.package_identification:_identify(src/arduino_bridge/TEST_HALL_PULSOS) by extensions ['cmake', 'python']
[0.225s] Level 1:colcon.colcon_core.package_identification:_identify(src/arduino_bridge/TEST_HALL_PULSOS) by extension 'cmake'
[0.225s] Level 1:colcon.colcon_core.package_identification:_identify(src/arduino_bridge/TEST_HALL_PULSOS) by extension 'python'
[0.225s] Level 1:colcon.colcon_core.package_identification:_identify(src/arduino_bridge/TEST_HALL_PULSOS) by extensions ['python_setup_py']
[0.225s] Level 1:colcon.colcon_core.package_identification:_identify(src/arduino_bridge/TEST_HALL_PULSOS) by extension 'python_setup_py'
[0.225s] Level 1:colcon.colcon_core.package_identification:_identify(src/arduino_bridge/TEST_MINIMAL_MOTORES) by extensions ['ignore', 'ignore_ament_install']
[0.226s] Level 1:colcon.colcon_core.package_identification:_identify(src/arduino_bridge/TEST_MINIMAL_MOTORES) by extension 'ignore'
[0.226s] Level 1:colcon.colcon_core.package_identification:_identify(src/arduino_bridge/TEST_MINIMAL_MOTORES) by extension 'ignore_ament_install'
[0.226s] Level 1:colcon.colcon_core.package_identification:_identify(src/arduino_bridge/TEST_MINIMAL_MOTORES) by extensions ['colcon_pkg']
[0.226s] Level 1:colcon.colcon_core.package_identification:_identify(src/arduino_bridge/TEST_MINIMAL_MOTORES) by extension 'colcon_pkg'
[0.226s] Level 1:colcon.colcon_core.package_identification:_identify(src/arduino_bridge/TEST_MINIMAL_MOTORES) by extensions ['colcon_meta']
[0.226s] Level 1:colcon.colcon_core.package_identification:_identify(src/arduino_bridge/TEST_MINIMAL_MOTORES) by extension 'colcon_meta'
[0.226s] Level 1:colcon.colcon_core.package_identification:_identify(src/arduino_bridge/TEST_MINIMAL_MOTORES) by extensions ['ros']
[0.226s] Level 1:colcon.colcon_core.package_identification:_identify(src/arduino_bridge/TEST_MINIMAL_MOTORES) by extension 'ros'
[0.226s] Level 1:colcon.colcon_core.package_identification:_identify(src/arduino_bridge/TEST_MINIMAL_MOTORES) by extensions ['cmake', 'python']
[0.226s] Level 1:colcon.colcon_core.package_identification:_identify(src/arduino_bridge/TEST_MINIMAL_MOTORES) by extension 'cmake'
[0.226s] Level 1:colcon.colcon_core.package_identification:_identify(src/arduino_bridge/TEST_MINIMAL_MOTORES) by extension 'python'
[0.226s] Level 1:colcon.colcon_core.package_identification:_identify(src/arduino_bridge/TEST_MINIMAL_MOTORES) by extensions ['python_setup_py']
[0.226s] Level 1:colcon.colcon_core.package_identification:_identify(src/arduino_bridge/TEST_MINIMAL_MOTORES) by extension 'python_setup_py'
[0.226s] Level 1:colcon.colcon_core.package_identification:_identify(src/arduino_bridge/TEST_MOTORES_DIAGNOSTICO) by extensions ['ignore', 'ignore_ament_install']
[0.226s] Level 1:colcon.colcon_core.package_identification:_identify(src/arduino_bridge/TEST_MOTORES_DIAGNOSTICO) by extension 'ignore'
[0.226s] Level 1:colcon.colcon_core.package_identification:_identify(src/arduino_bridge/TEST_MOTORES_DIAGNOSTICO) by extension 'ignore_ament_install'
[0.226s] Level 1:colcon.colcon_core.package_identification:_identify(src/arduino_bridge/TEST_MOTORES_DIAGNOSTICO) by extensions ['colcon_pkg']
[0.226s] Level 1:colcon.colcon_core.package_identification:_identify(src/arduino_bridge/TEST_MOTORES_DIAGNOSTICO) by extension 'colcon_pkg'
[0.226s] Level 1:colcon.colcon_core.package_identification:_identify(src/arduino_bridge/TEST_MOTORES_DIAGNOSTICO) by extensions ['colcon_meta']
[0.226s] Level 1:colcon.colcon_core.package_identification:_identify(src/arduino_bridge/TEST_MOTORES_DIAGNOSTICO) by extension 'colcon_meta'
[0.226s] Level 1:colcon.colcon_core.package_identification:_identify(src/arduino_bridge/TEST_MOTORES_DIAGNOSTICO) by extensions ['ros']
[0.226s] Level 1:colcon.colcon_core.package_identification:_identify(src/arduino_bridge/TEST_MOTORES_DIAGNOSTICO) by extension 'ros'
[0.227s] Level 1:colcon.colcon_core.package_identification:_identify(src/arduino_bridge/TEST_MOTORES_DIAGNOSTICO) by extensions ['cmake', 'python']
[0.227s] Level 1:colcon.colcon_core.package_identification:_identify(src/arduino_bridge/TEST_MOTORES_DIAGNOSTICO) by extension 'cmake'
[0.227s] Level 1:colcon.colcon_core.package_identification:_identify(src/arduino_bridge/TEST_MOTORES_DIAGNOSTICO) by extension 'python'
[0.227s] Level 1:colcon.colcon_core.package_identification:_identify(src/arduino_bridge/TEST_MOTORES_DIAGNOSTICO) by extensions ['python_setup_py']
[0.227s] Level 1:colcon.colcon_core.package_identification:_identify(src/arduino_bridge/TEST_MOTORES_DIAGNOSTICO) by extension 'python_setup_py'
[0.227s] Level 1:colcon.colcon_core.package_identification:_identify(src/arduino_bridge/TEST_STICTION) by extensions ['ignore', 'ignore_ament_install']
[0.227s] Level 1:colcon.colcon_core.package_identification:_identify(src/arduino_bridge/TEST_STICTION) by extension 'ignore'
[0.227s] Level 1:colcon.colcon_core.package_identification:_identify(src/arduino_bridge/TEST_STICTION) by extension 'ignore_ament_install'
[0.227s] Level 1:colcon.colcon_core.package_identification:_identify(src/arduino_bridge/TEST_STICTION) by extensions ['colcon_pkg']
[0.227s] Level 1:colcon.colcon_core.package_identification:_identify(src/arduino_bridge/TEST_STICTION) by extension 'colcon_pkg'
[0.227s] Level 1:colcon.colcon_core.package_identification:_identify(src/arduino_bridge/TEST_STICTION) by extensions ['colcon_meta']
[0.227s] Level 1:colcon.colcon_core.package_identification:_identify(src/arduino_bridge/TEST_STICTION) by extension 'colcon_meta'
[0.227s] Level 1:colcon.colcon_core.package_identification:_identify(src/arduino_bridge/TEST_STICTION) by extensions ['ros']
[0.227s] Level 1:colcon.colcon_core.package_identification:_identify(src/arduino_bridge/TEST_STICTION) by extension 'ros'
[0.227s] Level 1:colcon.colcon_core.package_identification:_identify(src/arduino_bridge/TEST_STICTION) by extensions ['cmake', 'python']
[0.227s] Level 1:colcon.colcon_core.package_identification:_identify(src/arduino_bridge/TEST_STICTION) by extension 'cmake'
[0.227s] Level 1:colcon.colcon_core.package_identification:_identify(src/arduino_bridge/TEST_STICTION) by extension 'python'
[0.227s] Level 1:colcon.colcon_core.package_identification:_identify(src/arduino_bridge/TEST_STICTION) by extensions ['python_setup_py']
[0.227s] Level 1:colcon.colcon_core.package_identification:_identify(src/arduino_bridge/TEST_STICTION) by extension 'python_setup_py'
[0.227s] Level 1:colcon.colcon_core.package_identification:_identify(src/arduino_bridge_ros2) by extensions ['ignore', 'ignore_ament_install']
[0.228s] Level 1:colcon.colcon_core.package_identification:_identify(src/arduino_bridge_ros2) by extension 'ignore'
[0.228s] Level 1:colcon.colcon_core.package_identification:_identify(src/arduino_bridge_ros2) by extension 'ignore_ament_install'
[0.228s] Level 1:colcon.colcon_core.package_identification:_identify(src/arduino_bridge_ros2) by extensions ['colcon_pkg']
[0.228s] Level 1:colcon.colcon_core.package_identification:_identify(src/arduino_bridge_ros2) by extension 'colcon_pkg'
[0.228s] Level 1:colcon.colcon_core.package_identification:_identify(src/arduino_bridge_ros2) by extensions ['colcon_meta']
[0.228s] Level 1:colcon.colcon_core.package_identification:_identify(src/arduino_bridge_ros2) by extension 'colcon_meta'
[0.228s] Level 1:colcon.colcon_core.package_identification:_identify(src/arduino_bridge_ros2) by extensions ['ros']
[0.228s] Level 1:colcon.colcon_core.package_identification:_identify(src/arduino_bridge_ros2) by extension 'ros'
[0.232s] DEBUG:colcon.colcon_core.package_identification:Failed to parse potential ROS package manifest in'src/arduino_bridge_ros2': Error(s) in package 'src/arduino_bridge_ros2/package.xml':
Invalid email "josemsotov@robot" for person "josemsotov"
[0.232s] Level 1:colcon.colcon_core.package_identification:_identify(src/arduino_bridge_ros2) by extensions ['cmake', 'python']
[0.232s] Level 1:colcon.colcon_core.package_identification:_identify(src/arduino_bridge_ros2) by extension 'cmake'
[0.232s] Level 1:colcon.colcon_core.package_identification:_identify(src/arduino_bridge_ros2) by extension 'python'
[0.232s] DEBUG:colcon.colcon_core.package_identification:Python package in 'src/arduino_bridge_ros2' passes arguments to the setup() function which requires a different identification extension than 'python'
[0.232s] Level 1:colcon.colcon_core.package_identification:_identify(src/arduino_bridge_ros2) by extensions ['python_setup_py']
[0.232s] Level 1:colcon.colcon_core.package_identification:_identify(src/arduino_bridge_ros2) by extension 'python_setup_py'
[0.498s] DEBUG:colcon.colcon_core.package_identification:Package 'src/arduino_bridge_ros2' with type 'python' and name 'arduino_bridge_ros2'
[0.498s] Level 1:colcon.colcon_core.package_identification:_identify(src/ldlidar_stl_ros2) by extensions ['ignore', 'ignore_ament_install']
[0.499s] Level 1:colcon.colcon_core.package_identification:_identify(src/ldlidar_stl_ros2) by extension 'ignore'
[0.499s] Level 1:colcon.colcon_core.package_identification:_identify(src/ldlidar_stl_ros2) by extension 'ignore_ament_install'
[0.499s] Level 1:colcon.colcon_core.package_identification:_identify(src/ldlidar_stl_ros2) by extensions ['colcon_pkg']
[0.499s] Level 1:colcon.colcon_core.package_identification:_identify(src/ldlidar_stl_ros2) by extension 'colcon_pkg'
[0.499s] Level 1:colcon.colcon_core.package_identification:_identify(src/ldlidar_stl_ros2) by extensions ['colcon_meta']
[0.499s] Level 1:colcon.colcon_core.package_identification:_identify(src/ldlidar_stl_ros2) by extension 'colcon_meta'
[0.499s] Level 1:colcon.colcon_core.package_identification:_identify(src/ldlidar_stl_ros2) by extensions ['ros']
[0.499s] Level 1:colcon.colcon_core.package_identification:_identify(src/ldlidar_stl_ros2) by extension 'ros'
[0.500s] DEBUG:colcon.colcon_core.package_identification:Package 'src/ldlidar_stl_ros2' with type 'ros.ament_cmake' and name 'ldlidar_stl_ros2'
[0.500s] Level 1:colcon.colcon_core.package_identification:_identify(src/my_package) by extensions ['ignore', 'ignore_ament_install']
[0.500s] Level 1:colcon.colcon_core.package_identification:_identify(src/my_package) by extension 'ignore'
[0.500s] Level 1:colcon.colcon_core.package_identification:_identify(src/my_package) by extension 'ignore_ament_install'
[0.500s] Level 1:colcon.colcon_core.package_identification:_identify(src/my_package) by extensions ['colcon_pkg']
[0.500s] Level 1:colcon.colcon_core.package_identification:_identify(src/my_package) by extension 'colcon_pkg'
[0.500s] Level 1:colcon.colcon_core.package_identification:_identify(src/my_package) by extensions ['colcon_meta']
[0.500s] Level 1:colcon.colcon_core.package_identification:_identify(src/my_package) by extension 'colcon_meta'
[0.500s] Level 1:colcon.colcon_core.package_identification:_identify(src/my_package) by extensions ['ros']
[0.500s] Level 1:colcon.colcon_core.package_identification:_identify(src/my_package) by extension 'ros'
[0.501s] DEBUG:colcon.colcon_core.package_identification:Package 'src/my_package' with type 'ros.ament_cmake' and name 'my_package'
[0.501s] Level 1:colcon.colcon_core.package_discovery:discover_packages(recursive) using defaults
[0.501s] Level 1:colcon.colcon_core.package_discovery:discover_packages(ignore) discover
[0.501s] Level 1:colcon.colcon_core.package_discovery:discover_packages(ignore) using defaults
[0.501s] Level 1:colcon.colcon_core.package_discovery:discover_packages(path) discover
[0.501s] Level 1:colcon.colcon_core.package_discovery:discover_packages(path) using defaults
[0.528s] INFO:colcon.colcon_core.package_selection:Skipping not selected package 'ldlidar_stl_ros2' in 'src/ldlidar_stl_ros2'
[0.528s] INFO:colcon.colcon_core.package_selection:Skipping not selected package 'my_package' in 'src/my_package'
[0.528s] Level 1:colcon.colcon_core.package_discovery:discover_packages(prefix_path) check parameters
[0.528s] Level 1:colcon.colcon_core.package_discovery:discover_packages(prefix_path) discover
[0.529s] Level 1:colcon.colcon_core.package_discovery:discover_packages(prefix_path) using defaults
[0.530s] Level 5:colcon.colcon_core.verb:set package 'arduino_bridge_ros2' build argument 'cmake_args' from command line to 'None'
[0.530s] Level 5:colcon.colcon_core.verb:set package 'arduino_bridge_ros2' build argument 'cmake_target' from command line to 'None'
[0.530s] Level 5:colcon.colcon_core.verb:set package 'arduino_bridge_ros2' build argument 'cmake_target_skip_unavailable' from command line to 'False'
[0.531s] Level 5:colcon.colcon_core.verb:set package 'arduino_bridge_ros2' build argument 'cmake_clean_cache' from command line to 'False'
[0.531s] Level 5:colcon.colcon_core.verb:set package 'arduino_bridge_ros2' build argument 'cmake_clean_first' from command line to 'False'
[0.531s] Level 5:colcon.colcon_core.verb:set package 'arduino_bridge_ros2' build argument 'cmake_force_configure' from command line to 'False'
[0.531s] Level 5:colcon.colcon_core.verb:set package 'arduino_bridge_ros2' build argument 'ament_cmake_args' from command line to 'None'
[0.531s] Level 5:colcon.colcon_core.verb:set package 'arduino_bridge_ros2' build argument 'catkin_cmake_args' from command line to 'None'
[0.531s] Level 5:colcon.colcon_core.verb:set package 'arduino_bridge_ros2' build argument 'catkin_skip_building_tests' from command line to 'False'
[0.531s] DEBUG:colcon.colcon_core.verb:Building package 'arduino_bridge_ros2' with the following arguments: {'ament_cmake_args': None, 'build_base': '/home/josemsotov/robot_ws/build/arduino_bridge_ros2', 'catkin_cmake_args': None, 'catkin_skip_building_tests': False, 'cmake_args': None, 'cmake_clean_cache': False, 'cmake_clean_first': False, 'cmake_force_configure': False, 'cmake_target': None, 'cmake_target_skip_unavailable': False, 'install_base': '/home/josemsotov/robot_ws/install/arduino_bridge_ros2', 'merge_install': False, 'path': '/home/josemsotov/robot_ws/src/arduino_bridge_ros2', 'symlink_install': False, 'test_result_base': None}
[0.531s] INFO:colcon.colcon_core.executor:Executing jobs using 'parallel' executor
[0.532s] DEBUG:colcon.colcon_parallel_executor.executor.parallel:run_until_complete
[0.532s] INFO:colcon.colcon_core.task.python.build:Building Python package in '/home/josemsotov/robot_ws/src/arduino_bridge_ros2'
[0.534s] INFO:colcon.colcon_core.plugin_system:Skipping extension 'colcon_core.shell.bat': Not used on non-Windows systems
[0.535s] INFO:colcon.colcon_core.shell:Skip shell extension 'powershell' for command environment: Not usable outside of PowerShell
[0.535s] DEBUG:colcon.colcon_core.shell:Skip shell extension 'dsv' for command environment
[1.464s] DEBUG:colcon.colcon_core.event_handler.log_command:Invoking command in '/home/josemsotov/robot_ws/build/arduino_bridge_ros2': PYTHONPATH=/home/josemsotov/robot_ws/build/arduino_bridge_ros2/prefix_override:/usr/lib/python3/dist-packages/colcon_core/task/python/colcon_distutils_commands:/home/josemsotov/robot_ws/install/arduino_bridge_ros2/lib/python3.12/site-packages: /usr/bin/python3 -W ignore:setup.py install is deprecated -W ignore:easy_install command is deprecated setup.py develop --uninstall --editable --build-directory /home/josemsotov/robot_ws/build/arduino_bridge_ros2/build
[2.036s] DEBUG:colcon.colcon_core.event_handler.log_command:Invoked command in '/home/josemsotov/robot_ws/build/arduino_bridge_ros2' returned '0': PYTHONPATH=/home/josemsotov/robot_ws/build/arduino_bridge_ros2/prefix_override:/usr/lib/python3/dist-packages/colcon_core/task/python/colcon_distutils_commands:/home/josemsotov/robot_ws/install/arduino_bridge_ros2/lib/python3.12/site-packages: /usr/bin/python3 -W ignore:setup.py install is deprecated -W ignore:easy_install command is deprecated setup.py develop --uninstall --editable --build-directory /home/josemsotov/robot_ws/build/arduino_bridge_ros2/build
[2.037s] DEBUG:colcon.colcon_core.event_handler.log_command:Invoking command in '/home/josemsotov/robot_ws/src/arduino_bridge_ros2': PYTHONPATH=/home/josemsotov/robot_ws/build/arduino_bridge_ros2/prefix_override:/usr/lib/python3/dist-packages/colcon_core/task/python/colcon_distutils_commands:/home/josemsotov/robot_ws/install/arduino_bridge_ros2/lib/python3.12/site-packages: /usr/bin/python3 -W ignore:setup.py install is deprecated -W ignore:easy_install command is deprecated setup.py egg_info --egg-base ../../build/arduino_bridge_ros2 build --build-base /home/josemsotov/robot_ws/build/arduino_bridge_ros2/build install --record /home/josemsotov/robot_ws/build/arduino_bridge_ros2/install.log --single-version-externally-managed install_data --force
[2.600s] DEBUG:colcon.colcon_core.event_handler.log_command:Invoked command in '/home/josemsotov/robot_ws/src/arduino_bridge_ros2' returned '0': PYTHONPATH=/home/josemsotov/robot_ws/build/arduino_bridge_ros2/prefix_override:/usr/lib/python3/dist-packages/colcon_core/task/python/colcon_distutils_commands:/home/josemsotov/robot_ws/install/arduino_bridge_ros2/lib/python3.12/site-packages: /usr/bin/python3 -W ignore:setup.py install is deprecated -W ignore:easy_install command is deprecated setup.py egg_info --egg-base ../../build/arduino_bridge_ros2 build --build-base /home/josemsotov/robot_ws/build/arduino_bridge_ros2/build install --record /home/josemsotov/robot_ws/build/arduino_bridge_ros2/install.log --single-version-externally-managed install_data --force
[2.603s] Level 1:colcon.colcon_core.environment:checking '/home/josemsotov/robot_ws/install/arduino_bridge_ros2' for CMake module files
[2.603s] Level 1:colcon.colcon_core.environment:checking '/home/josemsotov/robot_ws/install/arduino_bridge_ros2' for CMake config files
[2.604s] Level 1:colcon.colcon_core.environment:checking '/home/josemsotov/robot_ws/install/arduino_bridge_ros2/lib'
[2.604s] Level 1:colcon.colcon_core.environment:checking '/home/josemsotov/robot_ws/install/arduino_bridge_ros2/bin'
[2.604s] Level 1:colcon.colcon_core.environment:checking '/home/josemsotov/robot_ws/install/arduino_bridge_ros2/lib/pkgconfig/arduino_bridge_ros2.pc'
[2.605s] Level 1:colcon.colcon_core.environment:checking '/home/josemsotov/robot_ws/install/arduino_bridge_ros2/lib/python3.12/site-packages'
[2.605s] Level 1:colcon.colcon_core.shell:create_environment_hook('arduino_bridge_ros2', 'pythonpath')
[2.605s] INFO:colcon.colcon_core.shell:Creating environment hook '/home/josemsotov/robot_ws/install/arduino_bridge_ros2/share/arduino_bridge_ros2/hook/pythonpath.ps1'
[2.606s] INFO:colcon.colcon_core.shell:Creating environment descriptor '/home/josemsotov/robot_ws/install/arduino_bridge_ros2/share/arduino_bridge_ros2/hook/pythonpath.dsv'
[2.606s] INFO:colcon.colcon_core.shell:Creating environment hook '/home/josemsotov/robot_ws/install/arduino_bridge_ros2/share/arduino_bridge_ros2/hook/pythonpath.sh'
[2.608s] Level 1:colcon.colcon_core.environment:checking '/home/josemsotov/robot_ws/install/arduino_bridge_ros2/bin'
[2.608s] Level 1:colcon.colcon_core.environment:create_environment_scripts_only(arduino_bridge_ros2)
[2.608s] INFO:colcon.colcon_core.shell:Creating package script '/home/josemsotov/robot_ws/install/arduino_bridge_ros2/share/arduino_bridge_ros2/package.ps1'
[2.609s] INFO:colcon.colcon_core.shell:Creating package descriptor '/home/josemsotov/robot_ws/install/arduino_bridge_ros2/share/arduino_bridge_ros2/package.dsv'
[2.609s] INFO:colcon.colcon_core.shell:Creating package script '/home/josemsotov/robot_ws/install/arduino_bridge_ros2/share/arduino_bridge_ros2/package.sh'
[2.610s] INFO:colcon.colcon_core.shell:Creating package script '/home/josemsotov/robot_ws/install/arduino_bridge_ros2/share/arduino_bridge_ros2/package.bash'
[2.611s] INFO:colcon.colcon_core.shell:Creating package script '/home/josemsotov/robot_ws/install/arduino_bridge_ros2/share/arduino_bridge_ros2/package.zsh'
[2.611s] Level 1:colcon.colcon_core.environment:create_file_with_runtime_dependencies(/home/josemsotov/robot_ws/install/arduino_bridge_ros2/share/colcon-core/packages/arduino_bridge_ros2)
[2.612s] DEBUG:colcon.colcon_parallel_executor.executor.parallel:closing loop
[2.612s] DEBUG:colcon.colcon_parallel_executor.executor.parallel:loop closed
[2.612s] DEBUG:colcon.colcon_parallel_executor.executor.parallel:run_until_complete finished with '0'
[2.612s] DEBUG:colcon.colcon_core.event_reactor:joining thread
[2.621s] INFO:colcon.colcon_core.plugin_system:Skipping extension 'colcon_notification.desktop_notification.terminal_notifier': Not used on non-Darwin systems
[2.621s] INFO:colcon.colcon_core.plugin_system:Skipping extension 'colcon_notification.desktop_notification.win32': Not used on non-Windows systems
[2.621s] INFO:colcon.colcon_notification.desktop_notification:Sending desktop notification using 'notify2'
[2.641s] DEBUG:colcon.colcon_core.event_reactor:joined thread
[2.641s] INFO:colcon.colcon_core.shell:Creating prefix script '/home/josemsotov/robot_ws/install/local_setup.ps1'
[2.643s] INFO:colcon.colcon_core.shell:Creating prefix util module '/home/josemsotov/robot_ws/install/_local_setup_util_ps1.py'
[2.644s] INFO:colcon.colcon_core.shell:Creating prefix chain script '/home/josemsotov/robot_ws/install/setup.ps1'
[2.645s] INFO:colcon.colcon_core.shell:Creating prefix script '/home/josemsotov/robot_ws/install/local_setup.sh'
[2.646s] INFO:colcon.colcon_core.shell:Creating prefix util module '/home/josemsotov/robot_ws/install/_local_setup_util_sh.py'
[2.646s] INFO:colcon.colcon_core.shell:Creating prefix chain script '/home/josemsotov/robot_ws/install/setup.sh'
[2.647s] INFO:colcon.colcon_core.shell:Creating prefix script '/home/josemsotov/robot_ws/install/local_setup.bash'
[2.648s] INFO:colcon.colcon_core.shell:Creating prefix chain script '/home/josemsotov/robot_ws/install/setup.bash'
[2.649s] INFO:colcon.colcon_core.shell:Creating prefix script '/home/josemsotov/robot_ws/install/local_setup.zsh'
[2.649s] INFO:colcon.colcon_core.shell:Creating prefix chain script '/home/josemsotov/robot_ws/install/setup.zsh'
