[0.195s] DEBUG:colcon:Command line arguments: ['/usr/bin/colcon', 'build', '--packages-select', 'kinect_ros2', '--merge-install']
[0.195s] DEBUG:colcon:Parsed command line arguments: Namespace(log_base=None, log_level=None, verb_name='build', build_base='build', install_base='install', merge_install=True, symlink_install=False, test_result_base=None, continue_on_error=False, executor='parallel', parallel_workers=4, event_handlers=None, ignore_user_meta=False, metas=['./colcon.meta'], base_paths=['.'], packages_ignore=None, packages_ignore_regex=None, paths=None, packages_up_to=None, packages_up_to_regex=None, packages_above=None, packages_above_and_dependencies=None, packages_above_depth=None, packages_select_by_dep=None, packages_skip_by_dep=None, packages_skip_up_to=None, packages_select_build_failed=False, packages_skip_build_finished=False, packages_select_test_failures=False, packages_skip_test_passed=False, packages_select=['kinect_ros2'], packages_skip=None, packages_select_regex=None, packages_skip_regex=None, packages_start=None, packages_end=None, allow_overriding=[], cmake_args=None, cmake_target=None, cmake_target_skip_unavailable=False, cmake_clean_cache=False, cmake_clean_first=False, cmake_force_configure=False, ament_cmake_args=None, catkin_cmake_args=None, catkin_skip_building_tests=False, verb_parser=<colcon_defaults.argument_parser.defaults.DefaultArgumentsDecorator object at 0xffffaa916300>, verb_extension=<colcon_core.verb.build.BuildVerb object at 0xffffaaad2e70>, main=<bound method BuildVerb.main of <colcon_core.verb.build.BuildVerb object at 0xffffaaad2e70>>)
[0.283s] Level 1:colcon.colcon_core.package_discovery:discover_packages(colcon_meta) check parameters
[0.284s] Level 1:colcon.colcon_core.package_discovery:discover_packages(recursive) check parameters
[0.284s] Level 1:colcon.colcon_core.package_discovery:discover_packages(ignore) check parameters
[0.284s] Level 1:colcon.colcon_core.package_discovery:discover_packages(path) check parameters
[0.284s] Level 1:colcon.colcon_core.package_discovery:discover_packages(colcon_meta) discover
[0.284s] Level 1:colcon.colcon_core.package_discovery:discover_packages(recursive) discover
[0.284s] INFO:colcon.colcon_core.package_discovery:Crawling recursively for packages in '/home/josemsotov/robot_ws'
[0.284s] Level 1:colcon.colcon_core.package_identification:_identify(.) by extensions ['ignore', 'ignore_ament_install']
[0.284s] Level 1:colcon.colcon_core.package_identification:_identify(.) by extension 'ignore'
[0.284s] Level 1:colcon.colcon_core.package_identification:_identify(.) by extension 'ignore_ament_install'
[0.284s] Level 1:colcon.colcon_core.package_identification:_identify(.) by extensions ['colcon_pkg']
[0.284s] Level 1:colcon.colcon_core.package_identification:_identify(.) by extension 'colcon_pkg'
[0.284s] Level 1:colcon.colcon_core.package_identification:_identify(.) by extensions ['colcon_meta']
[0.284s] Level 1:colcon.colcon_core.package_identification:_identify(.) by extension 'colcon_meta'
[0.284s] Level 1:colcon.colcon_core.package_identification:_identify(.) by extensions ['ros']
[0.285s] Level 1:colcon.colcon_core.package_identification:_identify(.) by extension 'ros'
[0.324s] Level 1:colcon.colcon_core.package_identification:_identify(.) by extensions ['cmake', 'python']
[0.324s] Level 1:colcon.colcon_core.package_identification:_identify(.) by extension 'cmake'
[0.324s] Level 1:colcon.colcon_core.package_identification:_identify(.) by extension 'python'
[0.324s] Level 1:colcon.colcon_core.package_identification:_identify(.) by extensions ['python_setup_py']
[0.324s] Level 1:colcon.colcon_core.package_identification:_identify(.) by extension 'python_setup_py'
[0.324s] Level 1:colcon.colcon_core.package_identification:_identify(build) by extensions ['ignore', 'ignore_ament_install']
[0.324s] Level 1:colcon.colcon_core.package_identification:_identify(build) by extension 'ignore'
[0.324s] Level 1:colcon.colcon_core.package_identification:_identify(build) ignored
[0.324s] Level 1:colcon.colcon_core.package_identification:_identify(install) by extensions ['ignore', 'ignore_ament_install']
[0.325s] Level 1:colcon.colcon_core.package_identification:_identify(install) by extension 'ignore'
[0.325s] Level 1:colcon.colcon_core.package_identification:_identify(install) ignored
[0.325s] Level 1:colcon.colcon_core.package_identification:_identify(log) by extensions ['ignore', 'ignore_ament_install']
[0.325s] Level 1:colcon.colcon_core.package_identification:_identify(log) by extension 'ignore'
[0.325s] Level 1:colcon.colcon_core.package_identification:_identify(log) ignored
[0.325s] Level 1:colcon.colcon_core.package_identification:_identify(src) by extensions ['ignore', 'ignore_ament_install']
[0.325s] Level 1:colcon.colcon_core.package_identification:_identify(src) by extension 'ignore'
[0.325s] Level 1:colcon.colcon_core.package_identification:_identify(src) by extension 'ignore_ament_install'
[0.325s] Level 1:colcon.colcon_core.package_identification:_identify(src) by extensions ['colcon_pkg']
[0.325s] Level 1:colcon.colcon_core.package_identification:_identify(src) by extension 'colcon_pkg'
[0.325s] Level 1:colcon.colcon_core.package_identification:_identify(src) by extensions ['colcon_meta']
[0.325s] Level 1:colcon.colcon_core.package_identification:_identify(src) by extension 'colcon_meta'
[0.325s] Level 1:colcon.colcon_core.package_identification:_identify(src) by extensions ['ros']
[0.325s] Level 1:colcon.colcon_core.package_identification:_identify(src) by extension 'ros'
[0.325s] Level 1:colcon.colcon_core.package_identification:_identify(src) by extensions ['cmake', 'python']
[0.325s] Level 1:colcon.colcon_core.package_identification:_identify(src) by extension 'cmake'
[0.326s] Level 1:colcon.colcon_core.package_identification:_identify(src) by extension 'python'
[0.326s] Level 1:colcon.colcon_core.package_identification:_identify(src) by extensions ['python_setup_py']
[0.326s] Level 1:colcon.colcon_core.package_identification:_identify(src) by extension 'python_setup_py'
[0.326s] Level 1:colcon.colcon_core.package_identification:_identify(src/arduino_bridge) by extensions ['ignore', 'ignore_ament_install']
[0.326s] Level 1:colcon.colcon_core.package_identification:_identify(src/arduino_bridge) by extension 'ignore'
[0.326s] Level 1:colcon.colcon_core.package_identification:_identify(src/arduino_bridge) by extension 'ignore_ament_install'
[0.326s] Level 1:colcon.colcon_core.package_identification:_identify(src/arduino_bridge) by extensions ['colcon_pkg']
[0.326s] Level 1:colcon.colcon_core.package_identification:_identify(src/arduino_bridge) by extension 'colcon_pkg'
[0.326s] Level 1:colcon.colcon_core.package_identification:_identify(src/arduino_bridge) by extensions ['colcon_meta']
[0.326s] Level 1:colcon.colcon_core.package_identification:_identify(src/arduino_bridge) by extension 'colcon_meta'
[0.326s] Level 1:colcon.colcon_core.package_identification:_identify(src/arduino_bridge) by extensions ['ros']
[0.326s] Level 1:colcon.colcon_core.package_identification:_identify(src/arduino_bridge) by extension 'ros'
[0.326s] Level 1:colcon.colcon_core.package_identification:_identify(src/arduino_bridge) by extensions ['cmake', 'python']
[0.326s] Level 1:colcon.colcon_core.package_identification:_identify(src/arduino_bridge) by extension 'cmake'
[0.326s] Level 1:colcon.colcon_core.package_identification:_identify(src/arduino_bridge) by extension 'python'
[0.326s] Level 1:colcon.colcon_core.package_identification:_identify(src/arduino_bridge) by extensions ['python_setup_py']
[0.326s] Level 1:colcon.colcon_core.package_identification:_identify(src/arduino_bridge) by extension 'python_setup_py'
[0.327s] Level 1:colcon.colcon_core.package_identification:_identify(src/arduino_bridge/MOTOR-INTERFACE-V-13) by extensions ['ignore', 'ignore_ament_install']
[0.327s] Level 1:colcon.colcon_core.package_identification:_identify(src/arduino_bridge/MOTOR-INTERFACE-V-13) by extension 'ignore'
[0.327s] Level 1:colcon.colcon_core.package_identification:_identify(src/arduino_bridge/MOTOR-INTERFACE-V-13) by extension 'ignore_ament_install'
[0.327s] Level 1:colcon.colcon_core.package_identification:_identify(src/arduino_bridge/MOTOR-INTERFACE-V-13) by extensions ['colcon_pkg']
[0.327s] Level 1:colcon.colcon_core.package_identification:_identify(src/arduino_bridge/MOTOR-INTERFACE-V-13) by extension 'colcon_pkg'
[0.327s] Level 1:colcon.colcon_core.package_identification:_identify(src/arduino_bridge/MOTOR-INTERFACE-V-13) by extensions ['colcon_meta']
[0.327s] Level 1:colcon.colcon_core.package_identification:_identify(src/arduino_bridge/MOTOR-INTERFACE-V-13) by extension 'colcon_meta'
[0.327s] Level 1:colcon.colcon_core.package_identification:_identify(src/arduino_bridge/MOTOR-INTERFACE-V-13) by extensions ['ros']
[0.327s] Level 1:colcon.colcon_core.package_identification:_identify(src/arduino_bridge/MOTOR-INTERFACE-V-13) by extension 'ros'
[0.327s] Level 1:colcon.colcon_core.package_identification:_identify(src/arduino_bridge/MOTOR-INTERFACE-V-13) by extensions ['cmake', 'python']
[0.327s] Level 1:colcon.colcon_core.package_identification:_identify(src/arduino_bridge/MOTOR-INTERFACE-V-13) by extension 'cmake'
[0.327s] Level 1:colcon.colcon_core.package_identification:_identify(src/arduino_bridge/MOTOR-INTERFACE-V-13) by extension 'python'
[0.327s] Level 1:colcon.colcon_core.package_identification:_identify(src/arduino_bridge/MOTOR-INTERFACE-V-13) by extensions ['python_setup_py']
[0.327s] Level 1:colcon.colcon_core.package_identification:_identify(src/arduino_bridge/MOTOR-INTERFACE-V-13) by extension 'python_setup_py'
[0.327s] Level 1:colcon.colcon_core.package_identification:_identify(src/arduino_bridge/TEST_HALL_PULSOS) by extensions ['ignore', 'ignore_ament_install']
[0.327s] Level 1:colcon.colcon_core.package_identification:_identify(src/arduino_bridge/TEST_HALL_PULSOS) by extension 'ignore'
[0.327s] Level 1:colcon.colcon_core.package_identification:_identify(src/arduino_bridge/TEST_HALL_PULSOS) by extension 'ignore_ament_install'
[0.328s] Level 1:colcon.colcon_core.package_identification:_identify(src/arduino_bridge/TEST_HALL_PULSOS) by extensions ['colcon_pkg']
[0.328s] Level 1:colcon.colcon_core.package_identification:_identify(src/arduino_bridge/TEST_HALL_PULSOS) by extension 'colcon_pkg'
[0.328s] Level 1:colcon.colcon_core.package_identification:_identify(src/arduino_bridge/TEST_HALL_PULSOS) by extensions ['colcon_meta']
[0.328s] Level 1:colcon.colcon_core.package_identification:_identify(src/arduino_bridge/TEST_HALL_PULSOS) by extension 'colcon_meta'
[0.328s] Level 1:colcon.colcon_core.package_identification:_identify(src/arduino_bridge/TEST_HALL_PULSOS) by extensions ['ros']
[0.328s] Level 1:colcon.colcon_core.package_identification:_identify(src/arduino_bridge/TEST_HALL_PULSOS) by extension 'ros'
[0.328s] Level 1:colcon.colcon_core.package_identification:_identify(src/arduino_bridge/TEST_HALL_PULSOS) by extensions ['cmake', 'python']
[0.328s] Level 1:colcon.colcon_core.package_identification:_identify(src/arduino_bridge/TEST_HALL_PULSOS) by extension 'cmake'
[0.328s] Level 1:colcon.colcon_core.package_identification:_identify(src/arduino_bridge/TEST_HALL_PULSOS) by extension 'python'
[0.328s] Level 1:colcon.colcon_core.package_identification:_identify(src/arduino_bridge/TEST_HALL_PULSOS) by extensions ['python_setup_py']
[0.328s] Level 1:colcon.colcon_core.package_identification:_identify(src/arduino_bridge/TEST_HALL_PULSOS) by extension 'python_setup_py'
[0.328s] Level 1:colcon.colcon_core.package_identification:_identify(src/arduino_bridge/TEST_MINIMAL_MOTORES) by extensions ['ignore', 'ignore_ament_install']
[0.328s] Level 1:colcon.colcon_core.package_identification:_identify(src/arduino_bridge/TEST_MINIMAL_MOTORES) by extension 'ignore'
[0.328s] Level 1:colcon.colcon_core.package_identification:_identify(src/arduino_bridge/TEST_MINIMAL_MOTORES) by extension 'ignore_ament_install'
[0.328s] Level 1:colcon.colcon_core.package_identification:_identify(src/arduino_bridge/TEST_MINIMAL_MOTORES) by extensions ['colcon_pkg']
[0.328s] Level 1:colcon.colcon_core.package_identification:_identify(src/arduino_bridge/TEST_MINIMAL_MOTORES) by extension 'colcon_pkg'
[0.328s] Level 1:colcon.colcon_core.package_identification:_identify(src/arduino_bridge/TEST_MINIMAL_MOTORES) by extensions ['colcon_meta']
[0.328s] Level 1:colcon.colcon_core.package_identification:_identify(src/arduino_bridge/TEST_MINIMAL_MOTORES) by extension 'colcon_meta'
[0.328s] Level 1:colcon.colcon_core.package_identification:_identify(src/arduino_bridge/TEST_MINIMAL_MOTORES) by extensions ['ros']
[0.328s] Level 1:colcon.colcon_core.package_identification:_identify(src/arduino_bridge/TEST_MINIMAL_MOTORES) by extension 'ros'
[0.329s] Level 1:colcon.colcon_core.package_identification:_identify(src/arduino_bridge/TEST_MINIMAL_MOTORES) by extensions ['cmake', 'python']
[0.329s] Level 1:colcon.colcon_core.package_identification:_identify(src/arduino_bridge/TEST_MINIMAL_MOTORES) by extension 'cmake'
[0.329s] Level 1:colcon.colcon_core.package_identification:_identify(src/arduino_bridge/TEST_MINIMAL_MOTORES) by extension 'python'
[0.329s] Level 1:colcon.colcon_core.package_identification:_identify(src/arduino_bridge/TEST_MINIMAL_MOTORES) by extensions ['python_setup_py']
[0.329s] Level 1:colcon.colcon_core.package_identification:_identify(src/arduino_bridge/TEST_MINIMAL_MOTORES) by extension 'python_setup_py'
[0.329s] Level 1:colcon.colcon_core.package_identification:_identify(src/arduino_bridge/TEST_MOTORES_DIAGNOSTICO) by extensions ['ignore', 'ignore_ament_install']
[0.329s] Level 1:colcon.colcon_core.package_identification:_identify(src/arduino_bridge/TEST_MOTORES_DIAGNOSTICO) by extension 'ignore'
[0.329s] Level 1:colcon.colcon_core.package_identification:_identify(src/arduino_bridge/TEST_MOTORES_DIAGNOSTICO) by extension 'ignore_ament_install'
[0.329s] Level 1:colcon.colcon_core.package_identification:_identify(src/arduino_bridge/TEST_MOTORES_DIAGNOSTICO) by extensions ['colcon_pkg']
[0.329s] Level 1:colcon.colcon_core.package_identification:_identify(src/arduino_bridge/TEST_MOTORES_DIAGNOSTICO) by extension 'colcon_pkg'
[0.329s] Level 1:colcon.colcon_core.package_identification:_identify(src/arduino_bridge/TEST_MOTORES_DIAGNOSTICO) by extensions ['colcon_meta']
[0.329s] Level 1:colcon.colcon_core.package_identification:_identify(src/arduino_bridge/TEST_MOTORES_DIAGNOSTICO) by extension 'colcon_meta'
[0.329s] Level 1:colcon.colcon_core.package_identification:_identify(src/arduino_bridge/TEST_MOTORES_DIAGNOSTICO) by extensions ['ros']
[0.329s] Level 1:colcon.colcon_core.package_identification:_identify(src/arduino_bridge/TEST_MOTORES_DIAGNOSTICO) by extension 'ros'
[0.329s] Level 1:colcon.colcon_core.package_identification:_identify(src/arduino_bridge/TEST_MOTORES_DIAGNOSTICO) by extensions ['cmake', 'python']
[0.329s] Level 1:colcon.colcon_core.package_identification:_identify(src/arduino_bridge/TEST_MOTORES_DIAGNOSTICO) by extension 'cmake'
[0.329s] Level 1:colcon.colcon_core.package_identification:_identify(src/arduino_bridge/TEST_MOTORES_DIAGNOSTICO) by extension 'python'
[0.329s] Level 1:colcon.colcon_core.package_identification:_identify(src/arduino_bridge/TEST_MOTORES_DIAGNOSTICO) by extensions ['python_setup_py']
[0.329s] Level 1:colcon.colcon_core.package_identification:_identify(src/arduino_bridge/TEST_MOTORES_DIAGNOSTICO) by extension 'python_setup_py'
[0.330s] Level 1:colcon.colcon_core.package_identification:_identify(src/arduino_bridge/TEST_STICTION) by extensions ['ignore', 'ignore_ament_install']
[0.330s] Level 1:colcon.colcon_core.package_identification:_identify(src/arduino_bridge/TEST_STICTION) by extension 'ignore'
[0.330s] Level 1:colcon.colcon_core.package_identification:_identify(src/arduino_bridge/TEST_STICTION) by extension 'ignore_ament_install'
[0.330s] Level 1:colcon.colcon_core.package_identification:_identify(src/arduino_bridge/TEST_STICTION) by extensions ['colcon_pkg']
[0.330s] Level 1:colcon.colcon_core.package_identification:_identify(src/arduino_bridge/TEST_STICTION) by extension 'colcon_pkg'
[0.330s] Level 1:colcon.colcon_core.package_identification:_identify(src/arduino_bridge/TEST_STICTION) by extensions ['colcon_meta']
[0.330s] Level 1:colcon.colcon_core.package_identification:_identify(src/arduino_bridge/TEST_STICTION) by extension 'colcon_meta'
[0.330s] Level 1:colcon.colcon_core.package_identification:_identify(src/arduino_bridge/TEST_STICTION) by extensions ['ros']
[0.330s] Level 1:colcon.colcon_core.package_identification:_identify(src/arduino_bridge/TEST_STICTION) by extension 'ros'
[0.330s] Level 1:colcon.colcon_core.package_identification:_identify(src/arduino_bridge/TEST_STICTION) by extensions ['cmake', 'python']
[0.330s] Level 1:colcon.colcon_core.package_identification:_identify(src/arduino_bridge/TEST_STICTION) by extension 'cmake'
[0.330s] Level 1:colcon.colcon_core.package_identification:_identify(src/arduino_bridge/TEST_STICTION) by extension 'python'
[0.330s] Level 1:colcon.colcon_core.package_identification:_identify(src/arduino_bridge/TEST_STICTION) by extensions ['python_setup_py']
[0.330s] Level 1:colcon.colcon_core.package_identification:_identify(src/arduino_bridge/TEST_STICTION) by extension 'python_setup_py'
[0.330s] Level 1:colcon.colcon_core.package_identification:_identify(src/arduino_bridge_ros2) by extensions ['ignore', 'ignore_ament_install']
[0.330s] Level 1:colcon.colcon_core.package_identification:_identify(src/arduino_bridge_ros2) by extension 'ignore'
[0.330s] Level 1:colcon.colcon_core.package_identification:_identify(src/arduino_bridge_ros2) by extension 'ignore_ament_install'
[0.330s] Level 1:colcon.colcon_core.package_identification:_identify(src/arduino_bridge_ros2) by extensions ['colcon_pkg']
[0.331s] Level 1:colcon.colcon_core.package_identification:_identify(src/arduino_bridge_ros2) by extension 'colcon_pkg'
[0.331s] Level 1:colcon.colcon_core.package_identification:_identify(src/arduino_bridge_ros2) by extensions ['colcon_meta']
[0.331s] Level 1:colcon.colcon_core.package_identification:_identify(src/arduino_bridge_ros2) by extension 'colcon_meta'
[0.331s] Level 1:colcon.colcon_core.package_identification:_identify(src/arduino_bridge_ros2) by extensions ['ros']
[0.331s] Level 1:colcon.colcon_core.package_identification:_identify(src/arduino_bridge_ros2) by extension 'ros'
[0.336s] DEBUG:colcon.colcon_core.package_identification:Failed to parse potential ROS package manifest in'src/arduino_bridge_ros2': Error(s) in package 'src/arduino_bridge_ros2/package.xml':
Invalid email "josemsotov@robot" for person "josemsotov"
[0.336s] Level 1:colcon.colcon_core.package_identification:_identify(src/arduino_bridge_ros2) by extensions ['cmake', 'python']
[0.336s] Level 1:colcon.colcon_core.package_identification:_identify(src/arduino_bridge_ros2) by extension 'cmake'
[0.336s] Level 1:colcon.colcon_core.package_identification:_identify(src/arduino_bridge_ros2) by extension 'python'
[0.337s] DEBUG:colcon.colcon_core.package_identification:Python package in 'src/arduino_bridge_ros2' passes arguments to the setup() function which requires a different identification extension than 'python'
[0.337s] Level 1:colcon.colcon_core.package_identification:_identify(src/arduino_bridge_ros2) by extensions ['python_setup_py']
[0.337s] Level 1:colcon.colcon_core.package_identification:_identify(src/arduino_bridge_ros2) by extension 'python_setup_py'
[0.668s] DEBUG:colcon.colcon_core.package_identification:Package 'src/arduino_bridge_ros2' with type 'python' and name 'arduino_bridge_ros2'
[0.668s] Level 1:colcon.colcon_core.package_identification:_identify(src/kinect_ros2) by extensions ['ignore', 'ignore_ament_install']
[0.668s] Level 1:colcon.colcon_core.package_identification:_identify(src/kinect_ros2) by extension 'ignore'
[0.668s] Level 1:colcon.colcon_core.package_identification:_identify(src/kinect_ros2) by extension 'ignore_ament_install'
[0.668s] Level 1:colcon.colcon_core.package_identification:_identify(src/kinect_ros2) by extensions ['colcon_pkg']
[0.668s] Level 1:colcon.colcon_core.package_identification:_identify(src/kinect_ros2) by extension 'colcon_pkg'
[0.668s] Level 1:colcon.colcon_core.package_identification:_identify(src/kinect_ros2) by extensions ['colcon_meta']
[0.668s] Level 1:colcon.colcon_core.package_identification:_identify(src/kinect_ros2) by extension 'colcon_meta'
[0.669s] Level 1:colcon.colcon_core.package_identification:_identify(src/kinect_ros2) by extensions ['ros']
[0.669s] Level 1:colcon.colcon_core.package_identification:_identify(src/kinect_ros2) by extension 'ros'
[0.670s] DEBUG:colcon.colcon_core.package_identification:Package 'src/kinect_ros2' with type 'ros.ament_cmake' and name 'kinect_ros2'
[0.670s] Level 1:colcon.colcon_core.package_identification:_identify(src/ldlidar_stl_ros2) by extensions ['ignore', 'ignore_ament_install']
[0.670s] Level 1:colcon.colcon_core.package_identification:_identify(src/ldlidar_stl_ros2) by extension 'ignore'
[0.670s] Level 1:colcon.colcon_core.package_identification:_identify(src/ldlidar_stl_ros2) by extension 'ignore_ament_install'
[0.670s] Level 1:colcon.colcon_core.package_identification:_identify(src/ldlidar_stl_ros2) by extensions ['colcon_pkg']
[0.670s] Level 1:colcon.colcon_core.package_identification:_identify(src/ldlidar_stl_ros2) by extension 'colcon_pkg'
[0.670s] Level 1:colcon.colcon_core.package_identification:_identify(src/ldlidar_stl_ros2) by extensions ['colcon_meta']
[0.670s] Level 1:colcon.colcon_core.package_identification:_identify(src/ldlidar_stl_ros2) by extension 'colcon_meta'
[0.670s] Level 1:colcon.colcon_core.package_identification:_identify(src/ldlidar_stl_ros2) by extensions ['ros']
[0.670s] Level 1:colcon.colcon_core.package_identification:_identify(src/ldlidar_stl_ros2) by extension 'ros'
[0.671s] DEBUG:colcon.colcon_core.package_identification:Package 'src/ldlidar_stl_ros2' with type 'ros.ament_cmake' and name 'ldlidar_stl_ros2'
[0.671s] Level 1:colcon.colcon_core.package_identification:_identify(src/my_package) by extensions ['ignore', 'ignore_ament_install']
[0.672s] Level 1:colcon.colcon_core.package_identification:_identify(src/my_package) by extension 'ignore'
[0.672s] Level 1:colcon.colcon_core.package_identification:_identify(src/my_package) by extension 'ignore_ament_install'
[0.672s] Level 1:colcon.colcon_core.package_identification:_identify(src/my_package) by extensions ['colcon_pkg']
[0.672s] Level 1:colcon.colcon_core.package_identification:_identify(src/my_package) by extension 'colcon_pkg'
[0.672s] Level 1:colcon.colcon_core.package_identification:_identify(src/my_package) by extensions ['colcon_meta']
[0.672s] Level 1:colcon.colcon_core.package_identification:_identify(src/my_package) by extension 'colcon_meta'
[0.672s] Level 1:colcon.colcon_core.package_identification:_identify(src/my_package) by extensions ['ros']
[0.672s] Level 1:colcon.colcon_core.package_identification:_identify(src/my_package) by extension 'ros'
[0.673s] DEBUG:colcon.colcon_core.package_identification:Package 'src/my_package' with type 'ros.ament_cmake' and name 'my_package'
[0.673s] Level 1:colcon.colcon_core.package_discovery:discover_packages(recursive) using defaults
[0.673s] Level 1:colcon.colcon_core.package_discovery:discover_packages(ignore) discover
[0.673s] Level 1:colcon.colcon_core.package_discovery:discover_packages(ignore) using defaults
[0.673s] Level 1:colcon.colcon_core.package_discovery:discover_packages(path) discover
[0.673s] Level 1:colcon.colcon_core.package_discovery:discover_packages(path) using defaults
[0.702s] INFO:colcon.colcon_core.package_selection:Skipping not selected package 'arduino_bridge_ros2' in 'src/arduino_bridge_ros2'
[0.702s] INFO:colcon.colcon_core.package_selection:Skipping not selected package 'ldlidar_stl_ros2' in 'src/ldlidar_stl_ros2'
[0.702s] INFO:colcon.colcon_core.package_selection:Skipping not selected package 'my_package' in 'src/my_package'
[0.703s] Level 1:colcon.colcon_core.package_discovery:discover_packages(prefix_path) check parameters
[0.703s] Level 1:colcon.colcon_core.package_discovery:discover_packages(prefix_path) discover
[0.705s] WARNING:colcon.colcon_ros.prefix_path.ament:The path '/home/josemsotov/robot_ws/install/my_package' in the environment variable AMENT_PREFIX_PATH doesn't exist
[0.705s] WARNING:colcon.colcon_ros.prefix_path.ament:The path '/home/josemsotov/robot_ws/install/ldlidar_stl_ros2' in the environment variable AMENT_PREFIX_PATH doesn't exist
[0.705s] WARNING:colcon.colcon_ros.prefix_path.catkin:The path '/home/josemsotov/robot_ws/install/my_package' in the environment variable CMAKE_PREFIX_PATH doesn't exist
[0.705s] WARNING:colcon.colcon_ros.prefix_path.catkin:The path '/home/josemsotov/robot_ws/install/ldlidar_stl_ros2' in the environment variable CMAKE_PREFIX_PATH doesn't exist
[0.707s] DEBUG:colcon.colcon_installed_package_information.package_discovery:Found 3 installed packages in /home/josemsotov/robot_ws/install
[0.710s] DEBUG:colcon.colcon_installed_package_information.package_discovery:Found 377 installed packages in /opt/ros/jazzy
[0.713s] Level 1:colcon.colcon_core.package_discovery:discover_packages(prefix_path) using defaults
[0.864s] Level 5:colcon.colcon_core.verb:set package 'kinect_ros2' build argument 'cmake_args' from command line to 'None'
[0.864s] Level 5:colcon.colcon_core.verb:set package 'kinect_ros2' build argument 'cmake_target' from command line to 'None'
[0.864s] Level 5:colcon.colcon_core.verb:set package 'kinect_ros2' build argument 'cmake_target_skip_unavailable' from command line to 'False'
[0.864s] Level 5:colcon.colcon_core.verb:set package 'kinect_ros2' build argument 'cmake_clean_cache' from command line to 'False'
[0.864s] Level 5:colcon.colcon_core.verb:set package 'kinect_ros2' build argument 'cmake_clean_first' from command line to 'False'
[0.864s] Level 5:colcon.colcon_core.verb:set package 'kinect_ros2' build argument 'cmake_force_configure' from command line to 'False'
[0.864s] Level 5:colcon.colcon_core.verb:set package 'kinect_ros2' build argument 'ament_cmake_args' from command line to 'None'
[0.864s] Level 5:colcon.colcon_core.verb:set package 'kinect_ros2' build argument 'catkin_cmake_args' from command line to 'None'
[0.865s] Level 5:colcon.colcon_core.verb:set package 'kinect_ros2' build argument 'catkin_skip_building_tests' from command line to 'False'
[0.865s] DEBUG:colcon.colcon_core.verb:Building package 'kinect_ros2' with the following arguments: {'ament_cmake_args': None, 'build_base': '/home/josemsotov/robot_ws/build/kinect_ros2', 'catkin_cmake_args': None, 'catkin_skip_building_tests': False, 'cmake_args': None, 'cmake_clean_cache': False, 'cmake_clean_first': False, 'cmake_force_configure': False, 'cmake_target': None, 'cmake_target_skip_unavailable': False, 'install_base': '/home/josemsotov/robot_ws/install', 'merge_install': True, 'path': '/home/josemsotov/robot_ws/src/kinect_ros2', 'symlink_install': False, 'test_result_base': None}
[0.865s] INFO:colcon.colcon_core.executor:Executing jobs using 'parallel' executor
[0.866s] DEBUG:colcon.colcon_parallel_executor.executor.parallel:run_until_complete
[0.866s] INFO:colcon.colcon_ros.task.ament_cmake.build:Building ROS package in '/home/josemsotov/robot_ws/src/kinect_ros2' with build type 'ament_cmake'
[0.867s] INFO:colcon.colcon_cmake.task.cmake.build:Building CMake package in '/home/josemsotov/robot_ws/src/kinect_ros2'
[0.872s] INFO:colcon.colcon_core.plugin_system:Skipping extension 'colcon_core.shell.bat': Not used on non-Windows systems
[0.872s] INFO:colcon.colcon_core.shell:Skip shell extension 'powershell' for command environment: Not usable outside of PowerShell
[0.872s] DEBUG:colcon.colcon_core.shell:Skip shell extension 'dsv' for command environment
[0.883s] DEBUG:colcon.colcon_core.event_handler.log_command:Invoking command in '/home/josemsotov/robot_ws/build/kinect_ros2': CMAKE_PREFIX_PATH=${CMAKE_PREFIX_PATH}:/opt/ros/jazzy DEBUGINFOD_URLS=https://debuginfod.ubuntu.com /usr/bin/cmake /home/josemsotov/robot_ws/src/kinect_ros2 -DCMAKE_INSTALL_PREFIX=/home/josemsotov/robot_ws/install
[3.655s] DEBUG:colcon.colcon_core.event_handler.log_command:Invoked command in '/home/josemsotov/robot_ws/build/kinect_ros2' returned '0': CMAKE_PREFIX_PATH=${CMAKE_PREFIX_PATH}:/opt/ros/jazzy DEBUGINFOD_URLS=https://debuginfod.ubuntu.com /usr/bin/cmake /home/josemsotov/robot_ws/src/kinect_ros2 -DCMAKE_INSTALL_PREFIX=/home/josemsotov/robot_ws/install
[3.657s] DEBUG:colcon.colcon_core.event_handler.log_command:Invoking command in '/home/josemsotov/robot_ws/build/kinect_ros2': CMAKE_PREFIX_PATH=${CMAKE_PREFIX_PATH}:/opt/ros/jazzy DEBUGINFOD_URLS=https://debuginfod.ubuntu.com /usr/bin/cmake --build /home/josemsotov/robot_ws/build/kinect_ros2 -- -j4 -l4
[11.722s] DEBUG:colcon.colcon_core.event_handler.log_command:Invoked command in '/home/josemsotov/robot_ws/build/kinect_ros2' returned '0': CMAKE_PREFIX_PATH=${CMAKE_PREFIX_PATH}:/opt/ros/jazzy DEBUGINFOD_URLS=https://debuginfod.ubuntu.com /usr/bin/cmake --build /home/josemsotov/robot_ws/build/kinect_ros2 -- -j4 -l4
[11.743s] DEBUG:colcon.colcon_core.event_handler.log_command:Invoking command in '/home/josemsotov/robot_ws/build/kinect_ros2': CMAKE_PREFIX_PATH=${CMAKE_PREFIX_PATH}:/opt/ros/jazzy DEBUGINFOD_URLS=https://debuginfod.ubuntu.com /usr/bin/cmake --install /home/josemsotov/robot_ws/build/kinect_ros2
[11.768s] Level 1:colcon.colcon_core.environment:create_environment_scripts_only(kinect_ros2)
[11.769s] DEBUG:colcon.colcon_core.event_handler.log_command:Invoked command in '/home/josemsotov/robot_ws/build/kinect_ros2' returned '0': CMAKE_PREFIX_PATH=${CMAKE_PREFIX_PATH}:/opt/ros/jazzy DEBUGINFOD_URLS=https://debuginfod.ubuntu.com /usr/bin/cmake --install /home/josemsotov/robot_ws/build/kinect_ros2
[11.775s] Level 1:colcon.colcon_core.environment:checking '/home/josemsotov/robot_ws/install' for CMake module files
[11.776s] Level 1:colcon.colcon_core.environment:checking '/home/josemsotov/robot_ws/install' for CMake config files
[11.776s] Level 1:colcon.colcon_core.shell:create_environment_hook('kinect_ros2', 'cmake_prefix_path')
[11.777s] INFO:colcon.colcon_core.shell:Creating environment hook '/home/josemsotov/robot_ws/install/share/kinect_ros2/hook/cmake_prefix_path.ps1'
[11.778s] INFO:colcon.colcon_core.shell:Creating environment descriptor '/home/josemsotov/robot_ws/install/share/kinect_ros2/hook/cmake_prefix_path.dsv'
[11.778s] INFO:colcon.colcon_core.shell:Creating environment hook '/home/josemsotov/robot_ws/install/share/kinect_ros2/hook/cmake_prefix_path.sh'
[11.780s] Level 1:colcon.colcon_core.environment:checking '/home/josemsotov/robot_ws/install/lib'
[11.780s] Level 1:colcon.colcon_core.environment:checking '/home/josemsotov/robot_ws/install/bin'
[11.780s] Level 1:colcon.colcon_core.environment:checking '/home/josemsotov/robot_ws/install/lib/pkgconfig/kinect_ros2.pc'
[11.781s] Level 1:colcon.colcon_core.environment:checking '/home/josemsotov/robot_ws/install/lib/python3.12/site-packages'
[11.781s] Level 1:colcon.colcon_core.shell:create_environment_hook('kinect_ros2', 'pythonpath')
[11.781s] INFO:colcon.colcon_core.shell:Creating environment hook '/home/josemsotov/robot_ws/install/share/kinect_ros2/hook/pythonpath.ps1'
[11.782s] INFO:colcon.colcon_core.shell:Creating environment descriptor '/home/josemsotov/robot_ws/install/share/kinect_ros2/hook/pythonpath.dsv'
[11.782s] INFO:colcon.colcon_core.shell:Creating environment hook '/home/josemsotov/robot_ws/install/share/kinect_ros2/hook/pythonpath.sh'
[11.783s] Level 1:colcon.colcon_core.environment:checking '/home/josemsotov/robot_ws/install/bin'
[11.784s] INFO:colcon.colcon_core.shell:Creating package script '/home/josemsotov/robot_ws/install/share/kinect_ros2/package.ps1'
[11.785s] INFO:colcon.colcon_core.shell:Creating package descriptor '/home/josemsotov/robot_ws/install/share/kinect_ros2/package.dsv'
[11.786s] INFO:colcon.colcon_core.shell:Creating package script '/home/josemsotov/robot_ws/install/share/kinect_ros2/package.sh'
[11.787s] INFO:colcon.colcon_core.shell:Creating package script '/home/josemsotov/robot_ws/install/share/kinect_ros2/package.bash'
[11.789s] INFO:colcon.colcon_core.shell:Creating package script '/home/josemsotov/robot_ws/install/share/kinect_ros2/package.zsh'
[11.789s] Level 1:colcon.colcon_core.environment:create_file_with_runtime_dependencies(/home/josemsotov/robot_ws/install/share/colcon-core/packages/kinect_ros2)
[11.790s] Level 1:colcon.colcon_core.environment:create_environment_scripts_only(kinect_ros2)
[11.790s] Level 1:colcon.colcon_core.environment:checking '/home/josemsotov/robot_ws/install' for CMake module files
[11.791s] Level 1:colcon.colcon_core.environment:checking '/home/josemsotov/robot_ws/install' for CMake config files
[11.791s] Level 1:colcon.colcon_core.shell:create_environment_hook('kinect_ros2', 'cmake_prefix_path')
[11.792s] INFO:colcon.colcon_core.shell:Creating environment hook '/home/josemsotov/robot_ws/install/share/kinect_ros2/hook/cmake_prefix_path.ps1'
[11.792s] INFO:colcon.colcon_core.shell:Creating environment descriptor '/home/josemsotov/robot_ws/install/share/kinect_ros2/hook/cmake_prefix_path.dsv'
[11.793s] INFO:colcon.colcon_core.shell:Creating environment hook '/home/josemsotov/robot_ws/install/share/kinect_ros2/hook/cmake_prefix_path.sh'
[11.793s] Level 1:colcon.colcon_core.environment:checking '/home/josemsotov/robot_ws/install/lib'
[11.794s] Level 1:colcon.colcon_core.environment:checking '/home/josemsotov/robot_ws/install/bin'
[11.794s] Level 1:colcon.colcon_core.environment:checking '/home/josemsotov/robot_ws/install/lib/pkgconfig/kinect_ros2.pc'
[11.794s] Level 1:colcon.colcon_core.environment:checking '/home/josemsotov/robot_ws/install/lib/python3.12/site-packages'
[11.794s] Level 1:colcon.colcon_core.shell:create_environment_hook('kinect_ros2', 'pythonpath')
[11.794s] INFO:colcon.colcon_core.shell:Creating environment hook '/home/josemsotov/robot_ws/install/share/kinect_ros2/hook/pythonpath.ps1'
[11.795s] INFO:colcon.colcon_core.shell:Creating environment descriptor '/home/josemsotov/robot_ws/install/share/kinect_ros2/hook/pythonpath.dsv'
[11.795s] INFO:colcon.colcon_core.shell:Creating environment hook '/home/josemsotov/robot_ws/install/share/kinect_ros2/hook/pythonpath.sh'
[11.796s] Level 1:colcon.colcon_core.environment:checking '/home/josemsotov/robot_ws/install/bin'
[11.796s] INFO:colcon.colcon_core.shell:Creating package script '/home/josemsotov/robot_ws/install/share/kinect_ros2/package.ps1'
[11.797s] INFO:colcon.colcon_core.shell:Creating package descriptor '/home/josemsotov/robot_ws/install/share/kinect_ros2/package.dsv'
[11.798s] INFO:colcon.colcon_core.shell:Creating package script '/home/josemsotov/robot_ws/install/share/kinect_ros2/package.sh'
[11.798s] INFO:colcon.colcon_core.shell:Creating package script '/home/josemsotov/robot_ws/install/share/kinect_ros2/package.bash'
[11.799s] INFO:colcon.colcon_core.shell:Creating package script '/home/josemsotov/robot_ws/install/share/kinect_ros2/package.zsh'
[11.799s] Level 1:colcon.colcon_core.environment:create_file_with_runtime_dependencies(/home/josemsotov/robot_ws/install/share/colcon-core/packages/kinect_ros2)
[11.800s] DEBUG:colcon.colcon_parallel_executor.executor.parallel:closing loop
[11.800s] DEBUG:colcon.colcon_parallel_executor.executor.parallel:loop closed
[11.800s] DEBUG:colcon.colcon_parallel_executor.executor.parallel:run_until_complete finished with '0'
[11.800s] DEBUG:colcon.colcon_core.event_reactor:joining thread
[11.817s] INFO:colcon.colcon_core.plugin_system:Skipping extension 'colcon_notification.desktop_notification.terminal_notifier': Not used on non-Darwin systems
[11.817s] INFO:colcon.colcon_core.plugin_system:Skipping extension 'colcon_notification.desktop_notification.win32': Not used on non-Windows systems
[11.817s] INFO:colcon.colcon_notification.desktop_notification:Sending desktop notification using 'notify2'
[11.883s] DEBUG:colcon.colcon_core.event_reactor:joined thread
[11.883s] INFO:colcon.colcon_core.shell:Creating prefix script '/home/josemsotov/robot_ws/install/local_setup.ps1'
[11.885s] INFO:colcon.colcon_core.shell:Creating prefix util module '/home/josemsotov/robot_ws/install/_local_setup_util_ps1.py'
[11.887s] INFO:colcon.colcon_core.shell:Creating prefix chain script '/home/josemsotov/robot_ws/install/setup.ps1'
[11.889s] INFO:colcon.colcon_core.shell:Creating prefix script '/home/josemsotov/robot_ws/install/local_setup.sh'
[11.890s] INFO:colcon.colcon_core.shell:Creating prefix util module '/home/josemsotov/robot_ws/install/_local_setup_util_sh.py'
[11.890s] INFO:colcon.colcon_core.shell:Creating prefix chain script '/home/josemsotov/robot_ws/install/setup.sh'
[11.892s] INFO:colcon.colcon_core.shell:Creating prefix script '/home/josemsotov/robot_ws/install/local_setup.bash'
[11.893s] INFO:colcon.colcon_core.shell:Creating prefix chain script '/home/josemsotov/robot_ws/install/setup.bash'
[11.895s] INFO:colcon.colcon_core.shell:Creating prefix script '/home/josemsotov/robot_ws/install/local_setup.zsh'
[11.895s] INFO:colcon.colcon_core.shell:Creating prefix chain script '/home/josemsotov/robot_ws/install/setup.zsh'
