[0.019s] Invoking command in '/home/josemsotov/robot_ws/build/ldlidar_stl_ros2': CMAKE_PREFIX_PATH=${CMAKE_PREFIX_PATH}:/opt/ros/jazzy DEBUGINFOD_URLS=https://debuginfod.ubuntu.com /usr/bin/cmake /home/josemsotov/robot_ws/src/ldlidar_stl_ros2 -DCMAKE_INSTALL_PREFIX=/home/josemsotov/robot_ws/install/ldlidar_stl_ros2
[0.614s] -- The C compiler identification is GNU 13.3.0
[1.060s] -- The CXX compiler identification is GNU 13.3.0
[1.100s] -- Detecting C compiler ABI info
[1.297s] -- Detecting C compiler ABI info - done
[1.313s] -- Check for working C compiler: /usr/bin/cc - skipped
[1.315s] -- Detecting C compile features
[1.316s] -- Detecting C compile features - done
[1.332s] -- Detecting CXX compiler ABI info
[1.513s] -- Detecting CXX compiler ABI info - done
[1.530s] -- Check for working CXX compiler: /usr/bin/c++ - skipped
[1.530s] -- Detecting CXX compile features
[1.531s] -- Detecting CXX compile features - done
[1.539s] -- Found ament_cmake: 2.5.4 (/opt/ros/jazzy/share/ament_cmake/cmake)
[1.761s] -- Found Python3: /usr/bin/python3 (found version "3.12.3") found components: Interpreter 
[1.961s] -- Found rclcpp: 28.1.13 (/opt/ros/jazzy/share/rclcpp/cmake)
[2.039s] -- Found rosidl_generator_c: 4.6.6 (/opt/ros/jazzy/share/rosidl_generator_c/cmake)
[2.066s] -- Found rosidl_generator_cpp: 4.6.6 (/opt/ros/jazzy/share/rosidl_generator_cpp/cmake)
[2.100s] -- Using all available rosidl_typesupport_c: rosidl_typesupport_fastrtps_c;rosidl_typesupport_introspection_c
[2.137s] -- Using all available rosidl_typesupport_cpp: rosidl_typesupport_fastrtps_cpp;rosidl_typesupport_introspection_cpp
[2.277s] -- Found rmw_implementation_cmake: 7.3.2 (/opt/ros/jazzy/share/rmw_implementation_cmake/cmake)
[2.284s] -- Found rmw_fastrtps_cpp: 8.4.3 (/opt/ros/jazzy/share/rmw_fastrtps_cpp/cmake)
[2.450s] -- Found OpenSSL: /usr/lib/aarch64-linux-gnu/libcrypto.so (found version "3.0.13")  
[2.480s] -- Found FastRTPS: /opt/ros/jazzy/include (Required is at least version "2.13") 
[2.515s] -- Using RMW implementation 'rmw_fastrtps_cpp' as default
[2.647s] -- Found sensor_msgs: 5.3.6 (/opt/ros/jazzy/share/sensor_msgs/cmake)
[2.754s] -- Found ament_lint_auto: 0.17.3 (/opt/ros/jazzy/share/ament_lint_auto/cmake)
[2.953s] -- Added test 'copyright' to check source files copyright and LICENSE
[2.961s] -- Added test 'cppcheck' to perform static code analysis on C / C++ code
[2.962s] -- Configured cppcheck include dirs: /home/josemsotov/robot_ws/src/ldlidar_stl_ros2/include;/home/josemsotov/robot_ws/src/ldlidar_stl_ros2/ldlidar_driver/include/core;/home/josemsotov/robot_ws/src/ldlidar_stl_ros2/ldlidar_driver/include/dataprocess;/home/josemsotov/robot_ws/src/ldlidar_stl_ros2/ldlidar_driver/include/filter;/home/josemsotov/robot_ws/src/ldlidar_stl_ros2/ldlidar_driver/include/logger;/home/josemsotov/robot_ws/src/ldlidar_stl_ros2/ldlidar_driver/include/networkcom;/home/josemsotov/robot_ws/src/ldlidar_stl_ros2/ldlidar_driver/include/serialcom
[2.962s] -- Configured cppcheck exclude dirs and/or files: 
[2.970s] -- Added test 'cpplint' to check C / C++ code against the Google style
[2.970s] -- Configured cpplint exclude dirs and/or files: 
[2.972s] -- Added test 'flake8' to check Python code syntax and style conventions
[2.972s] -- Configured 'flake8' exclude dirs and/or files: 
[2.974s] -- Added test 'lint_cmake' to check CMake code style
[2.976s] -- Added test 'pep257' to check Python code against some of the docstring style conventions in PEP 257
[2.983s] -- Added test 'uncrustify' to check C / C++ code style
[2.983s] -- Configured uncrustify additional arguments: 
[2.985s] -- Added test 'xmllint' to check XML markup files
[2.989s] -- Configuring done (2.8s)
[3.011s] -- Generating done (0.0s)
[3.017s] -- Build files have been written to: /home/josemsotov/robot_ws/build/ldlidar_stl_ros2
[3.036s] Invoked command in '/home/josemsotov/robot_ws/build/ldlidar_stl_ros2' returned '0': CMAKE_PREFIX_PATH=${CMAKE_PREFIX_PATH}:/opt/ros/jazzy DEBUGINFOD_URLS=https://debuginfod.ubuntu.com /usr/bin/cmake /home/josemsotov/robot_ws/src/ldlidar_stl_ros2 -DCMAKE_INSTALL_PREFIX=/home/josemsotov/robot_ws/install/ldlidar_stl_ros2
[3.039s] Invoking command in '/home/josemsotov/robot_ws/build/ldlidar_stl_ros2': CMAKE_PREFIX_PATH=${CMAKE_PREFIX_PATH}:/opt/ros/jazzy DEBUGINFOD_URLS=https://debuginfod.ubuntu.com /usr/bin/cmake --build /home/josemsotov/robot_ws/build/ldlidar_stl_ros2 -- -j4 -l4
[3.131s] [ 50%] [32mBuilding CXX object CMakeFiles/ldlidar_stl_ros2_node.dir/ldlidar_driver/src/core/ldlidar_driver.cpp.o[0m
[3.132s] [ 50%] [32mBuilding CXX object CMakeFiles/ldlidar_stl_ros2_node.dir/ldlidar_driver/src/filter/tofbf.cpp.o[0m
[3.132s] [ 50%] [32mBuilding CXX object CMakeFiles/ldlidar_stl_ros2_node.dir/ldlidar_driver/src/dataprocess/lipkg.cpp.o[0m
[3.132s] [ 50%] [32mBuilding CXX object CMakeFiles/ldlidar_stl_ros2_node.dir/src/demo.cpp.o[0m
[5.314s] [ 62%] [32mBuilding CXX object CMakeFiles/ldlidar_stl_ros2_node.dir/ldlidar_driver/src/logger/log_module.cpp.o[0m
[5.457s] [ 75%] [32mBuilding CXX object CMakeFiles/ldlidar_stl_ros2_node.dir/ldlidar_driver/src/networkcom/network_socket_interface_linux.cpp.o[0m
[5.695s] [ 87%] [32mBuilding CXX object CMakeFiles/ldlidar_stl_ros2_node.dir/ldlidar_driver/src/serialcom/serial_interface_linux.cpp.o[0m
[5.968s] [01m[K/home/josemsotov/robot_ws/src/ldlidar_stl_ros2/ldlidar_driver/src/logger/log_module.cpp:[m[K In member function ‘[01m[Kvoid LogModule::[01;32m[KInitLock[m[K()[m[K’:
[5.972s] [01m[K/home/josemsotov/robot_ws/src/ldlidar_stl_ros2/ldlidar_driver/src/logger/log_module.cpp:172:3:[m[K [01;31m[Kerror: [m[K‘[01m[Kpthread_mutex_init[m[K’ was not declared in this scope; did you mean ‘[01m[Kpthread_mutex_t[m[K’?
[5.972s]   172 |   [01;31m[Kpthread_mutex_init[m[K(&mutex_lock_,NULL);
[5.973s]       |   [01;31m[K^~~~~~~~~~~~~~~~~~[m[K
[5.973s]       |   [32m[Kpthread_mutex_t[m[K
[5.980s] [01m[K/home/josemsotov/robot_ws/src/ldlidar_stl_ros2/ldlidar_driver/src/logger/log_module.cpp:[m[K In member function ‘[01m[Kvoid LogModule::[01;32m[KRealseLock[m[K()[m[K’:
[5.980s] [01m[K/home/josemsotov/robot_ws/src/ldlidar_stl_ros2/ldlidar_driver/src/logger/log_module.cpp:180:9:[m[K [01;31m[Kerror: [m[K‘[01m[Kpthread_mutex_unlock[m[K’ was not declared in this scope; did you mean ‘[01m[Kpthread_mutex_t[m[K’?
[5.980s]   180 |         [01;31m[Kpthread_mutex_unlock[m[K(&mutex_lock_);
[5.980s]       |         [01;31m[K^~~~~~~~~~~~~~~~~~~~[m[K
[5.980s]       |         [32m[Kpthread_mutex_t[m[K
[5.990s] [01m[K/home/josemsotov/robot_ws/src/ldlidar_stl_ros2/ldlidar_driver/src/logger/log_module.cpp:[m[K In member function ‘[01m[Kvoid LogModule::[01;32m[KLock[m[K()[m[K’:
[5.991s] [01m[K/home/josemsotov/robot_ws/src/ldlidar_stl_ros2/ldlidar_driver/src/logger/log_module.cpp:188:9:[m[K [01;31m[Kerror: [m[K‘[01m[Kpthread_mutex_lock[m[K’ was not declared in this scope; did you mean ‘[01m[Kpthread_mutex_t[m[K’?
[5.991s]   188 |         [01;31m[Kpthread_mutex_lock[m[K(&mutex_lock_);
[5.991s]       |         [01;31m[K^~~~~~~~~~~~~~~~~~[m[K
[5.991s]       |         [32m[Kpthread_mutex_t[m[K
[5.998s] [01m[K/home/josemsotov/robot_ws/src/ldlidar_stl_ros2/ldlidar_driver/src/logger/log_module.cpp:[m[K In member function ‘[01m[Kvoid LogModule::[01;32m[KUnLock[m[K()[m[K’:
[5.998s] [01m[K/home/josemsotov/robot_ws/src/ldlidar_stl_ros2/ldlidar_driver/src/logger/log_module.cpp:196:9:[m[K [01;31m[Kerror: [m[K‘[01m[Kpthread_mutex_unlock[m[K’ was not declared in this scope; did you mean ‘[01m[Kpthread_mutex_t[m[K’?
[5.998s]   196 |         [01;31m[Kpthread_mutex_unlock[m[K(&mutex_lock_);
[5.998s]       |         [01;31m[K^~~~~~~~~~~~~~~~~~~~[m[K
[5.998s]       |         [32m[Kpthread_mutex_t[m[K
[6.111s] gmake[2]: *** [CMakeFiles/ldlidar_stl_ros2_node.dir/build.make:132: CMakeFiles/ldlidar_stl_ros2_node.dir/ldlidar_driver/src/logger/log_module.cpp.o] Error 1
[6.111s] gmake[2]: *** Waiting for unfinished jobs....
[12.348s] gmake[1]: *** [CMakeFiles/Makefile2:137: CMakeFiles/ldlidar_stl_ros2_node.dir/all] Error 2
[12.349s] gmake: *** [Makefile:146: all] Error 2
[12.352s] Invoked command in '/home/josemsotov/robot_ws/build/ldlidar_stl_ros2' returned '2': CMAKE_PREFIX_PATH=${CMAKE_PREFIX_PATH}:/opt/ros/jazzy DEBUGINFOD_URLS=https://debuginfod.ubuntu.com /usr/bin/cmake --build /home/josemsotov/robot_ws/build/ldlidar_stl_ros2 -- -j4 -l4
