[0.022s] Invoking command in '/home/josemsotov/robot_ws/build/my_package': CMAKE_PREFIX_PATH=${CMAKE_PREFIX_PATH}:/opt/ros/jazzy DEBUGINFOD_URLS=https://debuginfod.ubuntu.com /usr/bin/cmake --build /home/josemsotov/robot_ws/build/my_package -- -j4 -l4
[0.241s] Invoked command in '/home/josemsotov/robot_ws/build/my_package' returned '0': CMAKE_PREFIX_PATH=${CMAKE_PREFIX_PATH}:/opt/ros/jazzy DEBUGINFOD_URLS=https://debuginfod.ubuntu.com /usr/bin/cmake --build /home/josemsotov/robot_ws/build/my_package -- -j4 -l4
[0.263s] Invoking command in '/home/josemsotov/robot_ws/build/my_package': CMAKE_PREFIX_PATH=${CMAKE_PREFIX_PATH}:/opt/ros/jazzy DEBUGINFOD_URLS=https://debuginfod.ubuntu.com /usr/bin/cmake --install /home/josemsotov/robot_ws/build/my_package
[0.277s] -- Install configuration: ""
[0.278s] -- Execute custom install script
[0.283s] -- Up-to-date symlink: /home/josemsotov/robot_ws/install/my_package/share/my_package/launch/listener.launch.py
[0.283s] -- Up-to-date symlink: /home/josemsotov/robot_ws/install/my_package/share/my_package/launch/talker.launch.py
[0.284s] -- Up-to-date symlink: /home/josemsotov/robot_ws/install/my_package/share/ament_index/resource_index/package_run_dependencies/my_package
[0.285s] -- Up-to-date symlink: /home/josemsotov/robot_ws/install/my_package/share/ament_index/resource_index/parent_prefix_path/my_package
[0.286s] -- Up-to-date symlink: /home/josemsotov/robot_ws/install/my_package/share/my_package/environment/ament_prefix_path.sh
[0.286s] -- Up-to-date symlink: /home/josemsotov/robot_ws/install/my_package/share/my_package/environment/ament_prefix_path.dsv
[0.287s] -- Up-to-date symlink: /home/josemsotov/robot_ws/install/my_package/share/my_package/environment/path.sh
[0.287s] -- Up-to-date symlink: /home/josemsotov/robot_ws/install/my_package/share/my_package/environment/path.dsv
[0.287s] -- Up-to-date symlink: /home/josemsotov/robot_ws/install/my_package/share/my_package/local_setup.bash
[0.288s] -- Up-to-date symlink: /home/josemsotov/robot_ws/install/my_package/share/my_package/local_setup.sh
[0.288s] -- Up-to-date symlink: /home/josemsotov/robot_ws/install/my_package/share/my_package/local_setup.zsh
[0.289s] -- Up-to-date symlink: /home/josemsotov/robot_ws/install/my_package/share/my_package/local_setup.dsv
[0.289s] -- Symlinking: /home/josemsotov/robot_ws/install/my_package/share/my_package/package.dsv
[0.307s] -- Up-to-date symlink: /home/josemsotov/robot_ws/install/my_package/share/ament_index/resource_index/packages/my_package
[0.308s] -- Up-to-date symlink: /home/josemsotov/robot_ws/install/my_package/share/my_package/cmake/my_packageConfig.cmake
[0.308s] -- Up-to-date symlink: /home/josemsotov/robot_ws/install/my_package/share/my_package/cmake/my_packageConfig-version.cmake
[0.308s] -- Up-to-date symlink: /home/josemsotov/robot_ws/install/my_package/share/my_package/package.xml
[0.312s] Invoked command in '/home/josemsotov/robot_ws/build/my_package' returned '0': CMAKE_PREFIX_PATH=${CMAKE_PREFIX_PATH}:/opt/ros/jazzy DEBUGINFOD_URLS=https://debuginfod.ubuntu.com /usr/bin/cmake --install /home/josemsotov/robot_ws/build/my_package
