-- The C compiler identification is GNU 13.3.0
-- The CXX compiler identification is GNU 13.3.0
-- Detecting C compiler ABI info
-- Detecting C compiler ABI info - done
-- Check for working C compiler: /usr/bin/cc - skipped
-- Detecting C compile features
-- Detecting C compile features - done
-- Detecting CXX compiler ABI info
-- Detecting CXX compiler ABI info - done
-- Check for working CXX compiler: /usr/bin/c++ - skipped
-- Detecting CXX compile features
-- Detecting CXX compile features - done
-- Found ament_cmake: 2.5.4 (/opt/ros/jazzy/share/ament_cmake/cmake)
-- Found Python3: /usr/bin/python3 (found version "3.12.3") found components: Interpreter 
-- Found rclcpp: 28.1.13 (/opt/ros/jazzy/share/rclcpp/cmake)
-- Found rosidl_generator_c: 4.6.6 (/opt/ros/jazzy/share/rosidl_generator_c/cmake)
-- Found rosidl_generator_cpp: 4.6.6 (/opt/ros/jazzy/share/rosidl_generator_cpp/cmake)
-- Using all available rosidl_typesupport_c: rosidl_typesupport_fastrtps_c;rosidl_typesupport_introspection_c
-- Using all available rosidl_typesupport_cpp: rosidl_typesupport_fastrtps_cpp;rosidl_typesupport_introspection_cpp
-- Found rmw_implementation_cmake: 7.3.2 (/opt/ros/jazzy/share/rmw_implementation_cmake/cmake)
-- Found rmw_fastrtps_cpp: 8.4.3 (/opt/ros/jazzy/share/rmw_fastrtps_cpp/cmake)
-- Found OpenSSL: /usr/lib/aarch64-linux-gnu/libcrypto.so (found version "3.0.13")  
-- Found FastRTPS: /opt/ros/jazzy/include (Required is at least version "2.13") 
-- Using RMW implementation 'rmw_fastrtps_cpp' as default
-- Found sensor_msgs: 5.3.6 (/opt/ros/jazzy/share/sensor_msgs/cmake)
-- Found PkgConfig: /usr/bin/pkg-config (found version "1.8.1") 
-- Checking for module 'libfreenect'
--   Found libfreenect, version 0.5
-- Configuring done (2.7s)
-- Generating done (0.0s)
-- Build files have been written to: /home/josemsotov/robot_ws/build/kinect_ros2
[ 50%] Building CXX object CMakeFiles/kinect_node.dir/src/kinect_node.cpp.o
[100%] Linking CXX executable kinect_node
[100%] Built target kinect_node
-- Install configuration: ""
-- Installing: /home/josemsotov/robot_ws/install/lib/kinect_ros2/kinect_node
-- Set non-toolchain portion of runtime path of "/home/josemsotov/robot_ws/install/lib/kinect_ros2/kinect_node" to ""
-- Installing: /home/josemsotov/robot_ws/install/share/ament_index/resource_index/package_run_dependencies/kinect_ros2
-- Installing: /home/josemsotov/robot_ws/install/share/ament_index/resource_index/parent_prefix_path/kinect_ros2
-- Installing: /home/josemsotov/robot_ws/install/share/kinect_ros2/environment/ament_prefix_path.sh
-- Installing: /home/josemsotov/robot_ws/install/share/kinect_ros2/environment/ament_prefix_path.dsv
-- Installing: /home/josemsotov/robot_ws/install/share/kinect_ros2/environment/path.sh
-- Installing: /home/josemsotov/robot_ws/install/share/kinect_ros2/environment/path.dsv
-- Installing: /home/josemsotov/robot_ws/install/share/kinect_ros2/local_setup.bash
-- Installing: /home/josemsotov/robot_ws/install/share/kinect_ros2/local_setup.sh
-- Installing: /home/josemsotov/robot_ws/install/share/kinect_ros2/local_setup.zsh
-- Installing: /home/josemsotov/robot_ws/install/share/kinect_ros2/local_setup.dsv
-- Installing: /home/josemsotov/robot_ws/install/share/kinect_ros2/package.dsv
-- Installing: /home/josemsotov/robot_ws/install/share/ament_index/resource_index/packages/kinect_ros2
-- Installing: /home/josemsotov/robot_ws/install/share/kinect_ros2/cmake/kinect_ros2Config.cmake
-- Installing: /home/josemsotov/robot_ws/install/share/kinect_ros2/cmake/kinect_ros2Config-version.cmake
-- Installing: /home/josemsotov/robot_ws/install/share/kinect_ros2/package.xml
