[0.017s] Invoking command in '/home/josemsotov/robot_ws/build/kinect_ros2': CMAKE_PREFIX_PATH=${CMAKE_PREFIX_PATH}:/opt/ros/jazzy DEBUGINFOD_URLS=https://debuginfod.ubuntu.com /usr/bin/cmake /home/josemsotov/robot_ws/src/kinect_ros2 -DCMAKE_INSTALL_PREFIX=/home/josemsotov/robot_ws/install
[0.354s] -- The C compiler identification is GNU 13.3.0
[0.582s] -- The CXX compiler identification is GNU 13.3.0
[0.619s] -- Detecting C compiler ABI info
[0.815s] -- Detecting C compiler ABI info - done
[0.830s] -- Check for working C compiler: /usr/bin/cc - skipped
[0.831s] -- Detecting C compile features
[0.832s] -- Detecting C compile features - done
[0.849s] -- Detecting CXX compiler ABI info
[1.062s] -- Detecting CXX compiler ABI info - done
[1.078s] -- Check for working CXX compiler: /usr/bin/c++ - skipped
[1.078s] -- Detecting CXX compile features
[1.079s] -- Detecting CXX compile features - done
[1.086s] -- Found ament_cmake: 2.5.4 (/opt/ros/jazzy/share/ament_cmake/cmake)
[1.344s] -- Found Python3: /usr/bin/python3 (found version "3.12.3") found components: Interpreter 
[1.575s] -- Found rclcpp: 28.1.13 (/opt/ros/jazzy/share/rclcpp/cmake)
[1.676s] -- Found rosidl_generator_c: 4.6.6 (/opt/ros/jazzy/share/rosidl_generator_c/cmake)
[1.710s] -- Found rosidl_generator_cpp: 4.6.6 (/opt/ros/jazzy/share/rosidl_generator_cpp/cmake)
[1.750s] -- Using all available rosidl_typesupport_c: rosidl_typesupport_fastrtps_c;rosidl_typesupport_introspection_c
[1.792s] -- Using all available rosidl_typesupport_cpp: rosidl_typesupport_fastrtps_cpp;rosidl_typesupport_introspection_cpp
[1.958s] -- Found rmw_implementation_cmake: 7.3.2 (/opt/ros/jazzy/share/rmw_implementation_cmake/cmake)
[1.967s] -- Found rmw_fastrtps_cpp: 8.4.3 (/opt/ros/jazzy/share/rmw_fastrtps_cpp/cmake)
[2.152s] -- Found OpenSSL: /usr/lib/aarch64-linux-gnu/libcrypto.so (found version "3.0.13")  
[2.184s] -- Found FastRTPS: /opt/ros/jazzy/include (Required is at least version "2.13") 
[2.221s] -- Using RMW implementation 'rmw_fastrtps_cpp' as default
[2.370s] -- Found sensor_msgs: 5.3.6 (/opt/ros/jazzy/share/sensor_msgs/cmake)
[2.481s] -- Found PkgConfig: /usr/bin/pkg-config (found version "1.8.1") 
[2.483s] -- Checking for module 'libfreenect'
[2.515s] --   Found libfreenect, version 0.5
[2.745s] -- Configuring done (2.7s)
[2.763s] -- Generating done (0.0s)
[2.769s] -- Build files have been written to: /home/josemsotov/robot_ws/build/kinect_ros2
[2.788s] Invoked command in '/home/josemsotov/robot_ws/build/kinect_ros2' returned '0': CMAKE_PREFIX_PATH=${CMAKE_PREFIX_PATH}:/opt/ros/jazzy DEBUGINFOD_URLS=https://debuginfod.ubuntu.com /usr/bin/cmake /home/josemsotov/robot_ws/src/kinect_ros2 -DCMAKE_INSTALL_PREFIX=/home/josemsotov/robot_ws/install
[2.790s] Invoking command in '/home/josemsotov/robot_ws/build/kinect_ros2': CMAKE_PREFIX_PATH=${CMAKE_PREFIX_PATH}:/opt/ros/jazzy DEBUGINFOD_URLS=https://debuginfod.ubuntu.com /usr/bin/cmake --build /home/josemsotov/robot_ws/build/kinect_ros2 -- -j4 -l4
[2.896s] [ 50%] Building CXX object CMakeFiles/kinect_node.dir/src/kinect_node.cpp.o
[10.354s] [100%] Linking CXX executable kinect_node
[10.833s] [100%] Built target kinect_node
[10.855s] Invoked command in '/home/josemsotov/robot_ws/build/kinect_ros2' returned '0': CMAKE_PREFIX_PATH=${CMAKE_PREFIX_PATH}:/opt/ros/jazzy DEBUGINFOD_URLS=https://debuginfod.ubuntu.com /usr/bin/cmake --build /home/josemsotov/robot_ws/build/kinect_ros2 -- -j4 -l4
[10.876s] Invoking command in '/home/josemsotov/robot_ws/build/kinect_ros2': CMAKE_PREFIX_PATH=${CMAKE_PREFIX_PATH}:/opt/ros/jazzy DEBUGINFOD_URLS=https://debuginfod.ubuntu.com /usr/bin/cmake --install /home/josemsotov/robot_ws/build/kinect_ros2
[10.893s] -- Install configuration: ""
[10.893s] -- Installing: /home/josemsotov/robot_ws/install/lib/kinect_ros2/kinect_node
[10.896s] -- Set non-toolchain portion of runtime path of "/home/josemsotov/robot_ws/install/lib/kinect_ros2/kinect_node" to ""
[10.896s] -- Installing: /home/josemsotov/robot_ws/install/share/ament_index/resource_index/package_run_dependencies/kinect_ros2
[10.897s] -- Installing: /home/josemsotov/robot_ws/install/share/ament_index/resource_index/parent_prefix_path/kinect_ros2
[10.897s] -- Installing: /home/josemsotov/robot_ws/install/share/kinect_ros2/environment/ament_prefix_path.sh
[10.897s] -- Installing: /home/josemsotov/robot_ws/install/share/kinect_ros2/environment/ament_prefix_path.dsv
[10.897s] -- Installing: /home/josemsotov/robot_ws/install/share/kinect_ros2/environment/path.sh
[10.898s] -- Installing: /home/josemsotov/robot_ws/install/share/kinect_ros2/environment/path.dsv
[10.898s] -- Installing: /home/josemsotov/robot_ws/install/share/kinect_ros2/local_setup.bash
[10.898s] -- Installing: /home/josemsotov/robot_ws/install/share/kinect_ros2/local_setup.sh
[10.898s] -- Installing: /home/josemsotov/robot_ws/install/share/kinect_ros2/local_setup.zsh
[10.898s] -- Installing: /home/josemsotov/robot_ws/install/share/kinect_ros2/local_setup.dsv
[10.898s] -- Installing: /home/josemsotov/robot_ws/install/share/kinect_ros2/package.dsv
[10.899s] -- Installing: /home/josemsotov/robot_ws/install/share/ament_index/resource_index/packages/kinect_ros2
[10.899s] -- Installing: /home/josemsotov/robot_ws/install/share/kinect_ros2/cmake/kinect_ros2Config.cmake
[10.899s] -- Installing: /home/josemsotov/robot_ws/install/share/kinect_ros2/cmake/kinect_ros2Config-version.cmake
[10.899s] -- Installing: /home/josemsotov/robot_ws/install/share/kinect_ros2/package.xml
[10.902s] Invoked command in '/home/josemsotov/robot_ws/build/kinect_ros2' returned '0': CMAKE_PREFIX_PATH=${CMAKE_PREFIX_PATH}:/opt/ros/jazzy DEBUGINFOD_URLS=https://debuginfod.ubuntu.com /usr/bin/cmake --install /home/josemsotov/robot_ws/build/kinect_ros2
