-- The C compiler identification is GNU 13.3.0
-- The CXX compiler identification is GNU 13.3.0
-- Detecting C compiler ABI info
-- Detecting C compiler ABI info - done
-- Check for working C compiler: /usr/bin/cc - skipped
-- Detecting C compile features
-- Detecting C compile features - done
-- Detecting CXX compiler ABI info
-- Detecting CXX compiler ABI info - done
-- Check for working CXX compiler: /usr/bin/c++ - skipped
-- Detecting CXX compile features
-- Detecting CXX compile features - done
-- Found ament_cmake: 2.5.4 (/opt/ros/jazzy/share/ament_cmake/cmake)
-- Found Python3: /usr/bin/python3 (found version "3.12.3") found components: Interpreter 
-- Found ament_lint_auto: 0.17.3 (/opt/ros/jazzy/share/ament_lint_auto/cmake)
-- Added test 'flake8' to check Python code syntax and style conventions
-- Configured 'flake8' exclude dirs and/or files: 
-- Added test 'lint_cmake' to check CMake code style
-- Added test 'pep257' to check Python code against some of the docstring style conventions in PEP 257
-- Added test 'xmllint' to check XML markup files
-- Configuring done (1.8s)
-- Generating done (0.0s)
-- Build files have been written to: /home/josemsotov/robot_ws/build/my_package
-- Install configuration: ""
-- Installing: /home/josemsotov/robot_ws/install/share/my_package/launch
-- Installing: /home/josemsotov/robot_ws/install/share/my_package/launch/talker.launch.py
-- Installing: /home/josemsotov/robot_ws/install/share/my_package/launch/listener.launch.py
-- Installing: /home/josemsotov/robot_ws/install/share/my_package/launch/ld06_test.launch.py
-- Installing: /home/josemsotov/robot_ws/install/share/ament_index/resource_index/package_run_dependencies/my_package
-- Installing: /home/josemsotov/robot_ws/install/share/ament_index/resource_index/parent_prefix_path/my_package
-- Installing: /home/josemsotov/robot_ws/install/share/my_package/environment/ament_prefix_path.sh
-- Installing: /home/josemsotov/robot_ws/install/share/my_package/environment/ament_prefix_path.dsv
-- Installing: /home/josemsotov/robot_ws/install/share/my_package/environment/path.sh
-- Installing: /home/josemsotov/robot_ws/install/share/my_package/environment/path.dsv
-- Installing: /home/josemsotov/robot_ws/install/share/my_package/local_setup.bash
-- Installing: /home/josemsotov/robot_ws/install/share/my_package/local_setup.sh
-- Installing: /home/josemsotov/robot_ws/install/share/my_package/local_setup.zsh
-- Installing: /home/josemsotov/robot_ws/install/share/my_package/local_setup.dsv
-- Installing: /home/josemsotov/robot_ws/install/share/my_package/package.dsv
-- Installing: /home/josemsotov/robot_ws/install/share/ament_index/resource_index/packages/my_package
-- Installing: /home/josemsotov/robot_ws/install/share/my_package/cmake/my_packageConfig.cmake
-- Installing: /home/josemsotov/robot_ws/install/share/my_package/cmake/my_packageConfig-version.cmake
-- Installing: /home/josemsotov/robot_ws/install/share/my_package/package.xml
