[0.332s] Invoking command in '/home/josemsotov/robot_ws/build/ldlidar_stl_ros2': CMAKE_PREFIX_PATH=${CMAKE_PREFIX_PATH}:/opt/ros/jazzy /usr/bin/cmake /home/josemsotov/robot_ws/src/ldlidar_stl_ros2 -DAMENT_CMAKE_SYMLINK_INSTALL=1 -DCMAKE_INSTALL_PREFIX=/home/josemsotov/robot_ws/install/ldlidar_stl_ros2
[0.429s] -- Found ament_cmake: 2.5.4 (/opt/ros/jazzy/share/ament_cmake/cmake)
[0.786s] -- Override CMake install command with custom implementation using symlinks instead of copying resources
[0.820s] -- Found rclcpp: 28.1.13 (/opt/ros/jazzy/share/rclcpp/cmake)
[0.886s] -- Found rosidl_generator_c: 4.6.6 (/opt/ros/jazzy/share/rosidl_generator_c/cmake)
[0.906s] -- Found rosidl_generator_cpp: 4.6.6 (/opt/ros/jazzy/share/rosidl_generator_cpp/cmake)
[0.933s] -- Using all available rosidl_typesupport_c: rosidl_typesupport_fastrtps_c;rosidl_typesupport_introspection_c
[0.959s] -- Using all available rosidl_typesupport_cpp: rosidl_typesupport_fastrtps_cpp;rosidl_typesupport_introspection_cpp
[1.078s] -- Found rmw_implementation_cmake: 7.3.2 (/opt/ros/jazzy/share/rmw_implementation_cmake/cmake)
[1.082s] -- Found rmw_fastrtps_cpp: 8.4.3 (/opt/ros/jazzy/share/rmw_fastrtps_cpp/cmake)
[1.199s] -- Using RMW implementation 'rmw_fastrtps_cpp' as default
[1.316s] -- Found sensor_msgs: 5.3.6 (/opt/ros/jazzy/share/sensor_msgs/cmake)
[1.421s] -- Found ament_lint_auto: 0.17.3 (/opt/ros/jazzy/share/ament_lint_auto/cmake)
[1.628s] -- Added test 'copyright' to check source files copyright and LICENSE
[1.642s] -- Added test 'cppcheck' to perform static code analysis on C / C++ code
[1.643s] -- Configured cppcheck include dirs: /home/josemsotov/robot_ws/src/ldlidar_stl_ros2/include;/home/josemsotov/robot_ws/src/ldlidar_stl_ros2/ldlidar_driver/include/core;/home/josemsotov/robot_ws/src/ldlidar_stl_ros2/ldlidar_driver/include/dataprocess;/home/josemsotov/robot_ws/src/ldlidar_stl_ros2/ldlidar_driver/include/filter;/home/josemsotov/robot_ws/src/ldlidar_stl_ros2/ldlidar_driver/include/logger;/home/josemsotov/robot_ws/src/ldlidar_stl_ros2/ldlidar_driver/include/networkcom;/home/josemsotov/robot_ws/src/ldlidar_stl_ros2/ldlidar_driver/include/serialcom
[1.643s] -- Configured cppcheck exclude dirs and/or files: 
[1.650s] -- Added test 'cpplint' to check C / C++ code against the Google style
[1.650s] -- Configured cpplint exclude dirs and/or files: 
[1.652s] -- Added test 'flake8' to check Python code syntax and style conventions
[1.652s] -- Configured 'flake8' exclude dirs and/or files: 
[1.654s] -- Added test 'lint_cmake' to check CMake code style
[1.655s] -- Added test 'pep257' to check Python code against some of the docstring style conventions in PEP 257
[1.662s] -- Added test 'uncrustify' to check C / C++ code style
[1.662s] -- Configured uncrustify additional arguments: 
[1.664s] -- Added test 'xmllint' to check XML markup files
[1.667s] -- Configuring done (1.3s)
[1.705s] -- Generating done (0.0s)
[1.713s] -- Build files have been written to: /home/josemsotov/robot_ws/build/ldlidar_stl_ros2
[1.729s] Invoked command in '/home/josemsotov/robot_ws/build/ldlidar_stl_ros2' returned '0': CMAKE_PREFIX_PATH=${CMAKE_PREFIX_PATH}:/opt/ros/jazzy /usr/bin/cmake /home/josemsotov/robot_ws/src/ldlidar_stl_ros2 -DAMENT_CMAKE_SYMLINK_INSTALL=1 -DCMAKE_INSTALL_PREFIX=/home/josemsotov/robot_ws/install/ldlidar_stl_ros2
[1.731s] Invoking command in '/home/josemsotov/robot_ws/build/ldlidar_stl_ros2': CMAKE_PREFIX_PATH=${CMAKE_PREFIX_PATH}:/opt/ros/jazzy /usr/bin/cmake --build /home/josemsotov/robot_ws/build/ldlidar_stl_ros2 -- -j4 -l4
[1.907s] [ 25%] Building CXX object CMakeFiles/ldlidar_stl_ros2_node.dir/ldlidar_driver/src/core/ldlidar_driver.cpp.o
[1.907s] [ 25%] Building CXX object CMakeFiles/ldlidar_stl_ros2_node.dir/src/demo.cpp.o
[1.917s] [ 37%] Building CXX object CMakeFiles/ldlidar_stl_ros2_node.dir/ldlidar_driver/src/dataprocess/lipkg.cpp.o
[1.919s] [ 50%] Building CXX object CMakeFiles/ldlidar_stl_ros2_node.dir/ldlidar_driver/src/filter/tofbf.cpp.o
[4.214s] [ 75%] Building CXX object CMakeFiles/ldlidar_stl_ros2_node.dir/ldlidar_driver/src/networkcom/network_socket_interface_linux.cpp.o
[4.214s] [ 75%] Building CXX object CMakeFiles/ldlidar_stl_ros2_node.dir/ldlidar_driver/src/logger/log_module.cpp.o
[4.420s] [ 87%] Building CXX object CMakeFiles/ldlidar_stl_ros2_node.dir/ldlidar_driver/src/serialcom/serial_interface_linux.cpp.o
[10.852s] [100%] Linking CXX executable ldlidar_stl_ros2_node
[11.411s] [100%] Built target ldlidar_stl_ros2_node
[11.433s] Invoked command in '/home/josemsotov/robot_ws/build/ldlidar_stl_ros2' returned '0': CMAKE_PREFIX_PATH=${CMAKE_PREFIX_PATH}:/opt/ros/jazzy /usr/bin/cmake --build /home/josemsotov/robot_ws/build/ldlidar_stl_ros2 -- -j4 -l4
[11.453s] Invoking command in '/home/josemsotov/robot_ws/build/ldlidar_stl_ros2': CMAKE_PREFIX_PATH=${CMAKE_PREFIX_PATH}:/opt/ros/jazzy /usr/bin/cmake --install /home/josemsotov/robot_ws/build/ldlidar_stl_ros2
[11.470s] -- Install configuration: ""
[11.471s] -- Execute custom install script
[11.472s] -- Symlinking: /home/josemsotov/robot_ws/install/ldlidar_stl_ros2/lib/ldlidar_stl_ros2/ldlidar_stl_ros2_node
[11.494s] -- Symlinking: /home/josemsotov/robot_ws/install/ldlidar_stl_ros2/share/ldlidar_stl_ros2//launch/ld06.launch.py
[11.514s] -- Symlinking: /home/josemsotov/robot_ws/install/ldlidar_stl_ros2/share/ldlidar_stl_ros2//launch/ld19.launch.py
[11.533s] -- Symlinking: /home/josemsotov/robot_ws/install/ldlidar_stl_ros2/share/ldlidar_stl_ros2//launch/stl27l.launch.py
[11.552s] -- Symlinking: /home/josemsotov/robot_ws/install/ldlidar_stl_ros2/share/ldlidar_stl_ros2//launch/viewer_ld06.launch.py
[11.571s] -- Symlinking: /home/josemsotov/robot_ws/install/ldlidar_stl_ros2/share/ldlidar_stl_ros2//launch/viewer_ld19.launch.py
[11.590s] -- Symlinking: /home/josemsotov/robot_ws/install/ldlidar_stl_ros2/share/ldlidar_stl_ros2//launch/viewer_stl27l.launch.py
[11.610s] -- Symlinking: /home/josemsotov/robot_ws/install/ldlidar_stl_ros2/share/ldlidar_stl_ros2//rviz2/ldlidar.rviz
[11.631s] -- Symlinking: /home/josemsotov/robot_ws/install/ldlidar_stl_ros2/share/ament_index/resource_index/package_run_dependencies/ldlidar_stl_ros2
[11.652s] -- Symlinking: /home/josemsotov/robot_ws/install/ldlidar_stl_ros2/share/ament_index/resource_index/parent_prefix_path/ldlidar_stl_ros2
[11.671s] -- Symlinking: /home/josemsotov/robot_ws/install/ldlidar_stl_ros2/share/ldlidar_stl_ros2/environment/ament_prefix_path.sh
[11.691s] -- Symlinking: /home/josemsotov/robot_ws/install/ldlidar_stl_ros2/share/ldlidar_stl_ros2/environment/ament_prefix_path.dsv
[11.710s] -- Symlinking: /home/josemsotov/robot_ws/install/ldlidar_stl_ros2/share/ldlidar_stl_ros2/environment/path.sh
[11.730s] -- Symlinking: /home/josemsotov/robot_ws/install/ldlidar_stl_ros2/share/ldlidar_stl_ros2/environment/path.dsv
[11.749s] -- Symlinking: /home/josemsotov/robot_ws/install/ldlidar_stl_ros2/share/ldlidar_stl_ros2/local_setup.bash
[11.769s] -- Symlinking: /home/josemsotov/robot_ws/install/ldlidar_stl_ros2/share/ldlidar_stl_ros2/local_setup.sh
[11.788s] -- Symlinking: /home/josemsotov/robot_ws/install/ldlidar_stl_ros2/share/ldlidar_stl_ros2/local_setup.zsh
[11.808s] -- Symlinking: /home/josemsotov/robot_ws/install/ldlidar_stl_ros2/share/ldlidar_stl_ros2/local_setup.dsv
[11.828s] -- Symlinking: /home/josemsotov/robot_ws/install/ldlidar_stl_ros2/share/ldlidar_stl_ros2/package.dsv
[11.848s] -- Symlinking: /home/josemsotov/robot_ws/install/ldlidar_stl_ros2/share/ament_index/resource_index/packages/ldlidar_stl_ros2
[11.868s] -- Symlinking: /home/josemsotov/robot_ws/install/ldlidar_stl_ros2/share/ldlidar_stl_ros2/cmake/ldlidar_stl_ros2Config.cmake
[11.888s] -- Symlinking: /home/josemsotov/robot_ws/install/ldlidar_stl_ros2/share/ldlidar_stl_ros2/cmake/ldlidar_stl_ros2Config-version.cmake
[11.908s] -- Symlinking: /home/josemsotov/robot_ws/install/ldlidar_stl_ros2/share/ldlidar_stl_ros2/package.xml
[11.930s] Invoked command in '/home/josemsotov/robot_ws/build/ldlidar_stl_ros2' returned '0': CMAKE_PREFIX_PATH=${CMAKE_PREFIX_PATH}:/opt/ros/jazzy /usr/bin/cmake --install /home/josemsotov/robot_ws/build/ldlidar_stl_ros2
