[0.147s] DEBUG:colcon:Command line arguments: ['/usr/bin/colcon', 'build', '--merge-install']
[0.147s] DEBUG:colcon:Parsed command line arguments: Namespace(log_base=None, log_level=None, verb_name='build', build_base='build', install_base='install', merge_install=True, symlink_install=False, test_result_base=None, continue_on_error=False, executor='parallel', parallel_workers=4, event_handlers=None, ignore_user_meta=False, metas=['./colcon.meta'], base_paths=['.'], packages_ignore=None, packages_ignore_regex=None, paths=None, packages_up_to=None, packages_up_to_regex=None, packages_above=None, packages_above_and_dependencies=None, packages_above_depth=None, packages_select_by_dep=None, packages_skip_by_dep=None, packages_skip_up_to=None, packages_select_build_failed=False, packages_skip_build_finished=False, packages_select_test_failures=False, packages_skip_test_passed=False, packages_select=None, packages_skip=None, packages_select_regex=None, packages_skip_regex=None, packages_start=None, packages_end=None, allow_overriding=[], cmake_args=None, cmake_target=None, cmake_target_skip_unavailable=False, cmake_clean_cache=False, cmake_clean_first=False, cmake_force_configure=False, ament_cmake_args=None, catkin_cmake_args=None, catkin_skip_building_tests=False, verb_parser=<colcon_defaults.argument_parser.defaults.DefaultArgumentsDecorator object at 0xffff8251a030>, verb_extension=<colcon_core.verb.build.BuildVerb object at 0xffff828330e0>, main=<bound method BuildVerb.main of <colcon_core.verb.build.BuildVerb object at 0xffff828330e0>>)
[0.206s] Level 1:colcon.colcon_core.package_discovery:discover_packages(colcon_meta) check parameters
[0.206s] Level 1:colcon.colcon_core.package_discovery:discover_packages(recursive) check parameters
[0.206s] Level 1:colcon.colcon_core.package_discovery:discover_packages(ignore) check parameters
[0.206s] Level 1:colcon.colcon_core.package_discovery:discover_packages(path) check parameters
[0.206s] Level 1:colcon.colcon_core.package_discovery:discover_packages(colcon_meta) discover
[0.206s] Level 1:colcon.colcon_core.package_discovery:discover_packages(recursive) discover
[0.206s] INFO:colcon.colcon_core.package_discovery:Crawling recursively for packages in '/home/josemsotov/robot_ws'
[0.206s] Level 1:colcon.colcon_core.package_identification:_identify(.) by extensions ['ignore', 'ignore_ament_install']
[0.207s] Level 1:colcon.colcon_core.package_identification:_identify(.) by extension 'ignore'
[0.207s] Level 1:colcon.colcon_core.package_identification:_identify(.) by extension 'ignore_ament_install'
[0.207s] Level 1:colcon.colcon_core.package_identification:_identify(.) by extensions ['colcon_pkg']
[0.207s] Level 1:colcon.colcon_core.package_identification:_identify(.) by extension 'colcon_pkg'
[0.207s] Level 1:colcon.colcon_core.package_identification:_identify(.) by extensions ['colcon_meta']
[0.207s] Level 1:colcon.colcon_core.package_identification:_identify(.) by extension 'colcon_meta'
[0.207s] Level 1:colcon.colcon_core.package_identification:_identify(.) by extensions ['ros']
[0.207s] Level 1:colcon.colcon_core.package_identification:_identify(.) by extension 'ros'
[0.247s] Level 1:colcon.colcon_core.package_identification:_identify(.) by extensions ['cmake', 'python']
[0.247s] Level 1:colcon.colcon_core.package_identification:_identify(.) by extension 'cmake'
[0.247s] Level 1:colcon.colcon_core.package_identification:_identify(.) by extension 'python'
[0.247s] Level 1:colcon.colcon_core.package_identification:_identify(.) by extensions ['python_setup_py']
[0.247s] Level 1:colcon.colcon_core.package_identification:_identify(.) by extension 'python_setup_py'
[0.248s] Level 1:colcon.colcon_core.package_identification:_identify(build) by extensions ['ignore', 'ignore_ament_install']
[0.248s] Level 1:colcon.colcon_core.package_identification:_identify(build) by extension 'ignore'
[0.248s] Level 1:colcon.colcon_core.package_identification:_identify(build) ignored
[0.248s] Level 1:colcon.colcon_core.package_identification:_identify(install) by extensions ['ignore', 'ignore_ament_install']
[0.248s] Level 1:colcon.colcon_core.package_identification:_identify(install) by extension 'ignore'
[0.248s] Level 1:colcon.colcon_core.package_identification:_identify(install) ignored
[0.248s] Level 1:colcon.colcon_core.package_identification:_identify(log) by extensions ['ignore', 'ignore_ament_install']
[0.248s] Level 1:colcon.colcon_core.package_identification:_identify(log) by extension 'ignore'
[0.248s] Level 1:colcon.colcon_core.package_identification:_identify(log) ignored
[0.249s] Level 1:colcon.colcon_core.package_identification:_identify(src) by extensions ['ignore', 'ignore_ament_install']
[0.249s] Level 1:colcon.colcon_core.package_identification:_identify(src) by extension 'ignore'
[0.249s] Level 1:colcon.colcon_core.package_identification:_identify(src) by extension 'ignore_ament_install'
[0.249s] Level 1:colcon.colcon_core.package_identification:_identify(src) by extensions ['colcon_pkg']
[0.249s] Level 1:colcon.colcon_core.package_identification:_identify(src) by extension 'colcon_pkg'
[0.249s] Level 1:colcon.colcon_core.package_identification:_identify(src) by extensions ['colcon_meta']
[0.249s] Level 1:colcon.colcon_core.package_identification:_identify(src) by extension 'colcon_meta'
[0.249s] Level 1:colcon.colcon_core.package_identification:_identify(src) by extensions ['ros']
[0.249s] Level 1:colcon.colcon_core.package_identification:_identify(src) by extension 'ros'
[0.249s] Level 1:colcon.colcon_core.package_identification:_identify(src) by extensions ['cmake', 'python']
[0.249s] Level 1:colcon.colcon_core.package_identification:_identify(src) by extension 'cmake'
[0.249s] Level 1:colcon.colcon_core.package_identification:_identify(src) by extension 'python'
[0.249s] Level 1:colcon.colcon_core.package_identification:_identify(src) by extensions ['python_setup_py']
[0.249s] Level 1:colcon.colcon_core.package_identification:_identify(src) by extension 'python_setup_py'
[0.249s] Level 1:colcon.colcon_core.package_identification:_identify(src/arduino_bridge) by extensions ['ignore', 'ignore_ament_install']
[0.249s] Level 1:colcon.colcon_core.package_identification:_identify(src/arduino_bridge) by extension 'ignore'
[0.250s] Level 1:colcon.colcon_core.package_identification:_identify(src/arduino_bridge) by extension 'ignore_ament_install'
[0.250s] Level 1:colcon.colcon_core.package_identification:_identify(src/arduino_bridge) by extensions ['colcon_pkg']
[0.250s] Level 1:colcon.colcon_core.package_identification:_identify(src/arduino_bridge) by extension 'colcon_pkg'
[0.250s] Level 1:colcon.colcon_core.package_identification:_identify(src/arduino_bridge) by extensions ['colcon_meta']
[0.250s] Level 1:colcon.colcon_core.package_identification:_identify(src/arduino_bridge) by extension 'colcon_meta'
[0.250s] Level 1:colcon.colcon_core.package_identification:_identify(src/arduino_bridge) by extensions ['ros']
[0.250s] Level 1:colcon.colcon_core.package_identification:_identify(src/arduino_bridge) by extension 'ros'
[0.250s] Level 1:colcon.colcon_core.package_identification:_identify(src/arduino_bridge) by extensions ['cmake', 'python']
[0.250s] Level 1:colcon.colcon_core.package_identification:_identify(src/arduino_bridge) by extension 'cmake'
[0.250s] Level 1:colcon.colcon_core.package_identification:_identify(src/arduino_bridge) by extension 'python'
[0.250s] Level 1:colcon.colcon_core.package_identification:_identify(src/arduino_bridge) by extensions ['python_setup_py']
[0.250s] Level 1:colcon.colcon_core.package_identification:_identify(src/arduino_bridge) by extension 'python_setup_py'
[0.250s] Level 1:colcon.colcon_core.package_identification:_identify(src/arduino_bridge/MOTOR-INTERFACE-V-13) by extensions ['ignore', 'ignore_ament_install']
[0.250s] Level 1:colcon.colcon_core.package_identification:_identify(src/arduino_bridge/MOTOR-INTERFACE-V-13) by extension 'ignore'
[0.250s] Level 1:colcon.colcon_core.package_identification:_identify(src/arduino_bridge/MOTOR-INTERFACE-V-13) by extension 'ignore_ament_install'
[0.250s] Level 1:colcon.colcon_core.package_identification:_identify(src/arduino_bridge/MOTOR-INTERFACE-V-13) by extensions ['colcon_pkg']
[0.250s] Level 1:colcon.colcon_core.package_identification:_identify(src/arduino_bridge/MOTOR-INTERFACE-V-13) by extension 'colcon_pkg'
[0.250s] Level 1:colcon.colcon_core.package_identification:_identify(src/arduino_bridge/MOTOR-INTERFACE-V-13) by extensions ['colcon_meta']
[0.250s] Level 1:colcon.colcon_core.package_identification:_identify(src/arduino_bridge/MOTOR-INTERFACE-V-13) by extension 'colcon_meta'
[0.250s] Level 1:colcon.colcon_core.package_identification:_identify(src/arduino_bridge/MOTOR-INTERFACE-V-13) by extensions ['ros']
[0.250s] Level 1:colcon.colcon_core.package_identification:_identify(src/arduino_bridge/MOTOR-INTERFACE-V-13) by extension 'ros'
[0.251s] Level 1:colcon.colcon_core.package_identification:_identify(src/arduino_bridge/MOTOR-INTERFACE-V-13) by extensions ['cmake', 'python']
[0.251s] Level 1:colcon.colcon_core.package_identification:_identify(src/arduino_bridge/MOTOR-INTERFACE-V-13) by extension 'cmake'
[0.251s] Level 1:colcon.colcon_core.package_identification:_identify(src/arduino_bridge/MOTOR-INTERFACE-V-13) by extension 'python'
[0.251s] Level 1:colcon.colcon_core.package_identification:_identify(src/arduino_bridge/MOTOR-INTERFACE-V-13) by extensions ['python_setup_py']
[0.251s] Level 1:colcon.colcon_core.package_identification:_identify(src/arduino_bridge/MOTOR-INTERFACE-V-13) by extension 'python_setup_py'
[0.251s] Level 1:colcon.colcon_core.package_identification:_identify(src/arduino_bridge/TEST_HALL_PULSOS) by extensions ['ignore', 'ignore_ament_install']
[0.251s] Level 1:colcon.colcon_core.package_identification:_identify(src/arduino_bridge/TEST_HALL_PULSOS) by extension 'ignore'
[0.251s] Level 1:colcon.colcon_core.package_identification:_identify(src/arduino_bridge/TEST_HALL_PULSOS) by extension 'ignore_ament_install'
[0.251s] Level 1:colcon.colcon_core.package_identification:_identify(src/arduino_bridge/TEST_HALL_PULSOS) by extensions ['colcon_pkg']
[0.251s] Level 1:colcon.colcon_core.package_identification:_identify(src/arduino_bridge/TEST_HALL_PULSOS) by extension 'colcon_pkg'
[0.251s] Level 1:colcon.colcon_core.package_identification:_identify(src/arduino_bridge/TEST_HALL_PULSOS) by extensions ['colcon_meta']
[0.251s] Level 1:colcon.colcon_core.package_identification:_identify(src/arduino_bridge/TEST_HALL_PULSOS) by extension 'colcon_meta'
[0.251s] Level 1:colcon.colcon_core.package_identification:_identify(src/arduino_bridge/TEST_HALL_PULSOS) by extensions ['ros']
[0.251s] Level 1:colcon.colcon_core.package_identification:_identify(src/arduino_bridge/TEST_HALL_PULSOS) by extension 'ros'
[0.251s] Level 1:colcon.colcon_core.package_identification:_identify(src/arduino_bridge/TEST_HALL_PULSOS) by extensions ['cmake', 'python']
[0.251s] Level 1:colcon.colcon_core.package_identification:_identify(src/arduino_bridge/TEST_HALL_PULSOS) by extension 'cmake'
[0.251s] Level 1:colcon.colcon_core.package_identification:_identify(src/arduino_bridge/TEST_HALL_PULSOS) by extension 'python'
[0.251s] Level 1:colcon.colcon_core.package_identification:_identify(src/arduino_bridge/TEST_HALL_PULSOS) by extensions ['python_setup_py']
[0.251s] Level 1:colcon.colcon_core.package_identification:_identify(src/arduino_bridge/TEST_HALL_PULSOS) by extension 'python_setup_py'
[0.252s] Level 1:colcon.colcon_core.package_identification:_identify(src/arduino_bridge/TEST_MINIMAL_MOTORES) by extensions ['ignore', 'ignore_ament_install']
[0.252s] Level 1:colcon.colcon_core.package_identification:_identify(src/arduino_bridge/TEST_MINIMAL_MOTORES) by extension 'ignore'
[0.252s] Level 1:colcon.colcon_core.package_identification:_identify(src/arduino_bridge/TEST_MINIMAL_MOTORES) by extension 'ignore_ament_install'
[0.252s] Level 1:colcon.colcon_core.package_identification:_identify(src/arduino_bridge/TEST_MINIMAL_MOTORES) by extensions ['colcon_pkg']
[0.252s] Level 1:colcon.colcon_core.package_identification:_identify(src/arduino_bridge/TEST_MINIMAL_MOTORES) by extension 'colcon_pkg'
[0.252s] Level 1:colcon.colcon_core.package_identification:_identify(src/arduino_bridge/TEST_MINIMAL_MOTORES) by extensions ['colcon_meta']
[0.252s] Level 1:colcon.colcon_core.package_identification:_identify(src/arduino_bridge/TEST_MINIMAL_MOTORES) by extension 'colcon_meta'
[0.252s] Level 1:colcon.colcon_core.package_identification:_identify(src/arduino_bridge/TEST_MINIMAL_MOTORES) by extensions ['ros']
[0.252s] Level 1:colcon.colcon_core.package_identification:_identify(src/arduino_bridge/TEST_MINIMAL_MOTORES) by extension 'ros'
[0.252s] Level 1:colcon.colcon_core.package_identification:_identify(src/arduino_bridge/TEST_MINIMAL_MOTORES) by extensions ['cmake', 'python']
[0.252s] Level 1:colcon.colcon_core.package_identification:_identify(src/arduino_bridge/TEST_MINIMAL_MOTORES) by extension 'cmake'
[0.252s] Level 1:colcon.colcon_core.package_identification:_identify(src/arduino_bridge/TEST_MINIMAL_MOTORES) by extension 'python'
[0.252s] Level 1:colcon.colcon_core.package_identification:_identify(src/arduino_bridge/TEST_MINIMAL_MOTORES) by extensions ['python_setup_py']
[0.252s] Level 1:colcon.colcon_core.package_identification:_identify(src/arduino_bridge/TEST_MINIMAL_MOTORES) by extension 'python_setup_py'
[0.252s] Level 1:colcon.colcon_core.package_identification:_identify(src/arduino_bridge/TEST_MOTORES_DIAGNOSTICO) by extensions ['ignore', 'ignore_ament_install']
[0.252s] Level 1:colcon.colcon_core.package_identification:_identify(src/arduino_bridge/TEST_MOTORES_DIAGNOSTICO) by extension 'ignore'
[0.253s] Level 1:colcon.colcon_core.package_identification:_identify(src/arduino_bridge/TEST_MOTORES_DIAGNOSTICO) by extension 'ignore_ament_install'
[0.253s] Level 1:colcon.colcon_core.package_identification:_identify(src/arduino_bridge/TEST_MOTORES_DIAGNOSTICO) by extensions ['colcon_pkg']
[0.253s] Level 1:colcon.colcon_core.package_identification:_identify(src/arduino_bridge/TEST_MOTORES_DIAGNOSTICO) by extension 'colcon_pkg'
[0.253s] Level 1:colcon.colcon_core.package_identification:_identify(src/arduino_bridge/TEST_MOTORES_DIAGNOSTICO) by extensions ['colcon_meta']
[0.253s] Level 1:colcon.colcon_core.package_identification:_identify(src/arduino_bridge/TEST_MOTORES_DIAGNOSTICO) by extension 'colcon_meta'
[0.253s] Level 1:colcon.colcon_core.package_identification:_identify(src/arduino_bridge/TEST_MOTORES_DIAGNOSTICO) by extensions ['ros']
[0.253s] Level 1:colcon.colcon_core.package_identification:_identify(src/arduino_bridge/TEST_MOTORES_DIAGNOSTICO) by extension 'ros'
[0.253s] Level 1:colcon.colcon_core.package_identification:_identify(src/arduino_bridge/TEST_MOTORES_DIAGNOSTICO) by extensions ['cmake', 'python']
[0.253s] Level 1:colcon.colcon_core.package_identification:_identify(src/arduino_bridge/TEST_MOTORES_DIAGNOSTICO) by extension 'cmake'
[0.253s] Level 1:colcon.colcon_core.package_identification:_identify(src/arduino_bridge/TEST_MOTORES_DIAGNOSTICO) by extension 'python'
[0.253s] Level 1:colcon.colcon_core.package_identification:_identify(src/arduino_bridge/TEST_MOTORES_DIAGNOSTICO) by extensions ['python_setup_py']
[0.253s] Level 1:colcon.colcon_core.package_identification:_identify(src/arduino_bridge/TEST_MOTORES_DIAGNOSTICO) by extension 'python_setup_py'
[0.253s] Level 1:colcon.colcon_core.package_identification:_identify(src/arduino_bridge/TEST_STICTION) by extensions ['ignore', 'ignore_ament_install']
[0.253s] Level 1:colcon.colcon_core.package_identification:_identify(src/arduino_bridge/TEST_STICTION) by extension 'ignore'
[0.253s] Level 1:colcon.colcon_core.package_identification:_identify(src/arduino_bridge/TEST_STICTION) by extension 'ignore_ament_install'
[0.253s] Level 1:colcon.colcon_core.package_identification:_identify(src/arduino_bridge/TEST_STICTION) by extensions ['colcon_pkg']
[0.253s] Level 1:colcon.colcon_core.package_identification:_identify(src/arduino_bridge/TEST_STICTION) by extension 'colcon_pkg'
[0.253s] Level 1:colcon.colcon_core.package_identification:_identify(src/arduino_bridge/TEST_STICTION) by extensions ['colcon_meta']
[0.253s] Level 1:colcon.colcon_core.package_identification:_identify(src/arduino_bridge/TEST_STICTION) by extension 'colcon_meta'
[0.253s] Level 1:colcon.colcon_core.package_identification:_identify(src/arduino_bridge/TEST_STICTION) by extensions ['ros']
[0.253s] Level 1:colcon.colcon_core.package_identification:_identify(src/arduino_bridge/TEST_STICTION) by extension 'ros'
[0.254s] Level 1:colcon.colcon_core.package_identification:_identify(src/arduino_bridge/TEST_STICTION) by extensions ['cmake', 'python']
[0.254s] Level 1:colcon.colcon_core.package_identification:_identify(src/arduino_bridge/TEST_STICTION) by extension 'cmake'
[0.254s] Level 1:colcon.colcon_core.package_identification:_identify(src/arduino_bridge/TEST_STICTION) by extension 'python'
[0.254s] Level 1:colcon.colcon_core.package_identification:_identify(src/arduino_bridge/TEST_STICTION) by extensions ['python_setup_py']
[0.254s] Level 1:colcon.colcon_core.package_identification:_identify(src/arduino_bridge/TEST_STICTION) by extension 'python_setup_py'
[0.254s] Level 1:colcon.colcon_core.package_identification:_identify(src/arduino_bridge_ros2) by extensions ['ignore', 'ignore_ament_install']
[0.254s] Level 1:colcon.colcon_core.package_identification:_identify(src/arduino_bridge_ros2) by extension 'ignore'
[0.254s] Level 1:colcon.colcon_core.package_identification:_identify(src/arduino_bridge_ros2) by extension 'ignore_ament_install'
[0.254s] Level 1:colcon.colcon_core.package_identification:_identify(src/arduino_bridge_ros2) by extensions ['colcon_pkg']
[0.254s] Level 1:colcon.colcon_core.package_identification:_identify(src/arduino_bridge_ros2) by extension 'colcon_pkg'
[0.254s] Level 1:colcon.colcon_core.package_identification:_identify(src/arduino_bridge_ros2) by extensions ['colcon_meta']
[0.254s] Level 1:colcon.colcon_core.package_identification:_identify(src/arduino_bridge_ros2) by extension 'colcon_meta'
[0.254s] Level 1:colcon.colcon_core.package_identification:_identify(src/arduino_bridge_ros2) by extensions ['ros']
[0.254s] Level 1:colcon.colcon_core.package_identification:_identify(src/arduino_bridge_ros2) by extension 'ros'
[0.258s] DEBUG:colcon.colcon_core.package_identification:Failed to parse potential ROS package manifest in'src/arduino_bridge_ros2': Error(s) in package 'src/arduino_bridge_ros2/package.xml':
Invalid email "josemsotov@robot" for person "josemsotov"
[0.258s] Level 1:colcon.colcon_core.package_identification:_identify(src/arduino_bridge_ros2) by extensions ['cmake', 'python']
[0.258s] Level 1:colcon.colcon_core.package_identification:_identify(src/arduino_bridge_ros2) by extension 'cmake'
[0.259s] Level 1:colcon.colcon_core.package_identification:_identify(src/arduino_bridge_ros2) by extension 'python'
[0.259s] DEBUG:colcon.colcon_core.package_identification:Python package in 'src/arduino_bridge_ros2' passes arguments to the setup() function which requires a different identification extension than 'python'
[0.259s] Level 1:colcon.colcon_core.package_identification:_identify(src/arduino_bridge_ros2) by extensions ['python_setup_py']
[0.259s] Level 1:colcon.colcon_core.package_identification:_identify(src/arduino_bridge_ros2) by extension 'python_setup_py'
[0.581s] DEBUG:colcon.colcon_core.package_identification:Package 'src/arduino_bridge_ros2' with type 'python' and name 'arduino_bridge_ros2'
[0.581s] Level 1:colcon.colcon_core.package_identification:_identify(src/ldlidar_stl_ros2) by extensions ['ignore', 'ignore_ament_install']
[0.581s] Level 1:colcon.colcon_core.package_identification:_identify(src/ldlidar_stl_ros2) by extension 'ignore'
[0.581s] Level 1:colcon.colcon_core.package_identification:_identify(src/ldlidar_stl_ros2) by extension 'ignore_ament_install'
[0.581s] Level 1:colcon.colcon_core.package_identification:_identify(src/ldlidar_stl_ros2) by extensions ['colcon_pkg']
[0.581s] Level 1:colcon.colcon_core.package_identification:_identify(src/ldlidar_stl_ros2) by extension 'colcon_pkg'
[0.581s] Level 1:colcon.colcon_core.package_identification:_identify(src/ldlidar_stl_ros2) by extensions ['colcon_meta']
[0.581s] Level 1:colcon.colcon_core.package_identification:_identify(src/ldlidar_stl_ros2) by extension 'colcon_meta'
[0.581s] Level 1:colcon.colcon_core.package_identification:_identify(src/ldlidar_stl_ros2) by extensions ['ros']
[0.581s] Level 1:colcon.colcon_core.package_identification:_identify(src/ldlidar_stl_ros2) by extension 'ros'
[0.582s] DEBUG:colcon.colcon_core.package_identification:Package 'src/ldlidar_stl_ros2' with type 'ros.ament_cmake' and name 'ldlidar_stl_ros2'
[0.582s] Level 1:colcon.colcon_core.package_identification:_identify(src/my_package) by extensions ['ignore', 'ignore_ament_install']
[0.583s] Level 1:colcon.colcon_core.package_identification:_identify(src/my_package) by extension 'ignore'
[0.583s] Level 1:colcon.colcon_core.package_identification:_identify(src/my_package) by extension 'ignore_ament_install'
[0.583s] Level 1:colcon.colcon_core.package_identification:_identify(src/my_package) by extensions ['colcon_pkg']
[0.583s] Level 1:colcon.colcon_core.package_identification:_identify(src/my_package) by extension 'colcon_pkg'
[0.583s] Level 1:colcon.colcon_core.package_identification:_identify(src/my_package) by extensions ['colcon_meta']
[0.583s] Level 1:colcon.colcon_core.package_identification:_identify(src/my_package) by extension 'colcon_meta'
[0.583s] Level 1:colcon.colcon_core.package_identification:_identify(src/my_package) by extensions ['ros']
[0.583s] Level 1:colcon.colcon_core.package_identification:_identify(src/my_package) by extension 'ros'
[0.583s] DEBUG:colcon.colcon_core.package_identification:Package 'src/my_package' with type 'ros.ament_cmake' and name 'my_package'
[0.583s] Level 1:colcon.colcon_core.package_discovery:discover_packages(recursive) using defaults
[0.584s] Level 1:colcon.colcon_core.package_discovery:discover_packages(ignore) discover
[0.584s] Level 1:colcon.colcon_core.package_discovery:discover_packages(ignore) using defaults
[0.584s] Level 1:colcon.colcon_core.package_discovery:discover_packages(path) discover
[0.584s] Level 1:colcon.colcon_core.package_discovery:discover_packages(path) using defaults
[0.609s] Level 1:colcon.colcon_core.package_discovery:discover_packages(prefix_path) check parameters
[0.609s] Level 1:colcon.colcon_core.package_discovery:discover_packages(prefix_path) discover
[0.610s] WARNING:colcon.colcon_ros.prefix_path.ament:The path '/home/josemsotov/robot_ws/install/my_package' in the environment variable AMENT_PREFIX_PATH doesn't exist
[0.610s] WARNING:colcon.colcon_ros.prefix_path.ament:The path '/home/josemsotov/robot_ws/install/ldlidar_stl_ros2' in the environment variable AMENT_PREFIX_PATH doesn't exist
[0.610s] WARNING:colcon.colcon_ros.prefix_path.catkin:The path '/home/josemsotov/robot_ws/install/my_package' in the environment variable CMAKE_PREFIX_PATH doesn't exist
[0.610s] WARNING:colcon.colcon_ros.prefix_path.catkin:The path '/home/josemsotov/robot_ws/install/ldlidar_stl_ros2' in the environment variable CMAKE_PREFIX_PATH doesn't exist
[0.611s] DEBUG:colcon.colcon_installed_package_information.package_discovery:Found 0 installed packages in /home/josemsotov/robot_ws/install
[0.614s] DEBUG:colcon.colcon_installed_package_information.package_discovery:Found 377 installed packages in /opt/ros/jazzy
[0.616s] Level 1:colcon.colcon_core.package_discovery:discover_packages(prefix_path) using defaults
[0.689s] Level 5:colcon.colcon_core.verb:set package 'arduino_bridge_ros2' build argument 'cmake_args' from command line to 'None'
[0.689s] Level 5:colcon.colcon_core.verb:set package 'arduino_bridge_ros2' build argument 'cmake_target' from command line to 'None'
[0.689s] Level 5:colcon.colcon_core.verb:set package 'arduino_bridge_ros2' build argument 'cmake_target_skip_unavailable' from command line to 'False'
[0.689s] Level 5:colcon.colcon_core.verb:set package 'arduino_bridge_ros2' build argument 'cmake_clean_cache' from command line to 'False'
[0.689s] Level 5:colcon.colcon_core.verb:set package 'arduino_bridge_ros2' build argument 'cmake_clean_first' from command line to 'False'
[0.689s] Level 5:colcon.colcon_core.verb:set package 'arduino_bridge_ros2' build argument 'cmake_force_configure' from command line to 'False'
[0.689s] Level 5:colcon.colcon_core.verb:set package 'arduino_bridge_ros2' build argument 'ament_cmake_args' from command line to 'None'
[0.689s] Level 5:colcon.colcon_core.verb:set package 'arduino_bridge_ros2' build argument 'catkin_cmake_args' from command line to 'None'
[0.689s] Level 5:colcon.colcon_core.verb:set package 'arduino_bridge_ros2' build argument 'catkin_skip_building_tests' from command line to 'False'
[0.689s] DEBUG:colcon.colcon_core.verb:Building package 'arduino_bridge_ros2' with the following arguments: {'ament_cmake_args': None, 'build_base': '/home/josemsotov/robot_ws/build/arduino_bridge_ros2', 'catkin_cmake_args': None, 'catkin_skip_building_tests': False, 'cmake_args': None, 'cmake_clean_cache': False, 'cmake_clean_first': False, 'cmake_force_configure': False, 'cmake_target': None, 'cmake_target_skip_unavailable': False, 'install_base': '/home/josemsotov/robot_ws/install', 'merge_install': True, 'path': '/home/josemsotov/robot_ws/src/arduino_bridge_ros2', 'symlink_install': False, 'test_result_base': None}
[0.689s] Level 5:colcon.colcon_core.verb:set package 'ldlidar_stl_ros2' build argument 'cmake_args' from command line to 'None'
[0.690s] Level 5:colcon.colcon_core.verb:set package 'ldlidar_stl_ros2' build argument 'cmake_target' from command line to 'None'
[0.690s] Level 5:colcon.colcon_core.verb:set package 'ldlidar_stl_ros2' build argument 'cmake_target_skip_unavailable' from command line to 'False'
[0.690s] Level 5:colcon.colcon_core.verb:set package 'ldlidar_stl_ros2' build argument 'cmake_clean_cache' from command line to 'False'
[0.690s] Level 5:colcon.colcon_core.verb:set package 'ldlidar_stl_ros2' build argument 'cmake_clean_first' from command line to 'False'
[0.690s] Level 5:colcon.colcon_core.verb:set package 'ldlidar_stl_ros2' build argument 'cmake_force_configure' from command line to 'False'
[0.690s] Level 5:colcon.colcon_core.verb:set package 'ldlidar_stl_ros2' build argument 'ament_cmake_args' from command line to 'None'
[0.690s] Level 5:colcon.colcon_core.verb:set package 'ldlidar_stl_ros2' build argument 'catkin_cmake_args' from command line to 'None'
[0.690s] Level 5:colcon.colcon_core.verb:set package 'ldlidar_stl_ros2' build argument 'catkin_skip_building_tests' from command line to 'False'
[0.690s] DEBUG:colcon.colcon_core.verb:Building package 'ldlidar_stl_ros2' with the following arguments: {'ament_cmake_args': None, 'build_base': '/home/josemsotov/robot_ws/build/ldlidar_stl_ros2', 'catkin_cmake_args': None, 'catkin_skip_building_tests': False, 'cmake_args': None, 'cmake_clean_cache': False, 'cmake_clean_first': False, 'cmake_force_configure': False, 'cmake_target': None, 'cmake_target_skip_unavailable': False, 'install_base': '/home/josemsotov/robot_ws/install', 'merge_install': True, 'path': '/home/josemsotov/robot_ws/src/ldlidar_stl_ros2', 'symlink_install': False, 'test_result_base': None}
[0.690s] Level 5:colcon.colcon_core.verb:set package 'my_package' build argument 'cmake_args' from command line to 'None'
[0.690s] Level 5:colcon.colcon_core.verb:set package 'my_package' build argument 'cmake_target' from command line to 'None'
[0.690s] Level 5:colcon.colcon_core.verb:set package 'my_package' build argument 'cmake_target_skip_unavailable' from command line to 'False'
[0.690s] Level 5:colcon.colcon_core.verb:set package 'my_package' build argument 'cmake_clean_cache' from command line to 'False'
[0.690s] Level 5:colcon.colcon_core.verb:set package 'my_package' build argument 'cmake_clean_first' from command line to 'False'
[0.690s] Level 5:colcon.colcon_core.verb:set package 'my_package' build argument 'cmake_force_configure' from command line to 'False'
[0.690s] Level 5:colcon.colcon_core.verb:set package 'my_package' build argument 'ament_cmake_args' from command line to 'None'
[0.690s] Level 5:colcon.colcon_core.verb:set package 'my_package' build argument 'catkin_cmake_args' from command line to 'None'
[0.690s] Level 5:colcon.colcon_core.verb:set package 'my_package' build argument 'catkin_skip_building_tests' from command line to 'False'
[0.690s] DEBUG:colcon.colcon_core.verb:Building package 'my_package' with the following arguments: {'ament_cmake_args': None, 'build_base': '/home/josemsotov/robot_ws/build/my_package', 'catkin_cmake_args': None, 'catkin_skip_building_tests': False, 'cmake_args': None, 'cmake_clean_cache': False, 'cmake_clean_first': False, 'cmake_force_configure': False, 'cmake_target': None, 'cmake_target_skip_unavailable': False, 'install_base': '/home/josemsotov/robot_ws/install', 'merge_install': True, 'path': '/home/josemsotov/robot_ws/src/my_package', 'symlink_install': False, 'test_result_base': None}
[0.690s] INFO:colcon.colcon_core.executor:Executing jobs using 'parallel' executor
[0.692s] DEBUG:colcon.colcon_parallel_executor.executor.parallel:run_until_complete
[0.692s] INFO:colcon.colcon_core.task.python.build:Building Python package in '/home/josemsotov/robot_ws/src/arduino_bridge_ros2'
[0.694s] INFO:colcon.colcon_core.plugin_system:Skipping extension 'colcon_core.shell.bat': Not used on non-Windows systems
[0.695s] INFO:colcon.colcon_core.shell:Skip shell extension 'powershell' for command environment: Not usable outside of PowerShell
[0.695s] DEBUG:colcon.colcon_core.shell:Skip shell extension 'dsv' for command environment
[0.700s] INFO:colcon.colcon_ros.task.ament_cmake.build:Building ROS package in '/home/josemsotov/robot_ws/src/ldlidar_stl_ros2' with build type 'ament_cmake'
[0.700s] INFO:colcon.colcon_cmake.task.cmake.build:Building CMake package in '/home/josemsotov/robot_ws/src/ldlidar_stl_ros2'
[0.700s] INFO:colcon.colcon_core.shell:Skip shell extension 'powershell' for command environment: Not usable outside of PowerShell
[0.700s] DEBUG:colcon.colcon_core.shell:Skip shell extension 'dsv' for command environment
[0.705s] INFO:colcon.colcon_ros.task.ament_cmake.build:Building ROS package in '/home/josemsotov/robot_ws/src/my_package' with build type 'ament_cmake'
[0.705s] INFO:colcon.colcon_cmake.task.cmake.build:Building CMake package in '/home/josemsotov/robot_ws/src/my_package'
[0.705s] INFO:colcon.colcon_core.shell:Skip shell extension 'powershell' for command environment: Not usable outside of PowerShell
[0.705s] DEBUG:colcon.colcon_core.shell:Skip shell extension 'dsv' for command environment
[1.040s] DEBUG:colcon.colcon_core.event_handler.log_command:Invoking command in '/home/josemsotov/robot_ws/build/ldlidar_stl_ros2': CMAKE_PREFIX_PATH=${CMAKE_PREFIX_PATH}:/opt/ros/jazzy DEBUGINFOD_URLS=https://debuginfod.ubuntu.com /usr/bin/cmake /home/josemsotov/robot_ws/src/ldlidar_stl_ros2 -DCMAKE_INSTALL_PREFIX=/home/josemsotov/robot_ws/install
[1.045s] DEBUG:colcon.colcon_core.event_handler.log_command:Invoking command in '/home/josemsotov/robot_ws/build/my_package': CMAKE_PREFIX_PATH=${CMAKE_PREFIX_PATH}:/opt/ros/jazzy DEBUGINFOD_URLS=https://debuginfod.ubuntu.com /usr/bin/cmake /home/josemsotov/robot_ws/src/my_package -DCMAKE_INSTALL_PREFIX=/home/josemsotov/robot_ws/install
[2.215s] DEBUG:colcon.colcon_core.event_handler.log_command:Invoking command in '/home/josemsotov/robot_ws/src/arduino_bridge_ros2': DEBUGINFOD_URLS=https://debuginfod.ubuntu.com PYTHONPATH=/home/josemsotov/robot_ws/build/arduino_bridge_ros2/prefix_override:/usr/lib/python3/dist-packages/colcon_core/task/python/colcon_distutils_commands:/home/josemsotov/robot_ws/install/lib/python3.12/site-packages:${PYTHONPATH} /usr/bin/python3 -W ignore:setup.py install is deprecated -W ignore:easy_install command is deprecated setup.py egg_info --egg-base ../../build/arduino_bridge_ros2 build --build-base /home/josemsotov/robot_ws/build/arduino_bridge_ros2/build install --record /home/josemsotov/robot_ws/build/arduino_bridge_ros2/install.log --single-version-externally-managed install_data
[2.878s] DEBUG:colcon.colcon_core.event_handler.log_command:Invoked command in '/home/josemsotov/robot_ws/build/my_package' returned '0': CMAKE_PREFIX_PATH=${CMAKE_PREFIX_PATH}:/opt/ros/jazzy DEBUGINFOD_URLS=https://debuginfod.ubuntu.com /usr/bin/cmake /home/josemsotov/robot_ws/src/my_package -DCMAKE_INSTALL_PREFIX=/home/josemsotov/robot_ws/install
[2.879s] DEBUG:colcon.colcon_core.event_handler.log_command:Invoking command in '/home/josemsotov/robot_ws/build/my_package': CMAKE_PREFIX_PATH=${CMAKE_PREFIX_PATH}:/opt/ros/jazzy DEBUGINFOD_URLS=https://debuginfod.ubuntu.com /usr/bin/cmake --build /home/josemsotov/robot_ws/build/my_package -- -j4 -l4
[2.963s] DEBUG:colcon.colcon_core.event_handler.log_command:Invoked command in '/home/josemsotov/robot_ws/build/my_package' returned '0': CMAKE_PREFIX_PATH=${CMAKE_PREFIX_PATH}:/opt/ros/jazzy DEBUGINFOD_URLS=https://debuginfod.ubuntu.com /usr/bin/cmake --build /home/josemsotov/robot_ws/build/my_package -- -j4 -l4
[2.984s] DEBUG:colcon.colcon_core.event_handler.log_command:Invoking command in '/home/josemsotov/robot_ws/build/my_package': CMAKE_PREFIX_PATH=${CMAKE_PREFIX_PATH}:/opt/ros/jazzy DEBUGINFOD_URLS=https://debuginfod.ubuntu.com /usr/bin/cmake --install /home/josemsotov/robot_ws/build/my_package
[3.009s] Level 1:colcon.colcon_core.environment:create_environment_scripts_only(my_package)
[3.012s] DEBUG:colcon.colcon_core.event_handler.log_command:Invoked command in '/home/josemsotov/robot_ws/build/my_package' returned '0': CMAKE_PREFIX_PATH=${CMAKE_PREFIX_PATH}:/opt/ros/jazzy DEBUGINFOD_URLS=https://debuginfod.ubuntu.com /usr/bin/cmake --install /home/josemsotov/robot_ws/build/my_package
[3.014s] Level 1:colcon.colcon_core.environment:checking '/home/josemsotov/robot_ws/install' for CMake module files
[3.014s] Level 1:colcon.colcon_core.environment:checking '/home/josemsotov/robot_ws/install' for CMake config files
[3.015s] Level 1:colcon.colcon_core.shell:create_environment_hook('my_package', 'cmake_prefix_path')
[3.015s] INFO:colcon.colcon_core.shell:Creating environment hook '/home/josemsotov/robot_ws/install/share/my_package/hook/cmake_prefix_path.ps1'
[3.016s] INFO:colcon.colcon_core.shell:Creating environment descriptor '/home/josemsotov/robot_ws/install/share/my_package/hook/cmake_prefix_path.dsv'
[3.016s] INFO:colcon.colcon_core.shell:Creating environment hook '/home/josemsotov/robot_ws/install/share/my_package/hook/cmake_prefix_path.sh'
[3.017s] Level 1:colcon.colcon_core.environment:checking '/home/josemsotov/robot_ws/install/lib'
[3.018s] Level 1:colcon.colcon_core.environment:checking '/home/josemsotov/robot_ws/install/bin'
[3.018s] Level 1:colcon.colcon_core.environment:checking '/home/josemsotov/robot_ws/install/lib/pkgconfig/my_package.pc'
[3.018s] Level 1:colcon.colcon_core.environment:checking '/home/josemsotov/robot_ws/install/lib/python3.12/site-packages'
[3.018s] Level 1:colcon.colcon_core.shell:create_environment_hook('my_package', 'pythonpath')
[3.018s] INFO:colcon.colcon_core.shell:Creating environment hook '/home/josemsotov/robot_ws/install/share/my_package/hook/pythonpath.ps1'
[3.019s] INFO:colcon.colcon_core.shell:Creating environment descriptor '/home/josemsotov/robot_ws/install/share/my_package/hook/pythonpath.dsv'
[3.019s] INFO:colcon.colcon_core.shell:Creating environment hook '/home/josemsotov/robot_ws/install/share/my_package/hook/pythonpath.sh'
[3.020s] Level 1:colcon.colcon_core.environment:checking '/home/josemsotov/robot_ws/install/bin'
[3.021s] INFO:colcon.colcon_core.shell:Creating package script '/home/josemsotov/robot_ws/install/share/my_package/package.ps1'
[3.022s] INFO:colcon.colcon_core.shell:Creating package descriptor '/home/josemsotov/robot_ws/install/share/my_package/package.dsv'
[3.022s] INFO:colcon.colcon_core.shell:Creating package script '/home/josemsotov/robot_ws/install/share/my_package/package.sh'
[3.023s] INFO:colcon.colcon_core.shell:Creating package script '/home/josemsotov/robot_ws/install/share/my_package/package.bash'
[3.024s] INFO:colcon.colcon_core.shell:Creating package script '/home/josemsotov/robot_ws/install/share/my_package/package.zsh'
[3.025s] Level 1:colcon.colcon_core.environment:create_file_with_runtime_dependencies(/home/josemsotov/robot_ws/install/share/colcon-core/packages/my_package)
[3.026s] Level 1:colcon.colcon_core.environment:create_environment_scripts_only(my_package)
[3.026s] Level 1:colcon.colcon_core.environment:checking '/home/josemsotov/robot_ws/install' for CMake module files
[3.027s] Level 1:colcon.colcon_core.environment:checking '/home/josemsotov/robot_ws/install' for CMake config files
[3.027s] Level 1:colcon.colcon_core.shell:create_environment_hook('my_package', 'cmake_prefix_path')
[3.027s] INFO:colcon.colcon_core.shell:Creating environment hook '/home/josemsotov/robot_ws/install/share/my_package/hook/cmake_prefix_path.ps1'
[3.028s] INFO:colcon.colcon_core.shell:Creating environment descriptor '/home/josemsotov/robot_ws/install/share/my_package/hook/cmake_prefix_path.dsv'
[3.029s] INFO:colcon.colcon_core.shell:Creating environment hook '/home/josemsotov/robot_ws/install/share/my_package/hook/cmake_prefix_path.sh'
[3.030s] Level 1:colcon.colcon_core.environment:checking '/home/josemsotov/robot_ws/install/lib'
[3.030s] Level 1:colcon.colcon_core.environment:checking '/home/josemsotov/robot_ws/install/bin'
[3.030s] Level 1:colcon.colcon_core.environment:checking '/home/josemsotov/robot_ws/install/lib/pkgconfig/my_package.pc'
[3.030s] Level 1:colcon.colcon_core.environment:checking '/home/josemsotov/robot_ws/install/lib/python3.12/site-packages'
[3.031s] Level 1:colcon.colcon_core.shell:create_environment_hook('my_package', 'pythonpath')
[3.031s] INFO:colcon.colcon_core.shell:Creating environment hook '/home/josemsotov/robot_ws/install/share/my_package/hook/pythonpath.ps1'
[3.032s] INFO:colcon.colcon_core.shell:Creating environment descriptor '/home/josemsotov/robot_ws/install/share/my_package/hook/pythonpath.dsv'
[3.032s] INFO:colcon.colcon_core.shell:Creating environment hook '/home/josemsotov/robot_ws/install/share/my_package/hook/pythonpath.sh'
[3.033s] Level 1:colcon.colcon_core.environment:checking '/home/josemsotov/robot_ws/install/bin'
[3.034s] INFO:colcon.colcon_core.shell:Creating package script '/home/josemsotov/robot_ws/install/share/my_package/package.ps1'
[3.035s] INFO:colcon.colcon_core.shell:Creating package descriptor '/home/josemsotov/robot_ws/install/share/my_package/package.dsv'
[3.035s] INFO:colcon.colcon_core.shell:Creating package script '/home/josemsotov/robot_ws/install/share/my_package/package.sh'
[3.036s] INFO:colcon.colcon_core.shell:Creating package script '/home/josemsotov/robot_ws/install/share/my_package/package.bash'
[3.037s] INFO:colcon.colcon_core.shell:Creating package script '/home/josemsotov/robot_ws/install/share/my_package/package.zsh'
[3.037s] Level 1:colcon.colcon_core.environment:create_file_with_runtime_dependencies(/home/josemsotov/robot_ws/install/share/colcon-core/packages/my_package)
[3.191s] Level 1:colcon.colcon_core.environment:checking '/home/josemsotov/robot_ws/install' for CMake module files
[3.192s] DEBUG:colcon.colcon_core.event_handler.log_command:Invoked command in '/home/josemsotov/robot_ws/src/arduino_bridge_ros2' returned '0': DEBUGINFOD_URLS=https://debuginfod.ubuntu.com PYTHONPATH=/home/josemsotov/robot_ws/build/arduino_bridge_ros2/prefix_override:/usr/lib/python3/dist-packages/colcon_core/task/python/colcon_distutils_commands:/home/josemsotov/robot_ws/install/lib/python3.12/site-packages:${PYTHONPATH} /usr/bin/python3 -W ignore:setup.py install is deprecated -W ignore:easy_install command is deprecated setup.py egg_info --egg-base ../../build/arduino_bridge_ros2 build --build-base /home/josemsotov/robot_ws/build/arduino_bridge_ros2/build install --record /home/josemsotov/robot_ws/build/arduino_bridge_ros2/install.log --single-version-externally-managed install_data
[3.192s] Level 1:colcon.colcon_core.environment:checking '/home/josemsotov/robot_ws/install' for CMake config files
[3.192s] Level 1:colcon.colcon_core.shell:create_environment_hook('arduino_bridge_ros2', 'cmake_prefix_path')
[3.193s] INFO:colcon.colcon_core.shell:Creating environment hook '/home/josemsotov/robot_ws/install/share/arduino_bridge_ros2/hook/cmake_prefix_path.ps1'
[3.194s] INFO:colcon.colcon_core.shell:Creating environment descriptor '/home/josemsotov/robot_ws/install/share/arduino_bridge_ros2/hook/cmake_prefix_path.dsv'
[3.194s] INFO:colcon.colcon_core.shell:Creating environment hook '/home/josemsotov/robot_ws/install/share/arduino_bridge_ros2/hook/cmake_prefix_path.sh'
[3.195s] Level 1:colcon.colcon_core.environment:checking '/home/josemsotov/robot_ws/install/lib'
[3.195s] Level 1:colcon.colcon_core.environment:checking '/home/josemsotov/robot_ws/install/bin'
[3.195s] Level 1:colcon.colcon_core.environment:checking '/home/josemsotov/robot_ws/install/lib/pkgconfig/arduino_bridge_ros2.pc'
[3.196s] Level 1:colcon.colcon_core.environment:checking '/home/josemsotov/robot_ws/install/lib/python3.12/site-packages'
[3.196s] Level 1:colcon.colcon_core.shell:create_environment_hook('arduino_bridge_ros2', 'pythonpath')
[3.196s] INFO:colcon.colcon_core.shell:Creating environment hook '/home/josemsotov/robot_ws/install/share/arduino_bridge_ros2/hook/pythonpath.ps1'
[3.197s] INFO:colcon.colcon_core.shell:Creating environment descriptor '/home/josemsotov/robot_ws/install/share/arduino_bridge_ros2/hook/pythonpath.dsv'
[3.197s] INFO:colcon.colcon_core.shell:Creating environment hook '/home/josemsotov/robot_ws/install/share/arduino_bridge_ros2/hook/pythonpath.sh'
[3.198s] Level 1:colcon.colcon_core.environment:checking '/home/josemsotov/robot_ws/install/bin'
[3.198s] Level 1:colcon.colcon_core.environment:create_environment_scripts_only(arduino_bridge_ros2)
[3.199s] INFO:colcon.colcon_core.shell:Creating package script '/home/josemsotov/robot_ws/install/share/arduino_bridge_ros2/package.ps1'
[3.199s] INFO:colcon.colcon_core.shell:Creating package descriptor '/home/josemsotov/robot_ws/install/share/arduino_bridge_ros2/package.dsv'
[3.200s] INFO:colcon.colcon_core.shell:Creating package script '/home/josemsotov/robot_ws/install/share/arduino_bridge_ros2/package.sh'
[3.201s] INFO:colcon.colcon_core.shell:Creating package script '/home/josemsotov/robot_ws/install/share/arduino_bridge_ros2/package.bash'
[3.201s] INFO:colcon.colcon_core.shell:Creating package script '/home/josemsotov/robot_ws/install/share/arduino_bridge_ros2/package.zsh'
[3.202s] Level 1:colcon.colcon_core.environment:create_file_with_runtime_dependencies(/home/josemsotov/robot_ws/install/share/colcon-core/packages/arduino_bridge_ros2)
[3.846s] DEBUG:colcon.colcon_core.event_handler.log_command:Invoked command in '/home/josemsotov/robot_ws/build/ldlidar_stl_ros2' returned '0': CMAKE_PREFIX_PATH=${CMAKE_PREFIX_PATH}:/opt/ros/jazzy DEBUGINFOD_URLS=https://debuginfod.ubuntu.com /usr/bin/cmake /home/josemsotov/robot_ws/src/ldlidar_stl_ros2 -DCMAKE_INSTALL_PREFIX=/home/josemsotov/robot_ws/install
[3.847s] DEBUG:colcon.colcon_core.event_handler.log_command:Invoking command in '/home/josemsotov/robot_ws/build/ldlidar_stl_ros2': CMAKE_PREFIX_PATH=${CMAKE_PREFIX_PATH}:/opt/ros/jazzy DEBUGINFOD_URLS=https://debuginfod.ubuntu.com /usr/bin/cmake --build /home/josemsotov/robot_ws/build/ldlidar_stl_ros2 -- -j4 -l4
[13.192s] DEBUG:colcon.colcon_core.event_handler.log_command:Invoked command in '/home/josemsotov/robot_ws/build/ldlidar_stl_ros2' returned '0': CMAKE_PREFIX_PATH=${CMAKE_PREFIX_PATH}:/opt/ros/jazzy DEBUGINFOD_URLS=https://debuginfod.ubuntu.com /usr/bin/cmake --build /home/josemsotov/robot_ws/build/ldlidar_stl_ros2 -- -j4 -l4
[13.193s] DEBUG:colcon.colcon_core.event_handler.log_command:Invoking command in '/home/josemsotov/robot_ws/build/ldlidar_stl_ros2': CMAKE_PREFIX_PATH=${CMAKE_PREFIX_PATH}:/opt/ros/jazzy DEBUGINFOD_URLS=https://debuginfod.ubuntu.com /usr/bin/cmake --install /home/josemsotov/robot_ws/build/ldlidar_stl_ros2
[13.229s] Level 1:colcon.colcon_core.environment:create_environment_scripts_only(ldlidar_stl_ros2)
[13.230s] Level 1:colcon.colcon_core.environment:checking '/home/josemsotov/robot_ws/install' for CMake module files
[13.230s] DEBUG:colcon.colcon_core.event_handler.log_command:Invoked command in '/home/josemsotov/robot_ws/build/ldlidar_stl_ros2' returned '0': CMAKE_PREFIX_PATH=${CMAKE_PREFIX_PATH}:/opt/ros/jazzy DEBUGINFOD_URLS=https://debuginfod.ubuntu.com /usr/bin/cmake --install /home/josemsotov/robot_ws/build/ldlidar_stl_ros2
[13.231s] Level 1:colcon.colcon_core.environment:checking '/home/josemsotov/robot_ws/install' for CMake config files
[13.231s] Level 1:colcon.colcon_core.shell:create_environment_hook('ldlidar_stl_ros2', 'cmake_prefix_path')
[13.232s] INFO:colcon.colcon_core.shell:Creating environment hook '/home/josemsotov/robot_ws/install/share/ldlidar_stl_ros2/hook/cmake_prefix_path.ps1'
[13.234s] INFO:colcon.colcon_core.shell:Creating environment descriptor '/home/josemsotov/robot_ws/install/share/ldlidar_stl_ros2/hook/cmake_prefix_path.dsv'
[13.236s] INFO:colcon.colcon_core.shell:Creating environment hook '/home/josemsotov/robot_ws/install/share/ldlidar_stl_ros2/hook/cmake_prefix_path.sh'
[13.237s] Level 1:colcon.colcon_core.environment:checking '/home/josemsotov/robot_ws/install/lib'
[13.237s] Level 1:colcon.colcon_core.environment:checking '/home/josemsotov/robot_ws/install/bin'
[13.238s] Level 1:colcon.colcon_core.environment:checking '/home/josemsotov/robot_ws/install/lib/pkgconfig/ldlidar_stl_ros2.pc'
[13.238s] Level 1:colcon.colcon_core.environment:checking '/home/josemsotov/robot_ws/install/lib/python3.12/site-packages'
[13.238s] Level 1:colcon.colcon_core.shell:create_environment_hook('ldlidar_stl_ros2', 'pythonpath')
[13.238s] INFO:colcon.colcon_core.shell:Creating environment hook '/home/josemsotov/robot_ws/install/share/ldlidar_stl_ros2/hook/pythonpath.ps1'
[13.239s] INFO:colcon.colcon_core.shell:Creating environment descriptor '/home/josemsotov/robot_ws/install/share/ldlidar_stl_ros2/hook/pythonpath.dsv'
[13.239s] INFO:colcon.colcon_core.shell:Creating environment hook '/home/josemsotov/robot_ws/install/share/ldlidar_stl_ros2/hook/pythonpath.sh'
[13.240s] Level 1:colcon.colcon_core.environment:checking '/home/josemsotov/robot_ws/install/bin'
[13.241s] INFO:colcon.colcon_core.shell:Creating package script '/home/josemsotov/robot_ws/install/share/ldlidar_stl_ros2/package.ps1'
[13.241s] INFO:colcon.colcon_core.shell:Creating package descriptor '/home/josemsotov/robot_ws/install/share/ldlidar_stl_ros2/package.dsv'
[13.242s] INFO:colcon.colcon_core.shell:Creating package script '/home/josemsotov/robot_ws/install/share/ldlidar_stl_ros2/package.sh'
[13.243s] INFO:colcon.colcon_core.shell:Creating package script '/home/josemsotov/robot_ws/install/share/ldlidar_stl_ros2/package.bash'
[13.244s] INFO:colcon.colcon_core.shell:Creating package script '/home/josemsotov/robot_ws/install/share/ldlidar_stl_ros2/package.zsh'
[13.246s] Level 1:colcon.colcon_core.environment:create_file_with_runtime_dependencies(/home/josemsotov/robot_ws/install/share/colcon-core/packages/ldlidar_stl_ros2)
[13.246s] Level 1:colcon.colcon_core.environment:create_environment_scripts_only(ldlidar_stl_ros2)
[13.246s] Level 1:colcon.colcon_core.environment:checking '/home/josemsotov/robot_ws/install' for CMake module files
[13.247s] Level 1:colcon.colcon_core.environment:checking '/home/josemsotov/robot_ws/install' for CMake config files
[13.248s] Level 1:colcon.colcon_core.shell:create_environment_hook('ldlidar_stl_ros2', 'cmake_prefix_path')
[13.248s] INFO:colcon.colcon_core.shell:Creating environment hook '/home/josemsotov/robot_ws/install/share/ldlidar_stl_ros2/hook/cmake_prefix_path.ps1'
[13.248s] INFO:colcon.colcon_core.shell:Creating environment descriptor '/home/josemsotov/robot_ws/install/share/ldlidar_stl_ros2/hook/cmake_prefix_path.dsv'
[13.249s] INFO:colcon.colcon_core.shell:Creating environment hook '/home/josemsotov/robot_ws/install/share/ldlidar_stl_ros2/hook/cmake_prefix_path.sh'
[13.249s] Level 1:colcon.colcon_core.environment:checking '/home/josemsotov/robot_ws/install/lib'
[13.250s] Level 1:colcon.colcon_core.environment:checking '/home/josemsotov/robot_ws/install/bin'
[13.250s] Level 1:colcon.colcon_core.environment:checking '/home/josemsotov/robot_ws/install/lib/pkgconfig/ldlidar_stl_ros2.pc'
[13.250s] Level 1:colcon.colcon_core.environment:checking '/home/josemsotov/robot_ws/install/lib/python3.12/site-packages'
[13.250s] Level 1:colcon.colcon_core.shell:create_environment_hook('ldlidar_stl_ros2', 'pythonpath')
[13.250s] INFO:colcon.colcon_core.shell:Creating environment hook '/home/josemsotov/robot_ws/install/share/ldlidar_stl_ros2/hook/pythonpath.ps1'
[13.251s] INFO:colcon.colcon_core.shell:Creating environment descriptor '/home/josemsotov/robot_ws/install/share/ldlidar_stl_ros2/hook/pythonpath.dsv'
[13.251s] INFO:colcon.colcon_core.shell:Creating environment hook '/home/josemsotov/robot_ws/install/share/ldlidar_stl_ros2/hook/pythonpath.sh'
[13.252s] Level 1:colcon.colcon_core.environment:checking '/home/josemsotov/robot_ws/install/bin'
[13.252s] INFO:colcon.colcon_core.shell:Creating package script '/home/josemsotov/robot_ws/install/share/ldlidar_stl_ros2/package.ps1'
[13.253s] INFO:colcon.colcon_core.shell:Creating package descriptor '/home/josemsotov/robot_ws/install/share/ldlidar_stl_ros2/package.dsv'
[13.254s] INFO:colcon.colcon_core.shell:Creating package script '/home/josemsotov/robot_ws/install/share/ldlidar_stl_ros2/package.sh'
[13.254s] INFO:colcon.colcon_core.shell:Creating package script '/home/josemsotov/robot_ws/install/share/ldlidar_stl_ros2/package.bash'
[13.255s] INFO:colcon.colcon_core.shell:Creating package script '/home/josemsotov/robot_ws/install/share/ldlidar_stl_ros2/package.zsh'
[13.255s] Level 1:colcon.colcon_core.environment:create_file_with_runtime_dependencies(/home/josemsotov/robot_ws/install/share/colcon-core/packages/ldlidar_stl_ros2)
[13.256s] DEBUG:colcon.colcon_parallel_executor.executor.parallel:closing loop
[13.256s] DEBUG:colcon.colcon_parallel_executor.executor.parallel:loop closed
[13.256s] DEBUG:colcon.colcon_parallel_executor.executor.parallel:run_until_complete finished with '0'
[13.256s] DEBUG:colcon.colcon_core.event_reactor:joining thread
[13.273s] INFO:colcon.colcon_core.plugin_system:Skipping extension 'colcon_notification.desktop_notification.terminal_notifier': Not used on non-Darwin systems
[13.273s] INFO:colcon.colcon_core.plugin_system:Skipping extension 'colcon_notification.desktop_notification.win32': Not used on non-Windows systems
[13.273s] INFO:colcon.colcon_notification.desktop_notification:Sending desktop notification using 'notify2'
[13.295s] DEBUG:colcon.colcon_core.event_reactor:joined thread
[13.296s] INFO:colcon.colcon_core.shell:Creating prefix script '/home/josemsotov/robot_ws/install/local_setup.ps1'
[13.298s] INFO:colcon.colcon_core.shell:Creating prefix util module '/home/josemsotov/robot_ws/install/_local_setup_util_ps1.py'
[13.299s] INFO:colcon.colcon_core.shell:Creating prefix chain script '/home/josemsotov/robot_ws/install/setup.ps1'
[13.302s] INFO:colcon.colcon_core.shell:Creating prefix script '/home/josemsotov/robot_ws/install/local_setup.sh'
[13.303s] INFO:colcon.colcon_core.shell:Creating prefix util module '/home/josemsotov/robot_ws/install/_local_setup_util_sh.py'
[13.304s] INFO:colcon.colcon_core.shell:Creating prefix chain script '/home/josemsotov/robot_ws/install/setup.sh'
[13.306s] INFO:colcon.colcon_core.shell:Creating prefix script '/home/josemsotov/robot_ws/install/local_setup.bash'
[13.307s] INFO:colcon.colcon_core.shell:Creating prefix chain script '/home/josemsotov/robot_ws/install/setup.bash'
[13.309s] INFO:colcon.colcon_core.shell:Creating prefix script '/home/josemsotov/robot_ws/install/local_setup.zsh'
[13.310s] INFO:colcon.colcon_core.shell:Creating prefix chain script '/home/josemsotov/robot_ws/install/setup.zsh'
