[0.200s] DEBUG:colcon:Command line arguments: ['/usr/bin/colcon', 'build', '--packages-select', 'ldlidar_stl_ros2', 'arduino_bridge_ros2', '--symlink-install']
[0.200s] DEBUG:colcon:Parsed command line arguments: Namespace(log_base=None, log_level=None, verb_name='build', build_base='build', install_base='install', merge_install=False, symlink_install=True, test_result_base=None, continue_on_error=False, executor='parallel', parallel_workers=4, event_handlers=None, ignore_user_meta=False, metas=['./colcon.meta'], base_paths=['.'], packages_ignore=None, packages_ignore_regex=None, paths=None, packages_up_to=None, packages_up_to_regex=None, packages_above=None, packages_above_and_dependencies=None, packages_above_depth=None, packages_select_by_dep=None, packages_skip_by_dep=None, packages_skip_up_to=None, packages_select_build_failed=False, packages_skip_build_finished=False, packages_select_test_failures=False, packages_skip_test_passed=False, packages_select=['ldlidar_stl_ros2', 'arduino_bridge_ros2'], packages_skip=None, packages_select_regex=None, packages_skip_regex=None, packages_start=None, packages_end=None, allow_overriding=[], cmake_args=None, cmake_target=None, cmake_target_skip_unavailable=False, cmake_clean_cache=False, cmake_clean_first=False, cmake_force_configure=False, ament_cmake_args=None, catkin_cmake_args=None, catkin_skip_building_tests=False, verb_parser=<colcon_defaults.argument_parser.defaults.DefaultArgumentsDecorator object at 0xffffbd599df0>, verb_extension=<colcon_core.verb.build.BuildVerb object at 0xffffbd7563f0>, main=<bound method BuildVerb.main of <colcon_core.verb.build.BuildVerb object at 0xffffbd7563f0>>)
[0.261s] Level 1:colcon.colcon_core.package_discovery:discover_packages(colcon_meta) check parameters
[0.261s] Level 1:colcon.colcon_core.package_discovery:discover_packages(recursive) check parameters
[0.261s] Level 1:colcon.colcon_core.package_discovery:discover_packages(ignore) check parameters
[0.261s] Level 1:colcon.colcon_core.package_discovery:discover_packages(path) check parameters
[0.261s] Level 1:colcon.colcon_core.package_discovery:discover_packages(colcon_meta) discover
[0.261s] Level 1:colcon.colcon_core.package_discovery:discover_packages(recursive) discover
[0.261s] INFO:colcon.colcon_core.package_discovery:Crawling recursively for packages in '/home/josemsotov/robot_ws'
[0.261s] Level 1:colcon.colcon_core.package_identification:_identify(.) by extensions ['ignore', 'ignore_ament_install']
[0.261s] Level 1:colcon.colcon_core.package_identification:_identify(.) by extension 'ignore'
[0.261s] Level 1:colcon.colcon_core.package_identification:_identify(.) by extension 'ignore_ament_install'
[0.261s] Level 1:colcon.colcon_core.package_identification:_identify(.) by extensions ['colcon_pkg']
[0.261s] Level 1:colcon.colcon_core.package_identification:_identify(.) by extension 'colcon_pkg'
[0.262s] Level 1:colcon.colcon_core.package_identification:_identify(.) by extensions ['colcon_meta']
[0.262s] Level 1:colcon.colcon_core.package_identification:_identify(.) by extension 'colcon_meta'
[0.262s] Level 1:colcon.colcon_core.package_identification:_identify(.) by extensions ['ros']
[0.262s] Level 1:colcon.colcon_core.package_identification:_identify(.) by extension 'ros'
[0.299s] Level 1:colcon.colcon_core.package_identification:_identify(.) by extensions ['cmake', 'python']
[0.299s] Level 1:colcon.colcon_core.package_identification:_identify(.) by extension 'cmake'
[0.299s] Level 1:colcon.colcon_core.package_identification:_identify(.) by extension 'python'
[0.300s] Level 1:colcon.colcon_core.package_identification:_identify(.) by extensions ['python_setup_py']
[0.300s] Level 1:colcon.colcon_core.package_identification:_identify(.) by extension 'python_setup_py'
[0.300s] Level 1:colcon.colcon_core.package_identification:_identify(build) by extensions ['ignore', 'ignore_ament_install']
[0.300s] Level 1:colcon.colcon_core.package_identification:_identify(build) by extension 'ignore'
[0.300s] Level 1:colcon.colcon_core.package_identification:_identify(build) ignored
[0.300s] Level 1:colcon.colcon_core.package_identification:_identify(install) by extensions ['ignore', 'ignore_ament_install']
[0.300s] Level 1:colcon.colcon_core.package_identification:_identify(install) by extension 'ignore'
[0.300s] Level 1:colcon.colcon_core.package_identification:_identify(install) ignored
[0.300s] Level 1:colcon.colcon_core.package_identification:_identify(log) by extensions ['ignore', 'ignore_ament_install']
[0.300s] Level 1:colcon.colcon_core.package_identification:_identify(log) by extension 'ignore'
[0.301s] Level 1:colcon.colcon_core.package_identification:_identify(log) ignored
[0.301s] Level 1:colcon.colcon_core.package_identification:_identify(src) by extensions ['ignore', 'ignore_ament_install']
[0.301s] Level 1:colcon.colcon_core.package_identification:_identify(src) by extension 'ignore'
[0.301s] Level 1:colcon.colcon_core.package_identification:_identify(src) by extension 'ignore_ament_install'
[0.301s] Level 1:colcon.colcon_core.package_identification:_identify(src) by extensions ['colcon_pkg']
[0.301s] Level 1:colcon.colcon_core.package_identification:_identify(src) by extension 'colcon_pkg'
[0.301s] Level 1:colcon.colcon_core.package_identification:_identify(src) by extensions ['colcon_meta']
[0.301s] Level 1:colcon.colcon_core.package_identification:_identify(src) by extension 'colcon_meta'
[0.301s] Level 1:colcon.colcon_core.package_identification:_identify(src) by extensions ['ros']
[0.301s] Level 1:colcon.colcon_core.package_identification:_identify(src) by extension 'ros'
[0.301s] Level 1:colcon.colcon_core.package_identification:_identify(src) by extensions ['cmake', 'python']
[0.301s] Level 1:colcon.colcon_core.package_identification:_identify(src) by extension 'cmake'
[0.301s] Level 1:colcon.colcon_core.package_identification:_identify(src) by extension 'python'
[0.301s] Level 1:colcon.colcon_core.package_identification:_identify(src) by extensions ['python_setup_py']
[0.301s] Level 1:colcon.colcon_core.package_identification:_identify(src) by extension 'python_setup_py'
[0.302s] Level 1:colcon.colcon_core.package_identification:_identify(src/arduino_bridge) by extensions ['ignore', 'ignore_ament_install']
[0.302s] Level 1:colcon.colcon_core.package_identification:_identify(src/arduino_bridge) by extension 'ignore'
[0.302s] Level 1:colcon.colcon_core.package_identification:_identify(src/arduino_bridge) by extension 'ignore_ament_install'
[0.302s] Level 1:colcon.colcon_core.package_identification:_identify(src/arduino_bridge) by extensions ['colcon_pkg']
[0.302s] Level 1:colcon.colcon_core.package_identification:_identify(src/arduino_bridge) by extension 'colcon_pkg'
[0.302s] Level 1:colcon.colcon_core.package_identification:_identify(src/arduino_bridge) by extensions ['colcon_meta']
[0.302s] Level 1:colcon.colcon_core.package_identification:_identify(src/arduino_bridge) by extension 'colcon_meta'
[0.302s] Level 1:colcon.colcon_core.package_identification:_identify(src/arduino_bridge) by extensions ['ros']
[0.302s] Level 1:colcon.colcon_core.package_identification:_identify(src/arduino_bridge) by extension 'ros'
[0.302s] Level 1:colcon.colcon_core.package_identification:_identify(src/arduino_bridge) by extensions ['cmake', 'python']
[0.302s] Level 1:colcon.colcon_core.package_identification:_identify(src/arduino_bridge) by extension 'cmake'
[0.302s] Level 1:colcon.colcon_core.package_identification:_identify(src/arduino_bridge) by extension 'python'
[0.302s] Level 1:colcon.colcon_core.package_identification:_identify(src/arduino_bridge) by extensions ['python_setup_py']
[0.302s] Level 1:colcon.colcon_core.package_identification:_identify(src/arduino_bridge) by extension 'python_setup_py'
[0.302s] Level 1:colcon.colcon_core.package_identification:_identify(src/arduino_bridge/MOTOR-INTERFACE-V-13) by extensions ['ignore', 'ignore_ament_install']
[0.303s] Level 1:colcon.colcon_core.package_identification:_identify(src/arduino_bridge/MOTOR-INTERFACE-V-13) by extension 'ignore'
[0.303s] Level 1:colcon.colcon_core.package_identification:_identify(src/arduino_bridge/MOTOR-INTERFACE-V-13) by extension 'ignore_ament_install'
[0.303s] Level 1:colcon.colcon_core.package_identification:_identify(src/arduino_bridge/MOTOR-INTERFACE-V-13) by extensions ['colcon_pkg']
[0.303s] Level 1:colcon.colcon_core.package_identification:_identify(src/arduino_bridge/MOTOR-INTERFACE-V-13) by extension 'colcon_pkg'
[0.303s] Level 1:colcon.colcon_core.package_identification:_identify(src/arduino_bridge/MOTOR-INTERFACE-V-13) by extensions ['colcon_meta']
[0.303s] Level 1:colcon.colcon_core.package_identification:_identify(src/arduino_bridge/MOTOR-INTERFACE-V-13) by extension 'colcon_meta'
[0.303s] Level 1:colcon.colcon_core.package_identification:_identify(src/arduino_bridge/MOTOR-INTERFACE-V-13) by extensions ['ros']
[0.303s] Level 1:colcon.colcon_core.package_identification:_identify(src/arduino_bridge/MOTOR-INTERFACE-V-13) by extension 'ros'
[0.303s] Level 1:colcon.colcon_core.package_identification:_identify(src/arduino_bridge/MOTOR-INTERFACE-V-13) by extensions ['cmake', 'python']
[0.303s] Level 1:colcon.colcon_core.package_identification:_identify(src/arduino_bridge/MOTOR-INTERFACE-V-13) by extension 'cmake'
[0.303s] Level 1:colcon.colcon_core.package_identification:_identify(src/arduino_bridge/MOTOR-INTERFACE-V-13) by extension 'python'
[0.303s] Level 1:colcon.colcon_core.package_identification:_identify(src/arduino_bridge/MOTOR-INTERFACE-V-13) by extensions ['python_setup_py']
[0.303s] Level 1:colcon.colcon_core.package_identification:_identify(src/arduino_bridge/MOTOR-INTERFACE-V-13) by extension 'python_setup_py'
[0.303s] Level 1:colcon.colcon_core.package_identification:_identify(src/arduino_bridge/TEST_HALL_PULSOS) by extensions ['ignore', 'ignore_ament_install']
[0.303s] Level 1:colcon.colcon_core.package_identification:_identify(src/arduino_bridge/TEST_HALL_PULSOS) by extension 'ignore'
[0.303s] Level 1:colcon.colcon_core.package_identification:_identify(src/arduino_bridge/TEST_HALL_PULSOS) by extension 'ignore_ament_install'
[0.303s] Level 1:colcon.colcon_core.package_identification:_identify(src/arduino_bridge/TEST_HALL_PULSOS) by extensions ['colcon_pkg']
[0.303s] Level 1:colcon.colcon_core.package_identification:_identify(src/arduino_bridge/TEST_HALL_PULSOS) by extension 'colcon_pkg'
[0.303s] Level 1:colcon.colcon_core.package_identification:_identify(src/arduino_bridge/TEST_HALL_PULSOS) by extensions ['colcon_meta']
[0.303s] Level 1:colcon.colcon_core.package_identification:_identify(src/arduino_bridge/TEST_HALL_PULSOS) by extension 'colcon_meta'
[0.303s] Level 1:colcon.colcon_core.package_identification:_identify(src/arduino_bridge/TEST_HALL_PULSOS) by extensions ['ros']
[0.304s] Level 1:colcon.colcon_core.package_identification:_identify(src/arduino_bridge/TEST_HALL_PULSOS) by extension 'ros'
[0.304s] Level 1:colcon.colcon_core.package_identification:_identify(src/arduino_bridge/TEST_HALL_PULSOS) by extensions ['cmake', 'python']
[0.304s] Level 1:colcon.colcon_core.package_identification:_identify(src/arduino_bridge/TEST_HALL_PULSOS) by extension 'cmake'
[0.304s] Level 1:colcon.colcon_core.package_identification:_identify(src/arduino_bridge/TEST_HALL_PULSOS) by extension 'python'
[0.304s] Level 1:colcon.colcon_core.package_identification:_identify(src/arduino_bridge/TEST_HALL_PULSOS) by extensions ['python_setup_py']
[0.304s] Level 1:colcon.colcon_core.package_identification:_identify(src/arduino_bridge/TEST_HALL_PULSOS) by extension 'python_setup_py'
[0.304s] Level 1:colcon.colcon_core.package_identification:_identify(src/arduino_bridge/TEST_MINIMAL_MOTORES) by extensions ['ignore', 'ignore_ament_install']
[0.304s] Level 1:colcon.colcon_core.package_identification:_identify(src/arduino_bridge/TEST_MINIMAL_MOTORES) by extension 'ignore'
[0.304s] Level 1:colcon.colcon_core.package_identification:_identify(src/arduino_bridge/TEST_MINIMAL_MOTORES) by extension 'ignore_ament_install'
[0.304s] Level 1:colcon.colcon_core.package_identification:_identify(src/arduino_bridge/TEST_MINIMAL_MOTORES) by extensions ['colcon_pkg']
[0.304s] Level 1:colcon.colcon_core.package_identification:_identify(src/arduino_bridge/TEST_MINIMAL_MOTORES) by extension 'colcon_pkg'
[0.304s] Level 1:colcon.colcon_core.package_identification:_identify(src/arduino_bridge/TEST_MINIMAL_MOTORES) by extensions ['colcon_meta']
[0.304s] Level 1:colcon.colcon_core.package_identification:_identify(src/arduino_bridge/TEST_MINIMAL_MOTORES) by extension 'colcon_meta'
[0.304s] Level 1:colcon.colcon_core.package_identification:_identify(src/arduino_bridge/TEST_MINIMAL_MOTORES) by extensions ['ros']
[0.304s] Level 1:colcon.colcon_core.package_identification:_identify(src/arduino_bridge/TEST_MINIMAL_MOTORES) by extension 'ros'
[0.304s] Level 1:colcon.colcon_core.package_identification:_identify(src/arduino_bridge/TEST_MINIMAL_MOTORES) by extensions ['cmake', 'python']
[0.304s] Level 1:colcon.colcon_core.package_identification:_identify(src/arduino_bridge/TEST_MINIMAL_MOTORES) by extension 'cmake'
[0.304s] Level 1:colcon.colcon_core.package_identification:_identify(src/arduino_bridge/TEST_MINIMAL_MOTORES) by extension 'python'
[0.304s] Level 1:colcon.colcon_core.package_identification:_identify(src/arduino_bridge/TEST_MINIMAL_MOTORES) by extensions ['python_setup_py']
[0.304s] Level 1:colcon.colcon_core.package_identification:_identify(src/arduino_bridge/TEST_MINIMAL_MOTORES) by extension 'python_setup_py'
[0.305s] Level 1:colcon.colcon_core.package_identification:_identify(src/arduino_bridge/TEST_MOTORES_DIAGNOSTICO) by extensions ['ignore', 'ignore_ament_install']
[0.305s] Level 1:colcon.colcon_core.package_identification:_identify(src/arduino_bridge/TEST_MOTORES_DIAGNOSTICO) by extension 'ignore'
[0.305s] Level 1:colcon.colcon_core.package_identification:_identify(src/arduino_bridge/TEST_MOTORES_DIAGNOSTICO) by extension 'ignore_ament_install'
[0.305s] Level 1:colcon.colcon_core.package_identification:_identify(src/arduino_bridge/TEST_MOTORES_DIAGNOSTICO) by extensions ['colcon_pkg']
[0.305s] Level 1:colcon.colcon_core.package_identification:_identify(src/arduino_bridge/TEST_MOTORES_DIAGNOSTICO) by extension 'colcon_pkg'
[0.305s] Level 1:colcon.colcon_core.package_identification:_identify(src/arduino_bridge/TEST_MOTORES_DIAGNOSTICO) by extensions ['colcon_meta']
[0.305s] Level 1:colcon.colcon_core.package_identification:_identify(src/arduino_bridge/TEST_MOTORES_DIAGNOSTICO) by extension 'colcon_meta'
[0.305s] Level 1:colcon.colcon_core.package_identification:_identify(src/arduino_bridge/TEST_MOTORES_DIAGNOSTICO) by extensions ['ros']
[0.305s] Level 1:colcon.colcon_core.package_identification:_identify(src/arduino_bridge/TEST_MOTORES_DIAGNOSTICO) by extension 'ros'
[0.305s] Level 1:colcon.colcon_core.package_identification:_identify(src/arduino_bridge/TEST_MOTORES_DIAGNOSTICO) by extensions ['cmake', 'python']
[0.305s] Level 1:colcon.colcon_core.package_identification:_identify(src/arduino_bridge/TEST_MOTORES_DIAGNOSTICO) by extension 'cmake'
[0.305s] Level 1:colcon.colcon_core.package_identification:_identify(src/arduino_bridge/TEST_MOTORES_DIAGNOSTICO) by extension 'python'
[0.305s] Level 1:colcon.colcon_core.package_identification:_identify(src/arduino_bridge/TEST_MOTORES_DIAGNOSTICO) by extensions ['python_setup_py']
[0.305s] Level 1:colcon.colcon_core.package_identification:_identify(src/arduino_bridge/TEST_MOTORES_DIAGNOSTICO) by extension 'python_setup_py'
[0.305s] Level 1:colcon.colcon_core.package_identification:_identify(src/arduino_bridge/TEST_STICTION) by extensions ['ignore', 'ignore_ament_install']
[0.305s] Level 1:colcon.colcon_core.package_identification:_identify(src/arduino_bridge/TEST_STICTION) by extension 'ignore'
[0.305s] Level 1:colcon.colcon_core.package_identification:_identify(src/arduino_bridge/TEST_STICTION) by extension 'ignore_ament_install'
[0.305s] Level 1:colcon.colcon_core.package_identification:_identify(src/arduino_bridge/TEST_STICTION) by extensions ['colcon_pkg']
[0.305s] Level 1:colcon.colcon_core.package_identification:_identify(src/arduino_bridge/TEST_STICTION) by extension 'colcon_pkg'
[0.305s] Level 1:colcon.colcon_core.package_identification:_identify(src/arduino_bridge/TEST_STICTION) by extensions ['colcon_meta']
[0.305s] Level 1:colcon.colcon_core.package_identification:_identify(src/arduino_bridge/TEST_STICTION) by extension 'colcon_meta'
[0.306s] Level 1:colcon.colcon_core.package_identification:_identify(src/arduino_bridge/TEST_STICTION) by extensions ['ros']
[0.306s] Level 1:colcon.colcon_core.package_identification:_identify(src/arduino_bridge/TEST_STICTION) by extension 'ros'
[0.306s] Level 1:colcon.colcon_core.package_identification:_identify(src/arduino_bridge/TEST_STICTION) by extensions ['cmake', 'python']
[0.306s] Level 1:colcon.colcon_core.package_identification:_identify(src/arduino_bridge/TEST_STICTION) by extension 'cmake'
[0.306s] Level 1:colcon.colcon_core.package_identification:_identify(src/arduino_bridge/TEST_STICTION) by extension 'python'
[0.306s] Level 1:colcon.colcon_core.package_identification:_identify(src/arduino_bridge/TEST_STICTION) by extensions ['python_setup_py']
[0.306s] Level 1:colcon.colcon_core.package_identification:_identify(src/arduino_bridge/TEST_STICTION) by extension 'python_setup_py'
[0.306s] Level 1:colcon.colcon_core.package_identification:_identify(src/arduino_bridge_ros2) by extensions ['ignore', 'ignore_ament_install']
[0.306s] Level 1:colcon.colcon_core.package_identification:_identify(src/arduino_bridge_ros2) by extension 'ignore'
[0.306s] Level 1:colcon.colcon_core.package_identification:_identify(src/arduino_bridge_ros2) by extension 'ignore_ament_install'
[0.306s] Level 1:colcon.colcon_core.package_identification:_identify(src/arduino_bridge_ros2) by extensions ['colcon_pkg']
[0.306s] Level 1:colcon.colcon_core.package_identification:_identify(src/arduino_bridge_ros2) by extension 'colcon_pkg'
[0.306s] Level 1:colcon.colcon_core.package_identification:_identify(src/arduino_bridge_ros2) by extensions ['colcon_meta']
[0.306s] Level 1:colcon.colcon_core.package_identification:_identify(src/arduino_bridge_ros2) by extension 'colcon_meta'
[0.306s] Level 1:colcon.colcon_core.package_identification:_identify(src/arduino_bridge_ros2) by extensions ['ros']
[0.306s] Level 1:colcon.colcon_core.package_identification:_identify(src/arduino_bridge_ros2) by extension 'ros'
[0.311s] DEBUG:colcon.colcon_core.package_identification:Failed to parse potential ROS package manifest in'src/arduino_bridge_ros2': Error(s) in package 'src/arduino_bridge_ros2/package.xml':
Invalid email "josemsotov@robot" for person "josemsotov"
[0.311s] Level 1:colcon.colcon_core.package_identification:_identify(src/arduino_bridge_ros2) by extensions ['cmake', 'python']
[0.311s] Level 1:colcon.colcon_core.package_identification:_identify(src/arduino_bridge_ros2) by extension 'cmake'
[0.311s] Level 1:colcon.colcon_core.package_identification:_identify(src/arduino_bridge_ros2) by extension 'python'
[0.311s] DEBUG:colcon.colcon_core.package_identification:Python package in 'src/arduino_bridge_ros2' passes arguments to the setup() function which requires a different identification extension than 'python'
[0.311s] Level 1:colcon.colcon_core.package_identification:_identify(src/arduino_bridge_ros2) by extensions ['python_setup_py']
[0.311s] Level 1:colcon.colcon_core.package_identification:_identify(src/arduino_bridge_ros2) by extension 'python_setup_py'
[0.635s] DEBUG:colcon.colcon_core.package_identification:Package 'src/arduino_bridge_ros2' with type 'python' and name 'arduino_bridge_ros2'
[0.635s] Level 1:colcon.colcon_core.package_identification:_identify(src/ldlidar_stl_ros2) by extensions ['ignore', 'ignore_ament_install']
[0.635s] Level 1:colcon.colcon_core.package_identification:_identify(src/ldlidar_stl_ros2) by extension 'ignore'
[0.635s] Level 1:colcon.colcon_core.package_identification:_identify(src/ldlidar_stl_ros2) by extension 'ignore_ament_install'
[0.635s] Level 1:colcon.colcon_core.package_identification:_identify(src/ldlidar_stl_ros2) by extensions ['colcon_pkg']
[0.635s] Level 1:colcon.colcon_core.package_identification:_identify(src/ldlidar_stl_ros2) by extension 'colcon_pkg'
[0.635s] Level 1:colcon.colcon_core.package_identification:_identify(src/ldlidar_stl_ros2) by extensions ['colcon_meta']
[0.635s] Level 1:colcon.colcon_core.package_identification:_identify(src/ldlidar_stl_ros2) by extension 'colcon_meta'
[0.635s] Level 1:colcon.colcon_core.package_identification:_identify(src/ldlidar_stl_ros2) by extensions ['ros']
[0.635s] Level 1:colcon.colcon_core.package_identification:_identify(src/ldlidar_stl_ros2) by extension 'ros'
[0.636s] DEBUG:colcon.colcon_core.package_identification:Package 'src/ldlidar_stl_ros2' with type 'ros.ament_cmake' and name 'ldlidar_stl_ros2'
[0.636s] Level 1:colcon.colcon_core.package_identification:_identify(src/my_package) by extensions ['ignore', 'ignore_ament_install']
[0.636s] Level 1:colcon.colcon_core.package_identification:_identify(src/my_package) by extension 'ignore'
[0.637s] Level 1:colcon.colcon_core.package_identification:_identify(src/my_package) by extension 'ignore_ament_install'
[0.637s] Level 1:colcon.colcon_core.package_identification:_identify(src/my_package) by extensions ['colcon_pkg']
[0.637s] Level 1:colcon.colcon_core.package_identification:_identify(src/my_package) by extension 'colcon_pkg'
[0.637s] Level 1:colcon.colcon_core.package_identification:_identify(src/my_package) by extensions ['colcon_meta']
[0.637s] Level 1:colcon.colcon_core.package_identification:_identify(src/my_package) by extension 'colcon_meta'
[0.637s] Level 1:colcon.colcon_core.package_identification:_identify(src/my_package) by extensions ['ros']
[0.637s] Level 1:colcon.colcon_core.package_identification:_identify(src/my_package) by extension 'ros'
[0.638s] DEBUG:colcon.colcon_core.package_identification:Package 'src/my_package' with type 'ros.ament_cmake' and name 'my_package'
[0.638s] Level 1:colcon.colcon_core.package_discovery:discover_packages(recursive) using defaults
[0.638s] Level 1:colcon.colcon_core.package_discovery:discover_packages(ignore) discover
[0.638s] Level 1:colcon.colcon_core.package_discovery:discover_packages(ignore) using defaults
[0.638s] Level 1:colcon.colcon_core.package_discovery:discover_packages(path) discover
[0.638s] Level 1:colcon.colcon_core.package_discovery:discover_packages(path) using defaults
[0.672s] INFO:colcon.colcon_core.package_selection:Skipping not selected package 'my_package' in 'src/my_package'
[0.673s] Level 1:colcon.colcon_core.package_discovery:discover_packages(prefix_path) check parameters
[0.673s] Level 1:colcon.colcon_core.package_discovery:discover_packages(prefix_path) discover
[0.678s] DEBUG:colcon.colcon_installed_package_information.package_discovery:Found 377 installed packages in /opt/ros/jazzy
[0.681s] Level 1:colcon.colcon_core.package_discovery:discover_packages(prefix_path) using defaults
[0.830s] Level 5:colcon.colcon_core.verb:set package 'arduino_bridge_ros2' build argument 'cmake_args' from command line to 'None'
[0.830s] Level 5:colcon.colcon_core.verb:set package 'arduino_bridge_ros2' build argument 'cmake_target' from command line to 'None'
[0.830s] Level 5:colcon.colcon_core.verb:set package 'arduino_bridge_ros2' build argument 'cmake_target_skip_unavailable' from command line to 'False'
[0.830s] Level 5:colcon.colcon_core.verb:set package 'arduino_bridge_ros2' build argument 'cmake_clean_cache' from command line to 'False'
[0.830s] Level 5:colcon.colcon_core.verb:set package 'arduino_bridge_ros2' build argument 'cmake_clean_first' from command line to 'False'
[0.830s] Level 5:colcon.colcon_core.verb:set package 'arduino_bridge_ros2' build argument 'cmake_force_configure' from command line to 'False'
[0.830s] Level 5:colcon.colcon_core.verb:set package 'arduino_bridge_ros2' build argument 'ament_cmake_args' from command line to 'None'
[0.830s] Level 5:colcon.colcon_core.verb:set package 'arduino_bridge_ros2' build argument 'catkin_cmake_args' from command line to 'None'
[0.830s] Level 5:colcon.colcon_core.verb:set package 'arduino_bridge_ros2' build argument 'catkin_skip_building_tests' from command line to 'False'
[0.830s] DEBUG:colcon.colcon_core.verb:Building package 'arduino_bridge_ros2' with the following arguments: {'ament_cmake_args': None, 'build_base': '/home/josemsotov/robot_ws/build/arduino_bridge_ros2', 'catkin_cmake_args': None, 'catkin_skip_building_tests': False, 'cmake_args': None, 'cmake_clean_cache': False, 'cmake_clean_first': False, 'cmake_force_configure': False, 'cmake_target': None, 'cmake_target_skip_unavailable': False, 'install_base': '/home/josemsotov/robot_ws/install/arduino_bridge_ros2', 'merge_install': False, 'path': '/home/josemsotov/robot_ws/src/arduino_bridge_ros2', 'symlink_install': True, 'test_result_base': None}
[0.830s] Level 5:colcon.colcon_core.verb:set package 'ldlidar_stl_ros2' build argument 'cmake_args' from command line to 'None'
[0.830s] Level 5:colcon.colcon_core.verb:set package 'ldlidar_stl_ros2' build argument 'cmake_target' from command line to 'None'
[0.830s] Level 5:colcon.colcon_core.verb:set package 'ldlidar_stl_ros2' build argument 'cmake_target_skip_unavailable' from command line to 'False'
[0.830s] Level 5:colcon.colcon_core.verb:set package 'ldlidar_stl_ros2' build argument 'cmake_clean_cache' from command line to 'False'
[0.831s] Level 5:colcon.colcon_core.verb:set package 'ldlidar_stl_ros2' build argument 'cmake_clean_first' from command line to 'False'
[0.831s] Level 5:colcon.colcon_core.verb:set package 'ldlidar_stl_ros2' build argument 'cmake_force_configure' from command line to 'False'
[0.831s] Level 5:colcon.colcon_core.verb:set package 'ldlidar_stl_ros2' build argument 'ament_cmake_args' from command line to 'None'
[0.831s] Level 5:colcon.colcon_core.verb:set package 'ldlidar_stl_ros2' build argument 'catkin_cmake_args' from command line to 'None'
[0.831s] Level 5:colcon.colcon_core.verb:set package 'ldlidar_stl_ros2' build argument 'catkin_skip_building_tests' from command line to 'False'
[0.831s] DEBUG:colcon.colcon_core.verb:Building package 'ldlidar_stl_ros2' with the following arguments: {'ament_cmake_args': None, 'build_base': '/home/josemsotov/robot_ws/build/ldlidar_stl_ros2', 'catkin_cmake_args': None, 'catkin_skip_building_tests': False, 'cmake_args': None, 'cmake_clean_cache': False, 'cmake_clean_first': False, 'cmake_force_configure': False, 'cmake_target': None, 'cmake_target_skip_unavailable': False, 'install_base': '/home/josemsotov/robot_ws/install/ldlidar_stl_ros2', 'merge_install': False, 'path': '/home/josemsotov/robot_ws/src/ldlidar_stl_ros2', 'symlink_install': True, 'test_result_base': None}
[0.831s] INFO:colcon.colcon_core.executor:Executing jobs using 'parallel' executor
[0.832s] DEBUG:colcon.colcon_parallel_executor.executor.parallel:run_until_complete
[0.833s] INFO:colcon.colcon_core.task.python.build:Building Python package in '/home/josemsotov/robot_ws/src/arduino_bridge_ros2'
[0.837s] INFO:colcon.colcon_core.plugin_system:Skipping extension 'colcon_core.shell.bat': Not used on non-Windows systems
[0.837s] INFO:colcon.colcon_core.shell:Skip shell extension 'powershell' for command environment: Not usable outside of PowerShell
[0.837s] DEBUG:colcon.colcon_core.shell:Skip shell extension 'dsv' for command environment
[0.842s] INFO:colcon.colcon_ros.task.ament_cmake.build:Building ROS package in '/home/josemsotov/robot_ws/src/ldlidar_stl_ros2' with build type 'ament_cmake'
[0.843s] INFO:colcon.colcon_cmake.task.cmake.build:Building CMake package in '/home/josemsotov/robot_ws/src/ldlidar_stl_ros2'
[0.843s] INFO:colcon.colcon_core.shell:Skip shell extension 'powershell' for command environment: Not usable outside of PowerShell
[0.843s] DEBUG:colcon.colcon_core.shell:Skip shell extension 'dsv' for command environment
[1.176s] DEBUG:colcon.colcon_core.event_handler.log_command:Invoking command in '/home/josemsotov/robot_ws/build/ldlidar_stl_ros2': CMAKE_PREFIX_PATH=${CMAKE_PREFIX_PATH}:/opt/ros/jazzy /usr/bin/cmake --build /home/josemsotov/robot_ws/build/ldlidar_stl_ros2 -- -j4 -l4
[1.341s] DEBUG:colcon.colcon_core.event_handler.log_command:Invoked command in '/home/josemsotov/robot_ws/build/ldlidar_stl_ros2' returned '0': CMAKE_PREFIX_PATH=${CMAKE_PREFIX_PATH}:/opt/ros/jazzy /usr/bin/cmake --build /home/josemsotov/robot_ws/build/ldlidar_stl_ros2 -- -j4 -l4
[1.361s] DEBUG:colcon.colcon_core.event_handler.log_command:Invoking command in '/home/josemsotov/robot_ws/build/ldlidar_stl_ros2': CMAKE_PREFIX_PATH=${CMAKE_PREFIX_PATH}:/opt/ros/jazzy /usr/bin/cmake --install /home/josemsotov/robot_ws/build/ldlidar_stl_ros2
[1.404s] Level 1:colcon.colcon_core.environment:create_environment_scripts_only(ldlidar_stl_ros2)
[1.405s] DEBUG:colcon.colcon_core.event_handler.log_command:Invoked command in '/home/josemsotov/robot_ws/build/ldlidar_stl_ros2' returned '0': CMAKE_PREFIX_PATH=${CMAKE_PREFIX_PATH}:/opt/ros/jazzy /usr/bin/cmake --install /home/josemsotov/robot_ws/build/ldlidar_stl_ros2
[1.407s] Level 1:colcon.colcon_core.environment:checking '/home/josemsotov/robot_ws/install/ldlidar_stl_ros2' for CMake module files
[1.408s] Level 1:colcon.colcon_core.environment:checking '/home/josemsotov/robot_ws/install/ldlidar_stl_ros2' for CMake config files
[1.408s] Level 1:colcon.colcon_core.shell:create_environment_hook('ldlidar_stl_ros2', 'cmake_prefix_path')
[1.409s] INFO:colcon.colcon_core.shell:Creating environment hook '/home/josemsotov/robot_ws/install/ldlidar_stl_ros2/share/ldlidar_stl_ros2/hook/cmake_prefix_path.ps1'
[1.409s] INFO:colcon.colcon_core.shell:Creating environment descriptor '/home/josemsotov/robot_ws/install/ldlidar_stl_ros2/share/ldlidar_stl_ros2/hook/cmake_prefix_path.dsv'
[1.410s] INFO:colcon.colcon_core.shell:Creating environment hook '/home/josemsotov/robot_ws/install/ldlidar_stl_ros2/share/ldlidar_stl_ros2/hook/cmake_prefix_path.sh'
[1.411s] Level 1:colcon.colcon_core.environment:checking '/home/josemsotov/robot_ws/install/ldlidar_stl_ros2/lib'
[1.411s] Level 1:colcon.colcon_core.environment:checking '/home/josemsotov/robot_ws/install/ldlidar_stl_ros2/bin'
[1.411s] Level 1:colcon.colcon_core.environment:checking '/home/josemsotov/robot_ws/install/ldlidar_stl_ros2/lib/pkgconfig/ldlidar_stl_ros2.pc'
[1.412s] Level 1:colcon.colcon_core.environment:checking '/home/josemsotov/robot_ws/install/ldlidar_stl_ros2/lib/python3.12/site-packages'
[1.412s] Level 1:colcon.colcon_core.environment:checking '/home/josemsotov/robot_ws/install/ldlidar_stl_ros2/bin'
[1.412s] INFO:colcon.colcon_core.shell:Creating package script '/home/josemsotov/robot_ws/install/ldlidar_stl_ros2/share/ldlidar_stl_ros2/package.ps1'
[1.413s] INFO:colcon.colcon_core.shell:Creating package descriptor '/home/josemsotov/robot_ws/install/ldlidar_stl_ros2/share/ldlidar_stl_ros2/package.dsv'
[1.414s] INFO:colcon.colcon_core.shell:Creating package script '/home/josemsotov/robot_ws/install/ldlidar_stl_ros2/share/ldlidar_stl_ros2/package.sh'
[1.415s] INFO:colcon.colcon_core.shell:Creating package script '/home/josemsotov/robot_ws/install/ldlidar_stl_ros2/share/ldlidar_stl_ros2/package.bash'
[1.416s] INFO:colcon.colcon_core.shell:Creating package script '/home/josemsotov/robot_ws/install/ldlidar_stl_ros2/share/ldlidar_stl_ros2/package.zsh'
[1.416s] Level 1:colcon.colcon_core.environment:create_file_with_runtime_dependencies(/home/josemsotov/robot_ws/install/ldlidar_stl_ros2/share/colcon-core/packages/ldlidar_stl_ros2)
[1.417s] Level 1:colcon.colcon_core.environment:create_environment_scripts_only(ldlidar_stl_ros2)
[1.417s] Level 1:colcon.colcon_core.environment:checking '/home/josemsotov/robot_ws/install/ldlidar_stl_ros2' for CMake module files
[1.418s] Level 1:colcon.colcon_core.environment:checking '/home/josemsotov/robot_ws/install/ldlidar_stl_ros2' for CMake config files
[1.418s] Level 1:colcon.colcon_core.shell:create_environment_hook('ldlidar_stl_ros2', 'cmake_prefix_path')
[1.419s] INFO:colcon.colcon_core.shell:Creating environment hook '/home/josemsotov/robot_ws/install/ldlidar_stl_ros2/share/ldlidar_stl_ros2/hook/cmake_prefix_path.ps1'
[1.419s] INFO:colcon.colcon_core.shell:Creating environment descriptor '/home/josemsotov/robot_ws/install/ldlidar_stl_ros2/share/ldlidar_stl_ros2/hook/cmake_prefix_path.dsv'
[1.420s] INFO:colcon.colcon_core.shell:Creating environment hook '/home/josemsotov/robot_ws/install/ldlidar_stl_ros2/share/ldlidar_stl_ros2/hook/cmake_prefix_path.sh'
[1.420s] Level 1:colcon.colcon_core.environment:checking '/home/josemsotov/robot_ws/install/ldlidar_stl_ros2/lib'
[1.420s] Level 1:colcon.colcon_core.environment:checking '/home/josemsotov/robot_ws/install/ldlidar_stl_ros2/bin'
[1.420s] Level 1:colcon.colcon_core.environment:checking '/home/josemsotov/robot_ws/install/ldlidar_stl_ros2/lib/pkgconfig/ldlidar_stl_ros2.pc'
[1.421s] Level 1:colcon.colcon_core.environment:checking '/home/josemsotov/robot_ws/install/ldlidar_stl_ros2/lib/python3.12/site-packages'
[1.421s] Level 1:colcon.colcon_core.environment:checking '/home/josemsotov/robot_ws/install/ldlidar_stl_ros2/bin'
[1.421s] INFO:colcon.colcon_core.shell:Creating package script '/home/josemsotov/robot_ws/install/ldlidar_stl_ros2/share/ldlidar_stl_ros2/package.ps1'
[1.422s] INFO:colcon.colcon_core.shell:Creating package descriptor '/home/josemsotov/robot_ws/install/ldlidar_stl_ros2/share/ldlidar_stl_ros2/package.dsv'
[1.423s] INFO:colcon.colcon_core.shell:Creating package script '/home/josemsotov/robot_ws/install/ldlidar_stl_ros2/share/ldlidar_stl_ros2/package.sh'
[1.423s] INFO:colcon.colcon_core.shell:Creating package script '/home/josemsotov/robot_ws/install/ldlidar_stl_ros2/share/ldlidar_stl_ros2/package.bash'
[1.424s] INFO:colcon.colcon_core.shell:Creating package script '/home/josemsotov/robot_ws/install/ldlidar_stl_ros2/share/ldlidar_stl_ros2/package.zsh'
[1.424s] Level 1:colcon.colcon_core.environment:create_file_with_runtime_dependencies(/home/josemsotov/robot_ws/install/ldlidar_stl_ros2/share/colcon-core/packages/ldlidar_stl_ros2)
[2.247s] DEBUG:colcon.colcon_core.event_handler.log_command:Invoking command in '/home/josemsotov/robot_ws/build/arduino_bridge_ros2': PYTHONPATH=/home/josemsotov/robot_ws/build/arduino_bridge_ros2/prefix_override:/usr/lib/python3/dist-packages/colcon_core/task/python/colcon_distutils_commands:/home/josemsotov/robot_ws/install/arduino_bridge_ros2/lib/python3.12/site-packages:${PYTHONPATH} /usr/bin/python3 -W ignore:setup.py install is deprecated -W ignore:easy_install command is deprecated setup.py develop --editable --build-directory /home/josemsotov/robot_ws/build/arduino_bridge_ros2/build --no-deps symlink_data
[3.181s] Level 1:colcon.colcon_core.shell:create_environment_hook('arduino_bridge_ros2', 'pythonpath_develop')
[3.181s] INFO:colcon.colcon_core.shell:Creating environment hook '/home/josemsotov/robot_ws/build/arduino_bridge_ros2/share/arduino_bridge_ros2/hook/pythonpath_develop.ps1'
[3.181s] DEBUG:colcon.colcon_core.event_handler.log_command:Invoked command in '/home/josemsotov/robot_ws/build/arduino_bridge_ros2' returned '0': PYTHONPATH=/home/josemsotov/robot_ws/build/arduino_bridge_ros2/prefix_override:/usr/lib/python3/dist-packages/colcon_core/task/python/colcon_distutils_commands:/home/josemsotov/robot_ws/install/arduino_bridge_ros2/lib/python3.12/site-packages:${PYTHONPATH} /usr/bin/python3 -W ignore:setup.py install is deprecated -W ignore:easy_install command is deprecated setup.py develop --editable --build-directory /home/josemsotov/robot_ws/build/arduino_bridge_ros2/build --no-deps symlink_data
[3.182s] INFO:colcon.colcon_core.shell:Creating environment descriptor '/home/josemsotov/robot_ws/build/arduino_bridge_ros2/share/arduino_bridge_ros2/hook/pythonpath_develop.dsv'
[3.183s] INFO:colcon.colcon_core.shell:Creating environment hook '/home/josemsotov/robot_ws/build/arduino_bridge_ros2/share/arduino_bridge_ros2/hook/pythonpath_develop.sh'
[3.183s] Level 1:colcon.colcon_core.environment:checking '/home/josemsotov/robot_ws/install/arduino_bridge_ros2' for CMake module files
[3.184s] Level 1:colcon.colcon_core.environment:checking '/home/josemsotov/robot_ws/install/arduino_bridge_ros2' for CMake config files
[3.184s] Level 1:colcon.colcon_core.environment:checking '/home/josemsotov/robot_ws/install/arduino_bridge_ros2/lib'
[3.185s] Level 1:colcon.colcon_core.environment:checking '/home/josemsotov/robot_ws/install/arduino_bridge_ros2/bin'
[3.185s] Level 1:colcon.colcon_core.environment:checking '/home/josemsotov/robot_ws/install/arduino_bridge_ros2/lib/pkgconfig/arduino_bridge_ros2.pc'
[3.185s] Level 1:colcon.colcon_core.environment:checking '/home/josemsotov/robot_ws/install/arduino_bridge_ros2/lib/python3.12/site-packages'
[3.185s] Level 1:colcon.colcon_core.shell:create_environment_hook('arduino_bridge_ros2', 'pythonpath')
[3.185s] INFO:colcon.colcon_core.shell:Creating environment hook '/home/josemsotov/robot_ws/install/arduino_bridge_ros2/share/arduino_bridge_ros2/hook/pythonpath.ps1'
[3.186s] INFO:colcon.colcon_core.shell:Creating environment descriptor '/home/josemsotov/robot_ws/install/arduino_bridge_ros2/share/arduino_bridge_ros2/hook/pythonpath.dsv'
[3.186s] INFO:colcon.colcon_core.shell:Creating environment hook '/home/josemsotov/robot_ws/install/arduino_bridge_ros2/share/arduino_bridge_ros2/hook/pythonpath.sh'
[3.187s] Level 1:colcon.colcon_core.environment:checking '/home/josemsotov/robot_ws/install/arduino_bridge_ros2/bin'
[3.187s] Level 1:colcon.colcon_core.environment:create_environment_scripts_only(arduino_bridge_ros2)
[3.188s] INFO:colcon.colcon_core.shell:Creating package script '/home/josemsotov/robot_ws/install/arduino_bridge_ros2/share/arduino_bridge_ros2/package.ps1'
[3.189s] INFO:colcon.colcon_core.shell:Creating package descriptor '/home/josemsotov/robot_ws/install/arduino_bridge_ros2/share/arduino_bridge_ros2/package.dsv'
[3.189s] INFO:colcon.colcon_core.shell:Creating package script '/home/josemsotov/robot_ws/install/arduino_bridge_ros2/share/arduino_bridge_ros2/package.sh'
[3.190s] INFO:colcon.colcon_core.shell:Creating package script '/home/josemsotov/robot_ws/install/arduino_bridge_ros2/share/arduino_bridge_ros2/package.bash'
[3.190s] INFO:colcon.colcon_core.shell:Creating package script '/home/josemsotov/robot_ws/install/arduino_bridge_ros2/share/arduino_bridge_ros2/package.zsh'
[3.190s] Level 1:colcon.colcon_core.environment:create_file_with_runtime_dependencies(/home/josemsotov/robot_ws/install/arduino_bridge_ros2/share/colcon-core/packages/arduino_bridge_ros2)
[3.191s] DEBUG:colcon.colcon_parallel_executor.executor.parallel:closing loop
[3.191s] DEBUG:colcon.colcon_parallel_executor.executor.parallel:loop closed
[3.191s] DEBUG:colcon.colcon_parallel_executor.executor.parallel:run_until_complete finished with '0'
[3.191s] DEBUG:colcon.colcon_core.event_reactor:joining thread
[3.199s] INFO:colcon.colcon_core.plugin_system:Skipping extension 'colcon_notification.desktop_notification.terminal_notifier': Not used on non-Darwin systems
[3.199s] INFO:colcon.colcon_core.plugin_system:Skipping extension 'colcon_notification.desktop_notification.win32': Not used on non-Windows systems
[3.199s] INFO:colcon.colcon_notification.desktop_notification:Sending desktop notification using 'notify2'
[3.220s] DEBUG:colcon.colcon_core.event_reactor:joined thread
[3.221s] INFO:colcon.colcon_core.shell:Creating prefix script '/home/josemsotov/robot_ws/install/local_setup.ps1'
[3.222s] INFO:colcon.colcon_core.shell:Creating prefix util module '/home/josemsotov/robot_ws/install/_local_setup_util_ps1.py'
[3.223s] INFO:colcon.colcon_core.shell:Creating prefix chain script '/home/josemsotov/robot_ws/install/setup.ps1'
[3.225s] INFO:colcon.colcon_core.shell:Creating prefix script '/home/josemsotov/robot_ws/install/local_setup.sh'
[3.225s] INFO:colcon.colcon_core.shell:Creating prefix util module '/home/josemsotov/robot_ws/install/_local_setup_util_sh.py'
[3.226s] INFO:colcon.colcon_core.shell:Creating prefix chain script '/home/josemsotov/robot_ws/install/setup.sh'
[3.227s] INFO:colcon.colcon_core.shell:Creating prefix script '/home/josemsotov/robot_ws/install/local_setup.bash'
[3.228s] INFO:colcon.colcon_core.shell:Creating prefix chain script '/home/josemsotov/robot_ws/install/setup.bash'
[3.229s] INFO:colcon.colcon_core.shell:Creating prefix script '/home/josemsotov/robot_ws/install/local_setup.zsh'
[3.230s] INFO:colcon.colcon_core.shell:Creating prefix chain script '/home/josemsotov/robot_ws/install/setup.zsh'
