[0.015s] Invoking command in '/home/josemsotov/robot_ws/build/my_package': CMAKE_PREFIX_PATH=${CMAKE_PREFIX_PATH}:/opt/ros/jazzy DEBUGINFOD_URLS=https://debuginfod.ubuntu.com /usr/bin/cmake /home/josemsotov/robot_ws/src/my_package -DAMENT_CMAKE_SYMLINK_INSTALL=1 -DCMAKE_INSTALL_PREFIX=/home/josemsotov/robot_ws/install/my_package
[0.621s] -- The C compiler identification is GNU 13.3.0
[1.058s] -- The CXX compiler identification is GNU 13.3.0
[1.102s] -- Detecting C compiler ABI info
[1.334s] -- Detecting C compiler ABI info - done
[1.351s] -- Check for working C compiler: /usr/bin/cc - skipped
[1.352s] -- Detecting C compile features
[1.353s] -- Detecting C compile features - done
[1.373s] -- Detecting CXX compiler ABI info
[1.599s] -- Detecting CXX compiler ABI info - done
[1.615s] -- Check for working CXX compiler: /usr/bin/c++ - skipped
[1.616s] -- Detecting CXX compile features
[1.616s] -- Detecting CXX compile features - done
[1.627s] -- Found ament_cmake: 2.5.4 (/opt/ros/jazzy/share/ament_cmake/cmake)
[1.910s] -- Found Python3: /usr/bin/python3 (found version "3.12.3") found components: Interpreter 
[2.094s] -- Override CMake install command with custom implementation using symlinks instead of copying resources
[2.181s] -- Found ament_lint_auto: 0.17.3 (/opt/ros/jazzy/share/ament_lint_auto/cmake)
[2.455s] -- Added test 'flake8' to check Python code syntax and style conventions
[2.455s] -- Configured 'flake8' exclude dirs and/or files: 
[2.458s] -- Added test 'lint_cmake' to check CMake code style
[2.460s] -- Added test 'pep257' to check Python code against some of the docstring style conventions in PEP 257
[2.466s] -- Added test 'xmllint' to check XML markup files
[2.471s] -- Configuring done (2.3s)
[2.479s] -- Generating done (0.0s)
[2.481s] -- Build files have been written to: /home/josemsotov/robot_ws/build/my_package
[2.494s] Invoked command in '/home/josemsotov/robot_ws/build/my_package' returned '0': CMAKE_PREFIX_PATH=${CMAKE_PREFIX_PATH}:/opt/ros/jazzy DEBUGINFOD_URLS=https://debuginfod.ubuntu.com /usr/bin/cmake /home/josemsotov/robot_ws/src/my_package -DAMENT_CMAKE_SYMLINK_INSTALL=1 -DCMAKE_INSTALL_PREFIX=/home/josemsotov/robot_ws/install/my_package
[2.497s] Invoking command in '/home/josemsotov/robot_ws/build/my_package': CMAKE_PREFIX_PATH=${CMAKE_PREFIX_PATH}:/opt/ros/jazzy DEBUGINFOD_URLS=https://debuginfod.ubuntu.com /usr/bin/cmake --build /home/josemsotov/robot_ws/build/my_package -- -j4 -l4
[2.586s] Invoked command in '/home/josemsotov/robot_ws/build/my_package' returned '0': CMAKE_PREFIX_PATH=${CMAKE_PREFIX_PATH}:/opt/ros/jazzy DEBUGINFOD_URLS=https://debuginfod.ubuntu.com /usr/bin/cmake --build /home/josemsotov/robot_ws/build/my_package -- -j4 -l4
[2.609s] Invoking command in '/home/josemsotov/robot_ws/build/my_package': CMAKE_PREFIX_PATH=${CMAKE_PREFIX_PATH}:/opt/ros/jazzy DEBUGINFOD_URLS=https://debuginfod.ubuntu.com /usr/bin/cmake --install /home/josemsotov/robot_ws/build/my_package
[2.633s] -- Install configuration: ""
[2.633s] -- Execute custom install script
[2.634s] -- Symlinking: /home/josemsotov/robot_ws/install/my_package/share/ament_index/resource_index/package_run_dependencies/my_package
[2.654s] -- Symlinking: /home/josemsotov/robot_ws/install/my_package/share/ament_index/resource_index/parent_prefix_path/my_package
[2.678s] -- Symlinking: /home/josemsotov/robot_ws/install/my_package/share/my_package/environment/ament_prefix_path.sh
[2.701s] -- Symlinking: /home/josemsotov/robot_ws/install/my_package/share/my_package/environment/ament_prefix_path.dsv
[2.723s] -- Symlinking: /home/josemsotov/robot_ws/install/my_package/share/my_package/environment/path.sh
[2.749s] -- Symlinking: /home/josemsotov/robot_ws/install/my_package/share/my_package/environment/path.dsv
[2.771s] -- Symlinking: /home/josemsotov/robot_ws/install/my_package/share/my_package/local_setup.bash
[2.793s] -- Symlinking: /home/josemsotov/robot_ws/install/my_package/share/my_package/local_setup.sh
[2.815s] -- Symlinking: /home/josemsotov/robot_ws/install/my_package/share/my_package/local_setup.zsh
[2.838s] -- Symlinking: /home/josemsotov/robot_ws/install/my_package/share/my_package/local_setup.dsv
[2.862s] -- Symlinking: /home/josemsotov/robot_ws/install/my_package/share/my_package/package.dsv
[2.885s] -- Symlinking: /home/josemsotov/robot_ws/install/my_package/share/ament_index/resource_index/packages/my_package
[2.907s] -- Symlinking: /home/josemsotov/robot_ws/install/my_package/share/my_package/cmake/my_packageConfig.cmake
[2.931s] -- Symlinking: /home/josemsotov/robot_ws/install/my_package/share/my_package/cmake/my_packageConfig-version.cmake
[2.954s] -- Symlinking: /home/josemsotov/robot_ws/install/my_package/share/my_package/package.xml
[2.979s] Invoked command in '/home/josemsotov/robot_ws/build/my_package' returned '0': CMAKE_PREFIX_PATH=${CMAKE_PREFIX_PATH}:/opt/ros/jazzy DEBUGINFOD_URLS=https://debuginfod.ubuntu.com /usr/bin/cmake --install /home/josemsotov/robot_ws/build/my_package
