running develop
running egg_info
creating arduino_bridge_ros2.egg-info
writing arduino_bridge_ros2.egg-info/PKG-INFO
writing dependency_links to arduino_bridge_ros2.egg-info/dependency_links.txt
writing entry points to arduino_bridge_ros2.egg-info/entry_points.txt
writing requirements to arduino_bridge_ros2.egg-info/requires.txt
writing top-level names to arduino_bridge_ros2.egg-info/top_level.txt
writing manifest file 'arduino_bridge_ros2.egg-info/SOURCES.txt'
reading manifest file 'arduino_bridge_ros2.egg-info/SOURCES.txt'
writing manifest file 'arduino_bridge_ros2.egg-info/SOURCES.txt'
running build_ext
Creating /home/josemsotov/robot_ws/install/arduino_bridge_ros2/lib/python3.12/site-packages/arduino-bridge-ros2.egg-link (link to .)
Installing arduino_node script to /home/josemsotov/robot_ws/install/arduino_bridge_ros2/lib/arduino_bridge_ros2

Installed /home/josemsotov/robot_ws/build/arduino_bridge_ros2
running symlink_data
creating /home/josemsotov/robot_ws/install/arduino_bridge_ros2/share
creating /home/josemsotov/robot_ws/install/arduino_bridge_ros2/share/ament_index
creating /home/josemsotov/robot_ws/install/arduino_bridge_ros2/share/ament_index/resource_index
creating /home/josemsotov/robot_ws/install/arduino_bridge_ros2/share/ament_index/resource_index/packages
symbolically linking /home/josemsotov/robot_ws/build/arduino_bridge_ros2/resource/arduino_bridge_ros2 -> /home/josemsotov/robot_ws/install/arduino_bridge_ros2/share/ament_index/resource_index/packages
creating /home/josemsotov/robot_ws/install/arduino_bridge_ros2/share/arduino_bridge_ros2
symbolically linking /home/josemsotov/robot_ws/build/arduino_bridge_ros2/package.xml -> /home/josemsotov/robot_ws/install/arduino_bridge_ros2/share/arduino_bridge_ros2
creating /home/josemsotov/robot_ws/install/arduino_bridge_ros2/share/arduino_bridge_ros2/launch
symbolically linking /home/josemsotov/robot_ws/build/arduino_bridge_ros2/launch/arduino_bridge.launch.py -> /home/josemsotov/robot_ws/install/arduino_bridge_ros2/share/arduino_bridge_ros2/launch
