[0.340s] Invoking command in '/home/josemsotov/robot_ws/build/ldlidar_stl_ros2': CMAKE_PREFIX_PATH=${CMAKE_PREFIX_PATH}:/opt/ros/jazzy DEBUGINFOD_URLS=https://debuginfod.ubuntu.com /usr/bin/cmake /home/josemsotov/robot_ws/src/ldlidar_stl_ros2 -DCMAKE_INSTALL_PREFIX=/home/josemsotov/robot_ws/install
[0.600s] -- The C compiler identification is GNU 13.3.0
[0.735s] -- The CXX compiler identification is GNU 13.3.0
[0.771s] -- Detecting C compiler ABI info
[0.988s] -- Detecting C compiler ABI info - done
[1.003s] -- Check for working C compiler: /usr/bin/cc - skipped
[1.003s] -- Detecting C compile features
[1.004s] -- Detecting C compile features - done
[1.020s] -- Detecting CXX compiler ABI info
[1.241s] -- Detecting CXX compiler ABI info - done
[1.257s] -- Check for working CXX compiler: /usr/bin/c++ - skipped
[1.257s] -- Detecting CXX compile features
[1.258s] -- Detecting CXX compile features - done
[1.276s] -- Found ament_cmake: 2.5.4 (/opt/ros/jazzy/share/ament_cmake/cmake)
[1.630s] -- Found Python3: /usr/bin/python3 (found version "3.12.3") found components: Interpreter 
[1.902s] -- Found rclcpp: 28.1.13 (/opt/ros/jazzy/share/rclcpp/cmake)
[2.009s] -- Found rosidl_generator_c: 4.6.6 (/opt/ros/jazzy/share/rosidl_generator_c/cmake)
[2.049s] -- Found rosidl_generator_cpp: 4.6.6 (/opt/ros/jazzy/share/rosidl_generator_cpp/cmake)
[2.093s] -- Using all available rosidl_typesupport_c: rosidl_typesupport_fastrtps_c;rosidl_typesupport_introspection_c
[2.137s] -- Using all available rosidl_typesupport_cpp: rosidl_typesupport_fastrtps_cpp;rosidl_typesupport_introspection_cpp
[2.339s] -- Found rmw_implementation_cmake: 7.3.2 (/opt/ros/jazzy/share/rmw_implementation_cmake/cmake)
[2.339s] -- Found rmw_fastrtps_cpp: 8.4.3 (/opt/ros/jazzy/share/rmw_fastrtps_cpp/cmake)
[2.535s] -- Found OpenSSL: /usr/lib/aarch64-linux-gnu/libcrypto.so (found version "3.0.13")  
[2.566s] -- Found FastRTPS: /opt/ros/jazzy/include (Required is at least version "2.13") 
[2.603s] -- Using RMW implementation 'rmw_fastrtps_cpp' as default
[2.750s] -- Found sensor_msgs: 5.3.6 (/opt/ros/jazzy/share/sensor_msgs/cmake)
[2.852s] -- Found ament_lint_auto: 0.17.3 (/opt/ros/jazzy/share/ament_lint_auto/cmake)
[3.063s] -- Added test 'copyright' to check source files copyright and LICENSE
[3.071s] -- Added test 'cppcheck' to perform static code analysis on C / C++ code
[3.072s] -- Configured cppcheck include dirs: /home/josemsotov/robot_ws/src/ldlidar_stl_ros2/include;/home/josemsotov/robot_ws/src/ldlidar_stl_ros2/ldlidar_driver/include/core;/home/josemsotov/robot_ws/src/ldlidar_stl_ros2/ldlidar_driver/include/dataprocess;/home/josemsotov/robot_ws/src/ldlidar_stl_ros2/ldlidar_driver/include/filter;/home/josemsotov/robot_ws/src/ldlidar_stl_ros2/ldlidar_driver/include/logger;/home/josemsotov/robot_ws/src/ldlidar_stl_ros2/ldlidar_driver/include/networkcom;/home/josemsotov/robot_ws/src/ldlidar_stl_ros2/ldlidar_driver/include/serialcom
[3.072s] -- Configured cppcheck exclude dirs and/or files: 
[3.079s] -- Added test 'cpplint' to check C / C++ code against the Google style
[3.079s] -- Configured cpplint exclude dirs and/or files: 
[3.081s] -- Added test 'flake8' to check Python code syntax and style conventions
[3.081s] -- Configured 'flake8' exclude dirs and/or files: 
[3.084s] -- Added test 'lint_cmake' to check CMake code style
[3.086s] -- Added test 'pep257' to check Python code against some of the docstring style conventions in PEP 257
[3.093s] -- Added test 'uncrustify' to check C / C++ code style
[3.093s] -- Configured uncrustify additional arguments: 
[3.095s] -- Added test 'xmllint' to check XML markup files
[3.098s] -- Configuring done (2.7s)
[3.117s] -- Generating done (0.0s)
[3.123s] -- Build files have been written to: /home/josemsotov/robot_ws/build/ldlidar_stl_ros2
[3.146s] Invoked command in '/home/josemsotov/robot_ws/build/ldlidar_stl_ros2' returned '0': CMAKE_PREFIX_PATH=${CMAKE_PREFIX_PATH}:/opt/ros/jazzy DEBUGINFOD_URLS=https://debuginfod.ubuntu.com /usr/bin/cmake /home/josemsotov/robot_ws/src/ldlidar_stl_ros2 -DCMAKE_INSTALL_PREFIX=/home/josemsotov/robot_ws/install
[3.147s] Invoking command in '/home/josemsotov/robot_ws/build/ldlidar_stl_ros2': CMAKE_PREFIX_PATH=${CMAKE_PREFIX_PATH}:/opt/ros/jazzy DEBUGINFOD_URLS=https://debuginfod.ubuntu.com /usr/bin/cmake --build /home/josemsotov/robot_ws/build/ldlidar_stl_ros2 -- -j4 -l4
[3.257s] [ 50%] Building CXX object CMakeFiles/ldlidar_stl_ros2_node.dir/ldlidar_driver/src/core/ldlidar_driver.cpp.o
[3.258s] [ 50%] Building CXX object CMakeFiles/ldlidar_stl_ros2_node.dir/src/demo.cpp.o
[3.258s] [ 50%] Building CXX object CMakeFiles/ldlidar_stl_ros2_node.dir/ldlidar_driver/src/filter/tofbf.cpp.o
[3.258s] [ 50%] Building CXX object CMakeFiles/ldlidar_stl_ros2_node.dir/ldlidar_driver/src/dataprocess/lipkg.cpp.o
[4.985s] [ 62%] Building CXX object CMakeFiles/ldlidar_stl_ros2_node.dir/ldlidar_driver/src/logger/log_module.cpp.o
[5.183s] [ 75%] Building CXX object CMakeFiles/ldlidar_stl_ros2_node.dir/ldlidar_driver/src/networkcom/network_socket_interface_linux.cpp.o
[5.554s] [ 87%] Building CXX object CMakeFiles/ldlidar_stl_ros2_node.dir/ldlidar_driver/src/serialcom/serial_interface_linux.cpp.o
[11.947s] [100%] Linking CXX executable ldlidar_stl_ros2_node
[12.469s] [100%] Built target ldlidar_stl_ros2_node
[12.491s] Invoked command in '/home/josemsotov/robot_ws/build/ldlidar_stl_ros2' returned '0': CMAKE_PREFIX_PATH=${CMAKE_PREFIX_PATH}:/opt/ros/jazzy DEBUGINFOD_URLS=https://debuginfod.ubuntu.com /usr/bin/cmake --build /home/josemsotov/robot_ws/build/ldlidar_stl_ros2 -- -j4 -l4
[12.493s] Invoking command in '/home/josemsotov/robot_ws/build/ldlidar_stl_ros2': CMAKE_PREFIX_PATH=${CMAKE_PREFIX_PATH}:/opt/ros/jazzy DEBUGINFOD_URLS=https://debuginfod.ubuntu.com /usr/bin/cmake --install /home/josemsotov/robot_ws/build/ldlidar_stl_ros2
[12.510s] -- Install configuration: ""
[12.512s] -- Installing: /home/josemsotov/robot_ws/install/lib/ldlidar_stl_ros2/ldlidar_stl_ros2_node
[12.517s] -- Set non-toolchain portion of runtime path of "/home/josemsotov/robot_ws/install/lib/ldlidar_stl_ros2/ldlidar_stl_ros2_node" to ""
[12.517s] -- Installing: /home/josemsotov/robot_ws/install/share/ldlidar_stl_ros2//launch
[12.518s] -- Installing: /home/josemsotov/robot_ws/install/share/ldlidar_stl_ros2//launch/viewer_stl27l.launch.py
[12.518s] -- Installing: /home/josemsotov/robot_ws/install/share/ldlidar_stl_ros2//launch/ld06.launch.py
[12.518s] -- Installing: /home/josemsotov/robot_ws/install/share/ldlidar_stl_ros2//launch/viewer_ld06.launch.py
[12.519s] -- Installing: /home/josemsotov/robot_ws/install/share/ldlidar_stl_ros2//launch/stl27l.launch.py
[12.519s] -- Installing: /home/josemsotov/robot_ws/install/share/ldlidar_stl_ros2//launch/ld19.launch.py
[12.519s] -- Installing: /home/josemsotov/robot_ws/install/share/ldlidar_stl_ros2//launch/viewer_ld19.launch.py
[12.520s] -- Installing: /home/josemsotov/robot_ws/install/share/ldlidar_stl_ros2//rviz2
[12.520s] -- Installing: /home/josemsotov/robot_ws/install/share/ldlidar_stl_ros2//rviz2/ldlidar.rviz
[12.521s] -- Installing: /home/josemsotov/robot_ws/install/share/ament_index/resource_index/package_run_dependencies/ldlidar_stl_ros2
[12.521s] -- Installing: /home/josemsotov/robot_ws/install/share/ament_index/resource_index/parent_prefix_path/ldlidar_stl_ros2
[12.522s] -- Installing: /home/josemsotov/robot_ws/install/share/ldlidar_stl_ros2/environment/ament_prefix_path.sh
[12.523s] -- Installing: /home/josemsotov/robot_ws/install/share/ldlidar_stl_ros2/environment/ament_prefix_path.dsv
[12.523s] -- Installing: /home/josemsotov/robot_ws/install/share/ldlidar_stl_ros2/environment/path.sh
[12.523s] -- Installing: /home/josemsotov/robot_ws/install/share/ldlidar_stl_ros2/environment/path.dsv
[12.524s] -- Installing: /home/josemsotov/robot_ws/install/share/ldlidar_stl_ros2/local_setup.bash
[12.524s] -- Installing: /home/josemsotov/robot_ws/install/share/ldlidar_stl_ros2/local_setup.sh
[12.525s] -- Installing: /home/josemsotov/robot_ws/install/share/ldlidar_stl_ros2/local_setup.zsh
[12.525s] -- Installing: /home/josemsotov/robot_ws/install/share/ldlidar_stl_ros2/local_setup.dsv
[12.525s] -- Installing: /home/josemsotov/robot_ws/install/share/ldlidar_stl_ros2/package.dsv
[12.526s] -- Installing: /home/josemsotov/robot_ws/install/share/ament_index/resource_index/packages/ldlidar_stl_ros2
[12.526s] -- Installing: /home/josemsotov/robot_ws/install/share/ldlidar_stl_ros2/cmake/ldlidar_stl_ros2Config.cmake
[12.526s] -- Installing: /home/josemsotov/robot_ws/install/share/ldlidar_stl_ros2/cmake/ldlidar_stl_ros2Config-version.cmake
[12.527s] -- Installing: /home/josemsotov/robot_ws/install/share/ldlidar_stl_ros2/package.xml
[12.530s] Invoked command in '/home/josemsotov/robot_ws/build/ldlidar_stl_ros2' returned '0': CMAKE_PREFIX_PATH=${CMAKE_PREFIX_PATH}:/opt/ros/jazzy DEBUGINFOD_URLS=https://debuginfod.ubuntu.com /usr/bin/cmake --install /home/josemsotov/robot_ws/build/ldlidar_stl_ros2
